<html>
<body>
<pre>
<h1>µVision Build Log</h1>
<h2>Tool Versions:</h2>
IDE-Version: ¦ÌVision V5.41.0.0
Copyright (C) 2024 ARM Ltd and ARM Germany GmbH. All rights reserved.
License Information: 1 1, 1, LIC=YA39H-WMC3A-HLLCL-095KD-Y9SMV-RJG1B
 
Tool Versions:
Toolchain:       MDK-ARM Plus  Version: 5.41.0.0
Toolchain Path:  G:\software_work\keil5.32\ARM\ARMCC\Bin
C Compiler:      Armcc.exe V5.06 update 7 (build 960)
Assembler:       Armasm.exe V5.06 update 7 (build 960)
Linker/Locator:  ArmLink.exe V5.06 update 7 (build 960)
Library Manager: ArmAr.exe V5.06 update 7 (build 960)
Hex Converter:   FromElf.exe V5.06 update 7 (build 960)
CPU DLL:         SARMCM3.DLL V5.41.0.0
Dialog DLL:      DCM.DLL V1.17.5.0
Target DLL:      STLink\ST-LINKIII-KEIL_SWO.dll V3.3.0.0
Dialog DLL:      TCM.DLL V1.56.4.0
 
<h2>Project:</h2>
G:\desktop\www.rocketpi.club\rocketpi_src\factory\MDK-ARM\rocketpi_factory.uvprojx
Project File Date:  12/21/2025

<h2>Output:</h2>
*** Using Compiler 'V5.06 update 7 (build 960)', folder: 'G:\software_work\keil5.32\ARM\ARMCC\Bin'
Rebuild target 'rocketpi_factory'
assembling startup_stm32f401xe.s...
compiling gpio.c...
compiling adc.c...
compiling stm32f4xx_hal_timebase_tim.c...
compiling sdio.c...
compiling spi.c...
compiling stm32f4xx_hal_msp.c...
compiling freertos.c...
compiling dma.c...
compiling stm32f4xx_it.c...
compiling i2c.c...
compiling usart.c...
compiling tim.c...
compiling main.c...
compiling stm32f4xx_hal_pcd_ex.c...
compiling stm32f4xx_hal_pcd.c...
compiling stm32f4xx_hal_tim.c...
compiling stm32f4xx_hal_rcc.c...
compiling stm32f4xx_hal_tim_ex.c...
compiling stm32f4xx_ll_usb.c...
compiling stm32f4xx_hal_rcc_ex.c...
compiling stm32f4xx_hal_flash.c...
compiling stm32f4xx_hal_flash_ramfunc.c...
compiling stm32f4xx_hal_flash_ex.c...
compiling stm32f4xx_hal_gpio.c...
compiling stm32f4xx_hal_dma_ex.c...
compiling stm32f4xx_hal_dma.c...
compiling stm32f4xx_hal_pwr.c...
compiling stm32f4xx_hal_pwr_ex.c...
compiling stm32f4xx_hal_cortex.c...
compiling stm32f4xx_hal.c...
compiling stm32f4xx_ll_adc.c...
compiling stm32f4xx_hal_exti.c...
compiling stm32f4xx_hal_adc.c...
compiling stm32f4xx_hal_adc_ex.c...
compiling stm32f4xx_hal_i2c_ex.c...
compiling stm32f4xx_hal_mmc.c...
compiling stm32f4xx_ll_sdmmc.c...
compiling lv_demo_benchmark.c...
compiling img_benchmark_avatar.c...
compiling stm32f4xx_hal_sd.c...
compiling system_stm32f4xx.c...
compiling img_benchmark_cogwheel_alpha256.c...
compiling stm32f4xx_hal_spi.c...
compiling stm32f4xx_hal_i2c.c...
compiling img_benchmark_cogwheel_argb.c...
compiling stm32f4xx_hal_uart.c...
compiling img_benchmark_cogwheel_indexed16.c...
compiling img_benchmark_cogwheel_rgb.c...
compiling lv_font_benchmark_montserrat_12_compr_az.c.c...
compiling lv_font_benchmark_montserrat_16_compr_az.c.c...
compiling lv_font_benchmark_montserrat_28_compr_az.c.c...
compiling lv_demo_flex_layout_ctrl_pad.c...
compiling lv_demo_flex_layout_flex_loader.c...
compiling lv_demo_flex_layout_main.c...
compiling lv_demo_flex_layout_view.c...
compiling lv_demo_flex_layout_view_child_node.c...
compiling lv_demo_flex_layout_view_ctrl_pad.c...
compiling lv_demo_keypad_encoder.c...
compiling img_multilang_avatar_1.c...
compiling img_multilang_avatar_2.c...
compiling img_multilang_avatar_3.c...
compiling img_multilang_avatar_4.c...
compiling img_multilang_avatar_5.c...
compiling img_multilang_avatar_6.c...
compiling img_multilang_avatar_7.c...
compiling img_multilang_avatar_8.c...
compiling img_multilang_avatar_9.c...
compiling img_multilang_avatar_10.c...
compiling img_multilang_avatar_11.c...
compiling img_multilang_avatar_12.c...
compiling img_multilang_avatar_13.c...
compiling img_multilang_avatar_14.c...
compiling img_multilang_avatar_15.c...
compiling img_multilang_avatar_16.c...
compiling img_multilang_avatar_17.c...
compiling img_multilang_avatar_18.c...
compiling img_multilang_avatar_19.c...
compiling img_multilang_avatar_22.c...
compiling img_multilang_avatar_25.c...
compiling img_emoji_artist_palette.c...
compiling img_emoji_books.c...
compiling img_emoji_camera_with_flash.c...
compiling img_emoji_cat_face.c...
compiling img_emoji_deciduous_tree.c...
compiling img_emoji_dog_face.c...
compiling img_emoji_earth_globe_europe_africa.c...
compiling img_emoji_flexed_biceps.c...
compiling img_emoji_movie_camera.c...
compiling img_emoji_red_heart.c...
compiling img_emoji_rocket.c...
compiling img_emoji_soccer_ball.c...
compiling font_multilang_large.c...
compiling img_multilang_like.c...
compiling font_multilang_small.c...
compiling lv_demo_multilang.c...
compiling img_lv_demo_music_btn_corner_large.c...
compiling img_lv_demo_music_btn_list_pause.c...
compiling img_lv_demo_music_btn_list_pause_large.c...
compiling img_lv_demo_music_btn_list_play.c...
compiling img_lv_demo_music_btn_list_play_large.c...
compiling img_lv_demo_music_btn_loop.c...
compiling img_lv_demo_music_btn_loop_large.c...
compiling img_lv_demo_music_btn_next.c...
compiling img_lv_demo_music_btn_next_large.c...
compiling img_lv_demo_music_btn_pause.c...
compiling img_lv_demo_music_btn_pause_large.c...
compiling img_lv_demo_music_btn_play.c...
compiling img_lv_demo_music_btn_play_large.c...
compiling img_lv_demo_music_btn_prev.c...
compiling img_lv_demo_music_btn_prev_large.c...
compiling img_lv_demo_music_btn_rnd.c...
compiling img_lv_demo_music_btn_rnd_large.c...
compiling img_lv_demo_music_corner_left.c...
compiling img_lv_demo_music_corner_left_large.c...
compiling img_lv_demo_music_corner_right.c...
compiling img_lv_demo_music_corner_right_large.c...
compiling img_lv_demo_music_cover_1.c...
compiling img_lv_demo_music_cover_2.c...
compiling img_lv_demo_music_cover_1_large.c...
compiling img_lv_demo_music_cover_3.c...
compiling img_lv_demo_music_cover_2_large.c...
compiling img_lv_demo_music_icon_1.c...
compiling img_lv_demo_music_cover_3_large.c...
compiling img_lv_demo_music_icon_1_large.c...
compiling img_lv_demo_music_icon_2.c...
compiling img_lv_demo_music_icon_2_large.c...
compiling img_lv_demo_music_icon_3.c...
compiling img_lv_demo_music_icon_3_large.c...
compiling img_lv_demo_music_icon_4.c...
compiling img_lv_demo_music_icon_4_large.c...
compiling img_lv_demo_music_list_border.c...
compiling img_lv_demo_music_list_border_large.c...
compiling img_lv_demo_music_logo.c...
compiling img_lv_demo_music_slider_knob.c...
compiling img_lv_demo_music_slider_knob_large.c...
compiling img_lv_demo_music_wave_bottom.c...
compiling img_lv_demo_music_wave_bottom_large.c...
compiling img_lv_demo_music_wave_top.c...
compiling img_lv_demo_music_wave_top_large.c...
compiling lv_demo_music.c...
compiling lv_demo_music_list.c...
compiling lv_demo_music_main.c...
compiling img_render_arc_bg.c...
compiling img_render_lvgl_logo_argb8888.c...
compiling img_render_lvgl_logo_i1.c...
compiling img_render_lvgl_logo_l8.c...
compiling img_render_lvgl_logo_rgb565.c...
compiling img_render_lvgl_logo_rgb888.c...
compiling img_render_lvgl_logo_xrgb8888.c...
compiling lv_demo_render.c...
compiling lv_demo_scroll.c...
compiling lv_demo_stress.c...
compiling lv_demo_transform.c...
compiling img_transform_avatar_15.c...
compiling img_demo_vector_avatar.c...
compiling lv_demo_vector_graphic.c...
compiling img_demo_widgets_avatar.c...
compiling img_clothes.c...
compiling img_demo_widgets_needle.c...
compiling img_lvgl_logo.c...
compiling lv_demo_widgets.c...
compiling lv_demos.c...
compiling lv_example_anim_1.c...
compiling lv_example_anim_2.c...
compiling lv_example_anim_3.c...
compiling lv_example_anim_timeline_1.c...
compiling img_emoji_F617.c...
compiling animimg001.c...
compiling animimg002.c...
compiling animimg003.c...
compiling img_caret_down.c...
compiling img_cogwheel_indexed16.c...
compiling img_cogwheel_argb.c...
compiling img_cogwheel_rgb.c...
compiling img_hand.c...
compiling img_skew_strip.c...
compiling img_star.c...
compiling imgbtn_left.c...
compiling imgbtn_mid.c...
compiling imgbtn_right.c...
compiling lv_example_event_1.c...
compiling lv_example_event_2.c...
compiling lv_example_event_3.c...
compiling lv_example_event_4.c...
compiling lv_example_get_started_1.c...
compiling lv_example_get_started_2.c...
compiling lv_example_get_started_3.c...
compiling lv_example_get_started_4.c...
compiling lv_example_flex_1.c...
compiling lv_example_flex_2.c...
compiling lv_example_flex_3.c...
compiling lv_example_flex_4.c...
compiling lv_example_flex_5.c...
compiling lv_example_flex_6.c...
compiling lv_example_grid_1.c...
compiling lv_example_grid_2.c...
compiling lv_example_grid_3.c...
compiling lv_example_grid_4.c...
compiling lv_example_grid_5.c...
compiling lv_example_grid_6.c...
compiling lv_example_barcode_1.c...
compiling lv_example_bmp_1.c...
compiling lv_example_ffmpeg_1.c...
compiling lv_example_ffmpeg_2.c...
compiling lv_example_freetype_1.c...
compiling img_bulb_gif.c...
compiling lv_example_gif_1.c...
compiling lv_example_libjpeg_turbo_1.c...
compiling img_png_demo.c...
compiling lv_example_libpng_1.c...
compiling img_wink_png.c...
compiling lv_example_lodepng_1.c...
compiling lv_example_qrcode_1.c...
compiling lv_example_rlottie_1.c...
compiling lv_example_rlottie_2.c...
compiling lv_example_rlottie_approve.c...
compiling lv_example_tiny_ttf_1.c...
compiling lv_example_tiny_ttf_2.c...
compiling lv_example_tiny_ttf_3.c...
compiling ubuntu_font.c...
compiling lv_example_tjpgd_1.c...
compiling lv_example_file_explorer_1.c...
compiling lv_example_file_explorer_2.c...
compiling lv_example_file_explorer_3.c...
compiling lv_example_fragment_1.c...
compiling lv_example_fragment_2.c...
compiling lv_example_gridnav_1.c...
compiling lv_example_gridnav_2.c...
compiling lv_example_gridnav_3.c...
compiling lv_example_gridnav_4.c...
compiling lv_example_gridnav_5.c...
compiling lv_example_ime_pinyin_1.c...
compiling lv_example_ime_pinyin_2.c...
compiling lv_example_imgfont_1.c...
compiling lv_example_monkey_1.c...
compiling lv_example_monkey_2.c...
compiling lv_example_monkey_3.c...
compiling lv_example_observer_1.c...
compiling lv_example_observer_2.c...
compiling lv_example_observer_3.c...
compiling lv_example_observer_4.c...
compiling lv_example_observer_5.c...
compiling lv_example_observer_6.c...
compiling lv_example_snapshot_1.c...
compiling lv_example_scroll_1.c...
compiling lv_example_scroll_2.c...
compiling lv_example_scroll_3.c...
compiling lv_example_scroll_4.c...
compiling lv_example_scroll_5.c...
compiling lv_example_scroll_6.c...
compiling lv_example_style_1.c...
compiling lv_example_style_2.c...
compiling lv_example_style_3.c...
compiling lv_example_style_4.c...
compiling lv_example_style_5.c...
compiling lv_example_style_6.c...
compiling lv_example_style_7.c...
compiling lv_example_style_8.c...
compiling lv_example_style_9.c...
compiling lv_example_style_10.c...
compiling lv_example_style_11.c...
compiling lv_example_style_12.c...
compiling lv_example_style_13.c...
compiling lv_example_style_14.c...
compiling lv_example_style_15.c...
compiling lv_example_style_16.c...
compiling lv_example_style_17.c...
compiling lv_example_style_18.c...
compiling lv_example_animimg_1.c...
compiling lv_example_arc_1.c...
compiling lv_example_arc_2.c...
compiling lv_example_bar_1.c...
compiling lv_example_bar_2.c...
compiling lv_example_bar_3.c...
compiling lv_example_bar_4.c...
compiling lv_example_bar_5.c...
compiling lv_example_bar_6.c...
compiling lv_example_bar_7.c...
compiling lv_example_button_1.c...
compiling lv_example_button_2.c...
compiling lv_example_button_3.c...
compiling lv_example_buttonmatrix_1.c...
compiling lv_example_buttonmatrix_2.c...
compiling lv_example_buttonmatrix_3.c...
compiling lv_example_calendar_1.c...
compiling lv_example_calendar_2.c...
compiling lv_example_canvas_1.c...
compiling lv_example_canvas_2.c...
compiling lv_example_canvas_3.c...
compiling lv_example_canvas_4.c...
compiling lv_example_canvas_5.c...
compiling lv_example_canvas_6.c...
compiling lv_example_canvas_7.c...
compiling lv_example_canvas_8.c...
compiling lv_example_chart_1.c...
compiling lv_example_chart_2.c...
compiling lv_example_chart_3.c...
compiling lv_example_chart_4.c...
compiling lv_example_chart_5.c...
compiling lv_example_chart_6.c...
compiling lv_example_chart_7.c...
compiling lv_example_chart_8.c...
compiling lv_example_checkbox_1.c...
compiling lv_example_checkbox_2.c...
compiling lv_example_dropdown_1.c...
compiling lv_example_dropdown_3.c...
compiling lv_example_dropdown_2.c...
compiling lv_example_image_1.c...
compiling lv_example_image_2.c...
compiling lv_example_image_3.c...
compiling lv_example_image_4.c...
compiling lv_example_imagebutton_1.c...
compiling lv_example_keyboard_1.c...
compiling lv_example_keyboard_2.c...
compiling lv_example_label_1.c...
compiling lv_example_label_2.c...
compiling lv_example_label_3.c...
compiling lv_example_label_4.c...
compiling lv_example_label_5.c...
compiling lv_example_led_1.c...
compiling lv_example_line_1.c...
compiling lv_example_list_1.c...
compiling lv_example_list_2.c...
compiling lv_example_lottie_1.c...
compiling lv_example_lottie_approve.c...
compiling lv_example_lottie_2.c...
compiling lv_example_menu_1.c...
compiling lv_example_menu_3.c...
compiling lv_example_menu_2.c...
compiling lv_example_menu_4.c...
compiling lv_example_msgbox_1.c...
compiling lv_example_msgbox_2.c...
compiling lv_example_obj_1.c...
compiling lv_example_menu_5.c...
compiling lv_example_obj_2.c...
compiling lv_example_roller_1.c...
compiling lv_example_roller_2.c...
compiling lv_example_roller_3.c...
compiling lv_example_scale_1.c...
compiling lv_example_scale_2.c...
compiling lv_example_scale_3.c...
compiling lv_example_scale_4.c...
compiling lv_example_scale_5.c...
compiling lv_example_scale_6.c...
compiling lv_example_slider_1.c...
compiling lv_example_slider_2.c...
compiling lv_example_scale_7.c...
compiling lv_example_slider_3.c...
compiling lv_example_slider_4.c...
compiling lv_example_span_1.c...
compiling lv_example_spinbox_1.c...
compiling lv_example_spinner_1.c...
compiling lv_example_switch_1.c...
compiling lv_example_table_1.c...
compiling lv_example_table_2.c...
compiling lv_example_tabview_1.c...
compiling lv_example_tabview_2.c...
compiling lv_example_textarea_1.c...
compiling lv_example_textarea_2.c...
compiling lv_example_textarea_3.c...
compiling lv_example_tileview_1.c...
compiling lv_example_win_1.c...
compiling lv_init.c...
compiling lv_group.c...
compiling lv_obj_class.c...
compiling lv_port_disp.c...
compiling lv_obj.c...
compiling lv_port_indev.c...
compiling lv_obj_draw.c...
compiling lv_obj_event.c...
compiling lv_obj_id_builtin.c...
compiling lv_obj_property.c...
compiling lv_obj_pos.c...
compiling lv_obj_scroll.c...
compiling lv_obj_style_gen.c...
compiling lv_obj_tree.c...
compiling lv_obj_style.c...
compiling lv_refr.c...
compiling lv_draw_buf_pxp.c...
compiling lv_draw_pxp_layer.c...
compiling lv_draw_pxp.c...
compiling lv_draw_pxp_fill.c...
compiling lv_pxp_osa.c...
compiling lv_pxp_utils.c...
compiling lv_draw_pxp_img.c...
compiling lv_draw_buf_vglite.c...
compiling lv_pxp_cfg.c...
compiling lv_draw_vglite.c...
compiling lv_draw_vglite_arc.c...
compiling lv_draw_vglite_fill.c...
compiling lv_draw_vglite_border.c...
compiling lv_draw_vglite_img.c...
compiling lv_display.c...
compiling lv_draw_vglite_label.c...
compiling lv_draw_vglite_line.c...
compiling lv_draw_vglite_layer.c...
compiling lv_draw_vglite_triangle.c...
compiling lv_vglite_buf.c...
compiling lv_vglite_matrix.c...
compiling lv_vglite_path.c...
compiling lv_vglite_utils.c...
compiling lv_draw_dave2d.c...
compiling lv_draw_dave2d_arc.c...
compiling lv_draw_dave2d_border.c...
compiling lv_draw_dave2d_fill.c...
compiling lv_draw_dave2d_image.c...
compiling lv_draw_dave2d_label.c...
compiling lv_draw_dave2d_line.c...
compiling lv_draw_dave2d_mask_rectangle.c...
compiling lv_draw_dave2d_triangle.c...
compiling lv_draw_dave2d_utils.c...
compiling lv_draw_sdl.c...
compiling lv_draw_sw_blend.c...
compiling lv_draw_sw_blend_to_al88.c...
compiling lv_draw_sw_blend_to_argb8888.c...
compiling lv_draw_sw_blend_to_l8.c...
compiling lv_draw_sw_blend_to_i1.c...
compiling lv_draw_sw_blend_to_rgb565.c...
compiling lv_draw_sw_blend_to_rgb888.c...
compiling lv_draw_sw.c...
compiling lv_draw_sw_arc.c...
compiling lv_draw_sw_border.c...
compiling lv_draw_sw_gradient.c...
compiling lv_draw_sw_fill.c...
compiling lv_draw_sw_box_shadow.c...
compiling lv_draw_sw_letter.c...
compiling lv_draw_sw_img.c...
compiling lv_draw_sw_line.c...
compiling lv_draw_sw_mask_rect.c...
compiling lv_draw_buf_vg_lite.c...
compiling lv_draw_sw_transform.c...
compiling lv_draw_sw_vector.c...
compiling lv_draw_vg_lite.c...
compiling lv_draw_sw_triangle.c...
compiling lv_draw_sw_mask.c...
compiling lv_draw_vg_lite_arc.c...
compiling lv_draw_vg_lite_border.c...
compiling lv_draw_vg_lite_box_shadow.c...
compiling lv_draw_vg_lite_fill.c...
compiling lv_draw_vg_lite_img.c...
compiling lv_draw_vg_lite_layer.c...
compiling lv_draw_vg_lite_label.c...
compiling lv_draw_vg_lite_line.c...
compiling lv_draw_vg_lite_mask_rect.c...
compiling lv_draw_vg_lite_triangle.c...
compiling lv_draw_vg_lite_vector.c...
compiling lv_vg_lite_decoder.c...
compiling lv_vg_lite_math.c...
compiling lv_vg_lite_grad.c...
compiling lv_vg_lite_path.c...
compiling lv_vg_lite_pending.c...
compiling lv_vg_lite_stroke.c...
compiling lv_vg_lite_utils.c...
compiling lv_draw.c...
compiling lv_draw_arc.c...
compiling lv_draw_line.c...
compiling lv_draw_image.c...
compiling lv_draw_mask.c...
compiling lv_draw_buf.c...
compiling lv_draw_label.c...
compiling lv_draw_rect.c...
compiling lv_draw_vector.c...
compiling lv_draw_triangle.c...
compiling lv_evdev.c...
compiling lv_image_decoder.c...
compiling lv_glfw_window.c...
compiling lv_opengles_debug.c...
compiling lv_opengles_driver.c...
compiling lv_opengles_texture.c...
compiling lv_libinput.c...
compiling lv_xkb.c...
compiling lv_nuttx_entry.c...
compiling lv_nuttx_cache.c...
compiling lv_nuttx_fbdev.c...
compiling lv_nuttx_lcd.c...
compiling lv_nuttx_image_cache.c...
compiling lv_nuttx_touchscreen.c...
compiling lv_nuttx_profiler.c...
compiling lv_nuttx_libuv.c...
compiling lv_qnx.c...
compiling lv_sdl_keyboard.c...
compiling lv_sdl_mouse.c...
compiling lv_sdl_mousewheel.c...
compiling lv_sdl_window.c...
compiling lv_wayland.c...
compiling lv_wayland_smm.c...
compiling lv_windows_context.c...
compiling lv_windows_display.c...
compiling lv_windows_input.c...
compiling lv_x11_display.c...
compiling lv_x11_input.c...
compiling lv_font.c...
compiling lv_font_dejavu_16_persian_hebrew.c...
compiling lv_binfont_loader.c...
compiling lv_font_fmt_txt.c...
compiling lv_font_montserrat_8.c...
compiling lv_font_montserrat_10.c...
compiling lv_font_montserrat_12.c...
compiling lv_font_montserrat_14.c...
compiling lv_font_montserrat_16.c...
compiling lv_font_montserrat_18.c...
compiling lv_font_montserrat_20.c...
compiling lv_font_montserrat_22.c...
compiling lv_font_montserrat_24.c...
compiling lv_font_montserrat_26.c...
compiling lv_font_montserrat_28.c...
compiling lv_font_montserrat_28_compressed.c...
compiling lv_font_montserrat_30.c...
compiling lv_font_montserrat_32.c...
compiling lv_font_montserrat_34.c...
compiling lv_font_montserrat_36.c...
compiling lv_font_montserrat_38.c...
compiling lv_font_montserrat_40.c...
compiling lv_font_montserrat_42.c...
compiling lv_font_montserrat_44.c...
compiling lv_font_montserrat_46.c...
compiling lv_font_montserrat_48.c...
compiling lv_font_simsun_14_cjk.c...
compiling lv_font_simsun_16_cjk.c...
compiling lv_font_unscii_8.c...
compiling lv_font_unscii_16.c...
compiling lv_indev_scroll.c...
compiling lv_flex.c...
compiling lv_layout.c...
compiling lv_indev.c...
compiling code128.c...
compiling lv_barcode.c...
compiling lv_grid.c...
compiling lv_ffmpeg.c...
compiling lv_freetype.c...
compiling lv_bmp.c...
compiling lv_bin_decoder.c...
compiling lv_freetype_glyph.c...
compiling lv_freetype_image.c...
compiling lv_freetype_outline.c...
compiling lv_fs_cbfs.c...
compiling lv_ftsystem.c...
compiling lv_fs_fatfs.c...
compiling lv_fs_littlefs.c...
compiling lv_fs_memfs.c...
compiling lv_fs_posix.c...
compiling lv_fs_stdio.c...
compiling gifdec.c...
compiling lv_fs_win32.c...
compiling lv_gif.c...
compiling lv_libjpeg_turbo.c...
compiling lv_libpng.c...
compiling lz4.c...
compiling lodepng.c...
compiling lv_lodepng.c...
compiling lv_qrcode.c...
compiling lv_rle.c...
compiling qrcodegen.c...
compiling lv_rlottie.c...
compiling tjpgd.c...
compiling lv_tiny_ttf.c...
compiling lv_tjpgd.c...
compiling lv_cache.c...
compiling lv_cache_entry.c...
compiling lv_cache_lru_rb.c...
compiling lv_image_cache.c...
compiling lv_image_header_cache.c...
compiling lv_array.c...
compiling lv_anim.c...
compiling lv_anim_timeline.c...
compiling lv_async.c...
compiling lv_area.c...
compiling lv_bidi.c...
compiling lv_color_op.c...
compiling lv_color.c...
compiling lv_event.c...
compiling lv_ll.c...
compiling lv_log.c...
compiling lv_fs.c...
compiling lv_lru.c...
compiling lv_matrix.c...
compiling lv_math.c...
compiling lv_palette.c...
compiling lv_rb.c...
compiling lv_profiler_builtin.c...
compiling lv_style.c...
compiling lv_templ.c...
compiling lv_style_gen.c...
compiling lv_text_ap.c...
compiling lv_utils.c...
compiling lv_text.c...
compiling lv_timer.c...
compiling lv_cmsis_rtos2.c...
compiling lv_freertos.c...
compiling lv_mqx.c...
compiling lv_os.c...
compiling lv_os_none.c...
compiling lv_pthread.c...
compiling lv_rtthread.c...
compiling lv_windows.c...
compiling lv_file_explorer.c...
compiling lv_fragment.c...
compiling lv_fragment_manager.c...
compiling lv_gridnav.c...
compiling lv_ime_pinyin.c...
compiling lv_monkey.c...
compiling lv_imgfont.c...
compiling lv_snapshot.c...
compiling lv_sysmon.c...
compiling vg_lite_matrix.c...
compiling lv_observer.c...
compiling lv_mem_core_builtin.c...
compiling lv_sprintf_builtin.c...
compiling lv_string_builtin.c...
compiling lv_mem_core_clib.c...
compiling lv_sprintf_clib.c...
compiling lv_tlsf.c...
compiling lv_string_clib.c...
compiling lv_mem_core_micropython.c...
compiling lv_mem_core_rtthread.c...
compiling lv_sprintf_rtthread.c...
compiling lv_string_rtthread.c...
compiling lv_mem.c...
compiling lv_theme_mono.c...
compiling lv_tick.c...
compiling lv_animimage.c...
compiling lv_theme.c...
compiling lv_theme_simple.c...
compiling lv_button.c...
compiling lv_bar.c...
compiling lv_arc.c...
compiling lv_theme_default.c...
compiling lv_calendar_chinese.c...
compiling lv_calendar.c...
compiling lv_calendar_header_arrow.c...
compiling lv_buttonmatrix.c...
compiling lv_calendar_header_dropdown.c...
compiling lv_canvas.c...
compiling lv_checkbox.c...
compiling lv_dropdown.c...
compiling lv_imagebutton.c...
compiling lv_image.c...
compiling lv_chart.c...
compiling lv_keyboard.c...
compiling lv_led.c...
compiling lv_lottie.c...
compiling lv_label.c...
compiling lv_list.c...
compiling lv_line.c...
compiling lv_objx_templ.c...
compiling lv_menu.c...
compiling lv_msgbox.c...
compiling lv_dropdown_properties.c...
compiling lv_image_properties.c...
compiling lv_keyboard_properties.c...
compiling lv_label_properties.c...
compiling lv_obj_properties.c...
compiling lv_roller_properties.c...
compiling lv_style_properties.c...
compiling lv_textarea_properties.c...
compiling lv_roller.c...
compiling lv_slider.c...
compiling lv_spinbox.c...
compiling lv_scale.c...
compiling lv_switch.c...
compiling lv_span.c...
compiling lv_spinner.c...
compiling lv_tileview.c...
compiling lv_tabview.c...
compiling lv_table.c...
compiling lv_win.c...
compiling rocket_cloud_80x80_01.c...
compiling lv_textarea.c...
compiling rocket_cloud_80x80_02.c...
compiling rocket_cloud_80x80_03.c...
compiling rocket_cloud_80x80_04.c...
compiling rocket_cloud_80x80_05.c...
compiling rocket_cloud_80x80_06.c...
compiling rocket_cloud_80x80_07.c...
compiling rocket_cloud_80x80_08.c...
compiling rocket_cloud_80x80_09.c...
compiling rocket_cloud_80x80_10.c...
compiling humidity_30x30.c...
compiling temp_30x30.c...
compiling bsp_driver_sd.c...
compiling sd_diskio.c...
compiling fatfs_platform.c...
compiling fatfs.c...
compiling diskio.c...
compiling ff_gen_drv.c...
compiling syscall.c...
compiling usb_device.c...
compiling usbd_desc.c...
compiling usbd_cdc_if.c...
compiling usbd_conf.c...
compiling ff.c...
compiling usbd_core.c...
compiling croutine.c...
compiling usbd_ctlreq.c...
compiling usbd_ioreq.c...
compiling event_groups.c...
compiling list.c...
compiling usbd_cdc.c...
compiling queue.c...
compiling stream_buffer.c...
compiling timers.c...
compiling heap_4.c...
compiling tasks.c...
compiling port.c...
compiling unit_test_shell.c...
compiling unit_test_button.c...
compiling cmsis_os2.c...
compiling unit_test_led.c...
compiling unit_test_buzzer.c...
compiling unit_test_aht30.c...
compiling unit_test_at24cxx.c...
compiling unit_test_card.c...
compiling unit_test_irda.c...
compiling unit_test_usb_cdc.c...
compiling unit_test_admin.c...
compiling unit_test_extern_io_.c...
compiling app.c...
compiling unit_test_lvgl.c...
compiling driver_at24cxx.c...
compiling debug_driver.c...
compiling driver_at24cxx_basic.c...
compiling driver_aht30.c...
compiling driver_at24cxx_read_test.c...
compiling driver_ir_remote_basic.c...
compiling driver_ir_remote.c...
compiling driver_at24cxx_interface.c...
compiling driver_ir_remote_receive_test.c...
compiling soft_i2c.c...
compiling driver_ir_remote_interface.c...
compiling st7789.c...
compiling driver_adc_joystick_lcd.c...
compiling multi_button.c...
compiling microrl.c...
compiling driver_adc_joystick_test.c...
compiling driver_buzzer_test.c...
compiling elog_async.c...
compiling elog_buf.c...
compiling elog.c...
compiling elog_utils.c...
compiling elog_port.c...
linking...
Program Size: Code=225824 RO-data=222428 RW-data=1068 ZI-data=96660  
FromELF: creating hex file...
"rocketpi_factory\rocketpi_factory.axf" - 0 Error(s), 0 Warning(s).

<h2>Software Packages used:</h2>

Package Vendor: ARM
                https://www.keil.com/pack/ARM.CMSIS.6.2.0.pack
                ARM::CMSIS@6.2.0
                CMSIS (Common Microcontroller Software Interface Standard)
   * Component: CORE Version: 6.1.1

Package Vendor: Keil
                https://www.keil.com/pack/Keil.STM32F4xx_DFP.3.1.0.pack
                Keil::STM32F4xx_DFP@3.1.0
                STMicroelectronics STM32F4 Series Device Support

<h2>Collection of Component include folders:</h2>
  ./RTE/_rocketpi_factory
  G:/software_work/keil5.32/Packs/ARM/CMSIS/6.2.0/CMSIS/Core/Include

<h2>Collection of Component Files used:</h2>

   * Component: ARM::CMSIS:CORE@6.1.1
      Include file:  CMSIS/Core/Include/tz_context.h
Build Time Elapsed:  00:00:44
</pre>
</body>
</html>
