<!doctype html public "-//w3c//dtd html 4.0 transitional//en">
<html><head>
<title>Static Call Graph - [rocketpi_crc\rocketpi_crc.axf]</title></head>
<body><HR>
<H1>Static Call Graph for image rocketpi_crc\rocketpi_crc.axf</H1><HR>
<BR><P>#&#060CALLGRAPH&#062# ARM Linker, 5060960: Last Updated: Sun Dec 14 00:13:42 2025
<BR><P>
<H3>Maximum Stack Usage =        304 bytes + Unknown(Functions without stacksize, Cycles, Untraceable Function Pointers)</H3><H3>
Call chain for Maximum Stack Depth:</H3>
__rt_entry_main &rArr; main &rArr; CRC_LogResults &rArr; __2snprintf &rArr; _printf_char_common &rArr; __printf
<P>
<H3>
Functions with no stack information
</H3><UL>
 <LI><a href="#[83]">__user_initial_stackheap</a>
</UL>
</UL>
<P>
<H3>
Mutually Recursive functions
</H3> <LI><a href="#[1f]">ADC_IRQHandler</a>&nbsp;&nbsp;&nbsp;&rArr;&nbsp;&nbsp;&nbsp;<a href="#[1f]">ADC_IRQHandler</a><BR>
 <LI><a href="#[7]">BusFault_Handler</a>&nbsp;&nbsp;&nbsp;&rArr;&nbsp;&nbsp;&nbsp;<a href="#[7]">BusFault_Handler</a><BR>
 <LI><a href="#[5]">HardFault_Handler</a>&nbsp;&nbsp;&nbsp;&rArr;&nbsp;&nbsp;&nbsp;<a href="#[5]">HardFault_Handler</a><BR>
 <LI><a href="#[6]">MemManage_Handler</a>&nbsp;&nbsp;&nbsp;&rArr;&nbsp;&nbsp;&nbsp;<a href="#[6]">MemManage_Handler</a><BR>
 <LI><a href="#[4]">NMI_Handler</a>&nbsp;&nbsp;&nbsp;&rArr;&nbsp;&nbsp;&nbsp;<a href="#[4]">NMI_Handler</a><BR>
 <LI><a href="#[8]">UsageFault_Handler</a>&nbsp;&nbsp;&nbsp;&rArr;&nbsp;&nbsp;&nbsp;<a href="#[8]">UsageFault_Handler</a><BR>
 <LI><a href="#[9d]">UART_EndRxTransfer</a>&nbsp;&nbsp;&nbsp;&rArr;&nbsp;&nbsp;&nbsp;<a href="#[9d]">UART_EndRxTransfer</a><BR>
</UL>
<P>
<H3>
Function Pointers
</H3><UL>
 <LI><a href="#[1f]">ADC_IRQHandler</a> from startup_stm32f401xe.o(.text) referenced from startup_stm32f401xe.o(RESET)
 <LI><a href="#[7]">BusFault_Handler</a> from stm32f4xx_it.o(i.BusFault_Handler) referenced from startup_stm32f401xe.o(RESET)
 <LI><a href="#[18]">DMA1_Stream0_IRQHandler</a> from startup_stm32f401xe.o(.text) referenced from startup_stm32f401xe.o(RESET)
 <LI><a href="#[19]">DMA1_Stream1_IRQHandler</a> from startup_stm32f401xe.o(.text) referenced from startup_stm32f401xe.o(RESET)
 <LI><a href="#[1a]">DMA1_Stream2_IRQHandler</a> from startup_stm32f401xe.o(.text) referenced from startup_stm32f401xe.o(RESET)
 <LI><a href="#[1b]">DMA1_Stream3_IRQHandler</a> from startup_stm32f401xe.o(.text) referenced from startup_stm32f401xe.o(RESET)
 <LI><a href="#[1c]">DMA1_Stream4_IRQHandler</a> from startup_stm32f401xe.o(.text) referenced from startup_stm32f401xe.o(RESET)
 <LI><a href="#[1d]">DMA1_Stream5_IRQHandler</a> from startup_stm32f401xe.o(.text) referenced from startup_stm32f401xe.o(RESET)
 <LI><a href="#[1e]">DMA1_Stream6_IRQHandler</a> from startup_stm32f401xe.o(.text) referenced from startup_stm32f401xe.o(RESET)
 <LI><a href="#[33]">DMA1_Stream7_IRQHandler</a> from startup_stm32f401xe.o(.text) referenced from startup_stm32f401xe.o(RESET)
 <LI><a href="#[37]">DMA2_Stream0_IRQHandler</a> from startup_stm32f401xe.o(.text) referenced from startup_stm32f401xe.o(RESET)
 <LI><a href="#[38]">DMA2_Stream1_IRQHandler</a> from startup_stm32f401xe.o(.text) referenced from startup_stm32f401xe.o(RESET)
 <LI><a href="#[39]">DMA2_Stream2_IRQHandler</a> from startup_stm32f401xe.o(.text) referenced from startup_stm32f401xe.o(RESET)
 <LI><a href="#[3a]">DMA2_Stream3_IRQHandler</a> from startup_stm32f401xe.o(.text) referenced from startup_stm32f401xe.o(RESET)
 <LI><a href="#[3b]">DMA2_Stream4_IRQHandler</a> from startup_stm32f401xe.o(.text) referenced from startup_stm32f401xe.o(RESET)
 <LI><a href="#[3d]">DMA2_Stream5_IRQHandler</a> from startup_stm32f401xe.o(.text) referenced from startup_stm32f401xe.o(RESET)
 <LI><a href="#[3e]">DMA2_Stream6_IRQHandler</a> from startup_stm32f401xe.o(.text) referenced from startup_stm32f401xe.o(RESET)
 <LI><a href="#[3f]">DMA2_Stream7_IRQHandler</a> from startup_stm32f401xe.o(.text) referenced from startup_stm32f401xe.o(RESET)
 <LI><a href="#[a]">DebugMon_Handler</a> from stm32f4xx_it.o(i.DebugMon_Handler) referenced from startup_stm32f401xe.o(RESET)
 <LI><a href="#[13]">EXTI0_IRQHandler</a> from startup_stm32f401xe.o(.text) referenced from startup_stm32f401xe.o(RESET)
 <LI><a href="#[30]">EXTI15_10_IRQHandler</a> from startup_stm32f401xe.o(.text) referenced from startup_stm32f401xe.o(RESET)
 <LI><a href="#[14]">EXTI1_IRQHandler</a> from startup_stm32f401xe.o(.text) referenced from startup_stm32f401xe.o(RESET)
 <LI><a href="#[15]">EXTI2_IRQHandler</a> from startup_stm32f401xe.o(.text) referenced from startup_stm32f401xe.o(RESET)
 <LI><a href="#[16]">EXTI3_IRQHandler</a> from startup_stm32f401xe.o(.text) referenced from startup_stm32f401xe.o(RESET)
 <LI><a href="#[17]">EXTI4_IRQHandler</a> from startup_stm32f401xe.o(.text) referenced from startup_stm32f401xe.o(RESET)
 <LI><a href="#[20]">EXTI9_5_IRQHandler</a> from startup_stm32f401xe.o(.text) referenced from startup_stm32f401xe.o(RESET)
 <LI><a href="#[11]">FLASH_IRQHandler</a> from startup_stm32f401xe.o(.text) referenced from startup_stm32f401xe.o(RESET)
 <LI><a href="#[43]">FPU_IRQHandler</a> from startup_stm32f401xe.o(.text) referenced from startup_stm32f401xe.o(RESET)
 <LI><a href="#[5]">HardFault_Handler</a> from stm32f4xx_it.o(i.HardFault_Handler) referenced from startup_stm32f401xe.o(RESET)
 <LI><a href="#[29]">I2C1_ER_IRQHandler</a> from startup_stm32f401xe.o(.text) referenced from startup_stm32f401xe.o(RESET)
 <LI><a href="#[28]">I2C1_EV_IRQHandler</a> from startup_stm32f401xe.o(.text) referenced from startup_stm32f401xe.o(RESET)
 <LI><a href="#[2b]">I2C2_ER_IRQHandler</a> from startup_stm32f401xe.o(.text) referenced from startup_stm32f401xe.o(RESET)
 <LI><a href="#[2a]">I2C2_EV_IRQHandler</a> from startup_stm32f401xe.o(.text) referenced from startup_stm32f401xe.o(RESET)
 <LI><a href="#[42]">I2C3_ER_IRQHandler</a> from startup_stm32f401xe.o(.text) referenced from startup_stm32f401xe.o(RESET)
 <LI><a href="#[41]">I2C3_EV_IRQHandler</a> from startup_stm32f401xe.o(.text) referenced from startup_stm32f401xe.o(RESET)
 <LI><a href="#[6]">MemManage_Handler</a> from stm32f4xx_it.o(i.MemManage_Handler) referenced from startup_stm32f401xe.o(RESET)
 <LI><a href="#[4]">NMI_Handler</a> from stm32f4xx_it.o(i.NMI_Handler) referenced from startup_stm32f401xe.o(RESET)
 <LI><a href="#[3c]">OTG_FS_IRQHandler</a> from startup_stm32f401xe.o(.text) referenced from startup_stm32f401xe.o(RESET)
 <LI><a href="#[32]">OTG_FS_WKUP_IRQHandler</a> from startup_stm32f401xe.o(.text) referenced from startup_stm32f401xe.o(RESET)
 <LI><a href="#[e]">PVD_IRQHandler</a> from startup_stm32f401xe.o(.text) referenced from startup_stm32f401xe.o(RESET)
 <LI><a href="#[b]">PendSV_Handler</a> from stm32f4xx_it.o(i.PendSV_Handler) referenced from startup_stm32f401xe.o(RESET)
 <LI><a href="#[12]">RCC_IRQHandler</a> from startup_stm32f401xe.o(.text) referenced from startup_stm32f401xe.o(RESET)
 <LI><a href="#[31]">RTC_Alarm_IRQHandler</a> from startup_stm32f401xe.o(.text) referenced from startup_stm32f401xe.o(RESET)
 <LI><a href="#[10]">RTC_WKUP_IRQHandler</a> from startup_stm32f401xe.o(.text) referenced from startup_stm32f401xe.o(RESET)
 <LI><a href="#[3]">Reset_Handler</a> from startup_stm32f401xe.o(.text) referenced from startup_stm32f401xe.o(RESET)
 <LI><a href="#[34]">SDIO_IRQHandler</a> from startup_stm32f401xe.o(.text) referenced from startup_stm32f401xe.o(RESET)
 <LI><a href="#[2c]">SPI1_IRQHandler</a> from startup_stm32f401xe.o(.text) referenced from startup_stm32f401xe.o(RESET)
 <LI><a href="#[2d]">SPI2_IRQHandler</a> from startup_stm32f401xe.o(.text) referenced from startup_stm32f401xe.o(RESET)
 <LI><a href="#[36]">SPI3_IRQHandler</a> from startup_stm32f401xe.o(.text) referenced from startup_stm32f401xe.o(RESET)
 <LI><a href="#[44]">SPI4_IRQHandler</a> from startup_stm32f401xe.o(.text) referenced from startup_stm32f401xe.o(RESET)
 <LI><a href="#[9]">SVC_Handler</a> from stm32f4xx_it.o(i.SVC_Handler) referenced from startup_stm32f401xe.o(RESET)
 <LI><a href="#[c]">SysTick_Handler</a> from stm32f4xx_it.o(i.SysTick_Handler) referenced from startup_stm32f401xe.o(RESET)
 <LI><a href="#[45]">SystemInit</a> from system_stm32f4xx.o(i.SystemInit) referenced from startup_stm32f401xe.o(.text)
 <LI><a href="#[f]">TAMP_STAMP_IRQHandler</a> from startup_stm32f401xe.o(.text) referenced from startup_stm32f401xe.o(RESET)
 <LI><a href="#[21]">TIM1_BRK_TIM9_IRQHandler</a> from startup_stm32f401xe.o(.text) referenced from startup_stm32f401xe.o(RESET)
 <LI><a href="#[24]">TIM1_CC_IRQHandler</a> from startup_stm32f401xe.o(.text) referenced from startup_stm32f401xe.o(RESET)
 <LI><a href="#[23]">TIM1_TRG_COM_TIM11_IRQHandler</a> from startup_stm32f401xe.o(.text) referenced from startup_stm32f401xe.o(RESET)
 <LI><a href="#[22]">TIM1_UP_TIM10_IRQHandler</a> from startup_stm32f401xe.o(.text) referenced from startup_stm32f401xe.o(RESET)
 <LI><a href="#[25]">TIM2_IRQHandler</a> from startup_stm32f401xe.o(.text) referenced from startup_stm32f401xe.o(RESET)
 <LI><a href="#[26]">TIM3_IRQHandler</a> from startup_stm32f401xe.o(.text) referenced from startup_stm32f401xe.o(RESET)
 <LI><a href="#[27]">TIM4_IRQHandler</a> from startup_stm32f401xe.o(.text) referenced from startup_stm32f401xe.o(RESET)
 <LI><a href="#[35]">TIM5_IRQHandler</a> from startup_stm32f401xe.o(.text) referenced from startup_stm32f401xe.o(RESET)
 <LI><a href="#[2e]">USART1_IRQHandler</a> from startup_stm32f401xe.o(.text) referenced from startup_stm32f401xe.o(RESET)
 <LI><a href="#[2f]">USART2_IRQHandler</a> from startup_stm32f401xe.o(.text) referenced from startup_stm32f401xe.o(RESET)
 <LI><a href="#[40]">USART6_IRQHandler</a> from startup_stm32f401xe.o(.text) referenced from startup_stm32f401xe.o(RESET)
 <LI><a href="#[8]">UsageFault_Handler</a> from stm32f4xx_it.o(i.UsageFault_Handler) referenced from startup_stm32f401xe.o(RESET)
 <LI><a href="#[d]">WWDG_IRQHandler</a> from startup_stm32f401xe.o(.text) referenced from startup_stm32f401xe.o(RESET)
 <LI><a href="#[5e]">__main</a> from __main.o(!!!main) referenced from startup_stm32f401xe.o(.text)
 <LI><a href="#[48]">_printf_input_char</a> from _printf_char_common.o(.text) referenced from _printf_char_common.o(.text)
 <LI><a href="#[47]">_snputc</a> from _snputc.o(.text) referenced from __2snprintf.o(.text)
 <LI><a href="#[50]">dut_crc16</a> from crc_test.o(i.dut_crc16) referenced from crc_test.o(.constdata)
 <LI><a href="#[51]">dut_crc16_ccitt</a> from crc_test.o(i.dut_crc16_ccitt) referenced from crc_test.o(.constdata)
 <LI><a href="#[53]">dut_crc16_itu_t</a> from crc_test.o(i.dut_crc16_itu_t) referenced from crc_test.o(.constdata)
 <LI><a href="#[52]">dut_crc16_reflect</a> from crc_test.o(i.dut_crc16_reflect) referenced from crc_test.o(.constdata)
 <LI><a href="#[4d]">dut_crc24_pgp</a> from crc_test.o(i.dut_crc24_pgp) referenced from crc_test.o(.constdata)
 <LI><a href="#[4e]">dut_crc24_pgp_chunked</a> from crc_test.o(i.dut_crc24_pgp_chunked) referenced from crc_test.o(.constdata)
 <LI><a href="#[4f]">dut_crc24q</a> from crc_test.o(i.dut_crc24q) referenced from crc_test.o(.constdata)
 <LI><a href="#[4b]">dut_crc32_c</a> from crc_test.o(i.dut_crc32_c) referenced from crc_test.o(.constdata)
 <LI><a href="#[49]">dut_crc32_ieee</a> from crc_test.o(i.dut_crc32_ieee) referenced from crc_test.o(.constdata)
 <LI><a href="#[4a]">dut_crc32_ieee_chunked</a> from crc_test.o(i.dut_crc32_ieee_chunked) referenced from crc_test.o(.constdata)
 <LI><a href="#[4c]">dut_crc32_k</a> from crc_test.o(i.dut_crc32_k) referenced from crc_test.o(.constdata)
 <LI><a href="#[59]">dut_crc4_lsb</a> from crc_test.o(i.dut_crc4_lsb) referenced from crc_test.o(.constdata)
 <LI><a href="#[58]">dut_crc4_msb</a> from crc_test.o(i.dut_crc4_msb) referenced from crc_test.o(.constdata)
 <LI><a href="#[5b]">dut_crc4_ti</a> from crc_test.o(i.dut_crc4_ti) referenced from crc_test.o(.constdata)
 <LI><a href="#[5c]">dut_crc7</a> from crc_test.o(i.dut_crc7) referenced from crc_test.o(.constdata)
 <LI><a href="#[54]">dut_crc8_ccitt</a> from crc_test.o(i.dut_crc8_ccitt) referenced from crc_test.o(.constdata)
 <LI><a href="#[57]">dut_crc8_lsb</a> from crc_test.o(i.dut_crc8_lsb) referenced from crc_test.o(.constdata)
 <LI><a href="#[56]">dut_crc8_msb</a> from crc_test.o(i.dut_crc8_msb) referenced from crc_test.o(.constdata)
 <LI><a href="#[55]">dut_crc8_rohc</a> from crc_test.o(i.dut_crc8_rohc) referenced from crc_test.o(.constdata)
 <LI><a href="#[5a]">ref_crc4_reversed</a> from crc_test.o(i.ref_crc4_reversed) referenced from crc_test.o(.constdata)
 <LI><a href="#[5d]">ref_crc7</a> from crc_test.o(i.ref_crc7) referenced from crc_test.o(.constdata)
</UL>
<P>
<H3>
Global Symbols
</H3>
<P><STRONG><a name="[5e]"></a>__main</STRONG> (Thumb, 8 bytes, Stack size 0 bytes, __main.o(!!!main))
<BR><BR>[Calls]<UL><LI><a href="#[5f]">&gt;&gt;</a>&nbsp;&nbsp;&nbsp;__scatterload
<LI><a href="#[60]">&gt;&gt;</a>&nbsp;&nbsp;&nbsp;__rt_entry
</UL>

<P><STRONG><a name="[5f]"></a>__scatterload</STRONG> (Thumb, 0 bytes, Stack size unknown bytes, __scatter.o(!!!scatter))
<BR><BR>[Called By]<UL><LI><a href="#[5e]">&gt;&gt;</a>&nbsp;&nbsp;&nbsp;__main
</UL>

<P><STRONG><a name="[61]"></a>__scatterload_rt2</STRONG> (Thumb, 44 bytes, Stack size unknown bytes, __scatter.o(!!!scatter), UNUSED)
<BR><BR>[Calls]<UL><LI><a href="#[60]">&gt;&gt;</a>&nbsp;&nbsp;&nbsp;__rt_entry
</UL>

<P><STRONG><a name="[b9]"></a>__scatterload_rt2_thumb_only</STRONG> (Thumb, 0 bytes, Stack size unknown bytes, __scatter.o(!!!scatter), UNUSED)

<P><STRONG><a name="[ba]"></a>__scatterload_null</STRONG> (Thumb, 0 bytes, Stack size unknown bytes, __scatter.o(!!!scatter), UNUSED)

<P><STRONG><a name="[62]"></a>__scatterload_copy</STRONG> (Thumb, 26 bytes, Stack size unknown bytes, __scatter_copy.o(!!handler_copy), UNUSED)
<BR><BR>[Calls]<UL><LI><a href="#[62]">&gt;&gt;</a>&nbsp;&nbsp;&nbsp;__scatterload_copy
</UL>
<BR>[Called By]<UL><LI><a href="#[62]">&gt;&gt;</a>&nbsp;&nbsp;&nbsp;__scatterload_copy
</UL>

<P><STRONG><a name="[bb]"></a>__scatterload_zeroinit</STRONG> (Thumb, 28 bytes, Stack size unknown bytes, __scatter_zi.o(!!handler_zi), UNUSED)

<P><STRONG><a name="[7f]"></a>_printf_percent</STRONG> (Thumb, 0 bytes, Stack size unknown bytes, _printf_percent.o(.ARM.Collect$$_printf_percent$$00000000))
<BR><BR>[Called By]<UL><LI><a href="#[7d]">&gt;&gt;</a>&nbsp;&nbsp;&nbsp;__printf
</UL>

<P><STRONG><a name="[63]"></a>_printf_u</STRONG> (Thumb, 0 bytes, Stack size unknown bytes, _printf_u.o(.ARM.Collect$$_printf_percent$$0000000A))
<BR><BR>[Stack]<UL><LI>Max Depth = 72 + Unknown Stack Size
<LI>Call Chain = _printf_u &rArr; _printf_int_dec &rArr; _printf_int_common &rArr; _printf_post_padding
</UL>
<BR>[Calls]<UL><LI><a href="#[64]">&gt;&gt;</a>&nbsp;&nbsp;&nbsp;_printf_int_dec
</UL>

<P><STRONG><a name="[65]"></a>_printf_x</STRONG> (Thumb, 0 bytes, Stack size unknown bytes, _printf_x.o(.ARM.Collect$$_printf_percent$$0000000C))
<BR><BR>[Stack]<UL><LI>Max Depth = 64 + Unknown Stack Size
<LI>Call Chain = _printf_x &rArr; _printf_int_hex &rArr; _printf_int_common &rArr; _printf_post_padding
</UL>
<BR>[Calls]<UL><LI><a href="#[66]">&gt;&gt;</a>&nbsp;&nbsp;&nbsp;_printf_int_hex
</UL>

<P><STRONG><a name="[67]"></a>_printf_s</STRONG> (Thumb, 0 bytes, Stack size unknown bytes, _printf_s.o(.ARM.Collect$$_printf_percent$$00000014))
<BR><BR>[Stack]<UL><LI>Max Depth = 40 + Unknown Stack Size
<LI>Call Chain = _printf_s &rArr; _printf_string &rArr; _printf_cs_common &rArr; _printf_str &rArr; _printf_post_padding
</UL>
<BR>[Calls]<UL><LI><a href="#[68]">&gt;&gt;</a>&nbsp;&nbsp;&nbsp;_printf_string
</UL>

<P><STRONG><a name="[bc]"></a>_printf_percent_end</STRONG> (Thumb, 0 bytes, Stack size unknown bytes, _printf_percent_end.o(.ARM.Collect$$_printf_percent$$00000017))

<P><STRONG><a name="[6e]"></a>__rt_lib_init</STRONG> (Thumb, 0 bytes, Stack size unknown bytes, libinit.o(.ARM.Collect$$libinit$$00000000))
<BR><BR>[Called By]<UL><LI><a href="#[6d]">&gt;&gt;</a>&nbsp;&nbsp;&nbsp;__rt_entry_li
</UL>

<P><STRONG><a name="[69]"></a>__rt_lib_init_fp_1</STRONG> (Thumb, 0 bytes, Stack size unknown bytes, libinit2.o(.ARM.Collect$$libinit$$00000001))
<BR><BR>[Calls]<UL><LI><a href="#[6a]">&gt;&gt;</a>&nbsp;&nbsp;&nbsp;_fp_init
</UL>

<P><STRONG><a name="[bd]"></a>__rt_lib_init_alloca_1</STRONG> (Thumb, 0 bytes, Stack size unknown bytes, libinit2.o(.ARM.Collect$$libinit$$0000002E))

<P><STRONG><a name="[be]"></a>__rt_lib_init_argv_1</STRONG> (Thumb, 0 bytes, Stack size unknown bytes, libinit2.o(.ARM.Collect$$libinit$$0000002C))

<P><STRONG><a name="[bf]"></a>__rt_lib_init_atexit_1</STRONG> (Thumb, 0 bytes, Stack size unknown bytes, libinit2.o(.ARM.Collect$$libinit$$0000001B))

<P><STRONG><a name="[c0]"></a>__rt_lib_init_clock_1</STRONG> (Thumb, 0 bytes, Stack size unknown bytes, libinit2.o(.ARM.Collect$$libinit$$00000021))

<P><STRONG><a name="[c1]"></a>__rt_lib_init_cpp_1</STRONG> (Thumb, 0 bytes, Stack size unknown bytes, libinit2.o(.ARM.Collect$$libinit$$00000032))

<P><STRONG><a name="[c2]"></a>__rt_lib_init_exceptions_1</STRONG> (Thumb, 0 bytes, Stack size unknown bytes, libinit2.o(.ARM.Collect$$libinit$$00000030))

<P><STRONG><a name="[c3]"></a>__rt_lib_init_fp_trap_1</STRONG> (Thumb, 0 bytes, Stack size unknown bytes, libinit2.o(.ARM.Collect$$libinit$$0000001F))

<P><STRONG><a name="[c4]"></a>__rt_lib_init_getenv_1</STRONG> (Thumb, 0 bytes, Stack size unknown bytes, libinit2.o(.ARM.Collect$$libinit$$00000023))

<P><STRONG><a name="[c5]"></a>__rt_lib_init_heap_1</STRONG> (Thumb, 0 bytes, Stack size unknown bytes, libinit2.o(.ARM.Collect$$libinit$$0000000A))

<P><STRONG><a name="[c6]"></a>__rt_lib_init_lc_collate_1</STRONG> (Thumb, 0 bytes, Stack size unknown bytes, libinit2.o(.ARM.Collect$$libinit$$00000011))

<P><STRONG><a name="[c7]"></a>__rt_lib_init_lc_ctype_1</STRONG> (Thumb, 0 bytes, Stack size unknown bytes, libinit2.o(.ARM.Collect$$libinit$$00000013))

<P><STRONG><a name="[c8]"></a>__rt_lib_init_lc_monetary_1</STRONG> (Thumb, 0 bytes, Stack size unknown bytes, libinit2.o(.ARM.Collect$$libinit$$00000015))

<P><STRONG><a name="[c9]"></a>__rt_lib_init_lc_numeric_1</STRONG> (Thumb, 0 bytes, Stack size unknown bytes, libinit2.o(.ARM.Collect$$libinit$$00000017))

<P><STRONG><a name="[ca]"></a>__rt_lib_init_lc_time_1</STRONG> (Thumb, 0 bytes, Stack size unknown bytes, libinit2.o(.ARM.Collect$$libinit$$00000019))

<P><STRONG><a name="[cb]"></a>__rt_lib_init_preinit_1</STRONG> (Thumb, 0 bytes, Stack size unknown bytes, libinit2.o(.ARM.Collect$$libinit$$00000004))

<P><STRONG><a name="[cc]"></a>__rt_lib_init_rand_1</STRONG> (Thumb, 0 bytes, Stack size unknown bytes, libinit2.o(.ARM.Collect$$libinit$$0000000E))

<P><STRONG><a name="[cd]"></a>__rt_lib_init_return</STRONG> (Thumb, 0 bytes, Stack size unknown bytes, libinit2.o(.ARM.Collect$$libinit$$00000033))

<P><STRONG><a name="[ce]"></a>__rt_lib_init_signal_1</STRONG> (Thumb, 0 bytes, Stack size unknown bytes, libinit2.o(.ARM.Collect$$libinit$$0000001D))

<P><STRONG><a name="[cf]"></a>__rt_lib_init_stdio_1</STRONG> (Thumb, 0 bytes, Stack size unknown bytes, libinit2.o(.ARM.Collect$$libinit$$00000025))

<P><STRONG><a name="[d0]"></a>__rt_lib_init_user_alloc_1</STRONG> (Thumb, 0 bytes, Stack size unknown bytes, libinit2.o(.ARM.Collect$$libinit$$0000000C))

<P><STRONG><a name="[73]"></a>__rt_lib_shutdown</STRONG> (Thumb, 0 bytes, Stack size unknown bytes, libshutdown.o(.ARM.Collect$$libshutdown$$00000000))
<BR><BR>[Called By]<UL><LI><a href="#[72]">&gt;&gt;</a>&nbsp;&nbsp;&nbsp;__rt_exit_ls
</UL>

<P><STRONG><a name="[d1]"></a>__rt_lib_shutdown_cpp_1</STRONG> (Thumb, 0 bytes, Stack size unknown bytes, libshutdown2.o(.ARM.Collect$$libshutdown$$00000004))

<P><STRONG><a name="[d2]"></a>__rt_lib_shutdown_fini_1</STRONG> (Thumb, 0 bytes, Stack size unknown bytes, libshutdown2.o(.ARM.Collect$$libshutdown$$00000002))

<P><STRONG><a name="[d3]"></a>__rt_lib_shutdown_fp_trap_1</STRONG> (Thumb, 0 bytes, Stack size unknown bytes, libshutdown2.o(.ARM.Collect$$libshutdown$$00000009))

<P><STRONG><a name="[d4]"></a>__rt_lib_shutdown_heap_1</STRONG> (Thumb, 0 bytes, Stack size unknown bytes, libshutdown2.o(.ARM.Collect$$libshutdown$$00000011))

<P><STRONG><a name="[d5]"></a>__rt_lib_shutdown_return</STRONG> (Thumb, 0 bytes, Stack size unknown bytes, libshutdown2.o(.ARM.Collect$$libshutdown$$00000012))

<P><STRONG><a name="[d6]"></a>__rt_lib_shutdown_signal_1</STRONG> (Thumb, 0 bytes, Stack size unknown bytes, libshutdown2.o(.ARM.Collect$$libshutdown$$0000000C))

<P><STRONG><a name="[d7]"></a>__rt_lib_shutdown_stdio_1</STRONG> (Thumb, 0 bytes, Stack size unknown bytes, libshutdown2.o(.ARM.Collect$$libshutdown$$00000006))

<P><STRONG><a name="[d8]"></a>__rt_lib_shutdown_user_alloc_1</STRONG> (Thumb, 0 bytes, Stack size unknown bytes, libshutdown2.o(.ARM.Collect$$libshutdown$$0000000E))

<P><STRONG><a name="[60]"></a>__rt_entry</STRONG> (Thumb, 0 bytes, Stack size unknown bytes, __rtentry.o(.ARM.Collect$$rtentry$$00000000))
<BR><BR>[Called By]<UL><LI><a href="#[61]">&gt;&gt;</a>&nbsp;&nbsp;&nbsp;__scatterload_rt2
<LI><a href="#[5e]">&gt;&gt;</a>&nbsp;&nbsp;&nbsp;__main
</UL>

<P><STRONG><a name="[d9]"></a>__rt_entry_presh_1</STRONG> (Thumb, 0 bytes, Stack size unknown bytes, __rtentry2.o(.ARM.Collect$$rtentry$$00000002))

<P><STRONG><a name="[6b]"></a>__rt_entry_sh</STRONG> (Thumb, 0 bytes, Stack size unknown bytes, __rtentry4.o(.ARM.Collect$$rtentry$$00000004))
<BR><BR>[Stack]<UL><LI>Max Depth = 8 + Unknown Stack Size
<LI>Call Chain = __rt_entry_sh &rArr; __user_setup_stackheap
</UL>
<BR>[Calls]<UL><LI><a href="#[6c]">&gt;&gt;</a>&nbsp;&nbsp;&nbsp;__user_setup_stackheap
</UL>

<P><STRONG><a name="[6d]"></a>__rt_entry_li</STRONG> (Thumb, 0 bytes, Stack size unknown bytes, __rtentry2.o(.ARM.Collect$$rtentry$$0000000A))
<BR><BR>[Calls]<UL><LI><a href="#[6e]">&gt;&gt;</a>&nbsp;&nbsp;&nbsp;__rt_lib_init
</UL>

<P><STRONG><a name="[da]"></a>__rt_entry_postsh_1</STRONG> (Thumb, 0 bytes, Stack size unknown bytes, __rtentry2.o(.ARM.Collect$$rtentry$$00000009))

<P><STRONG><a name="[6f]"></a>__rt_entry_main</STRONG> (Thumb, 0 bytes, Stack size unknown bytes, __rtentry2.o(.ARM.Collect$$rtentry$$0000000D))
<BR><BR>[Stack]<UL><LI>Max Depth = 304 + Unknown Stack Size
<LI>Call Chain = __rt_entry_main &rArr; main &rArr; CRC_LogResults &rArr; __2snprintf &rArr; _printf_char_common &rArr; __printf
</UL>
<BR>[Calls]<UL><LI><a href="#[70]">&gt;&gt;</a>&nbsp;&nbsp;&nbsp;main
<LI><a href="#[71]">&gt;&gt;</a>&nbsp;&nbsp;&nbsp;exit
</UL>

<P><STRONG><a name="[db]"></a>__rt_entry_postli_1</STRONG> (Thumb, 0 bytes, Stack size unknown bytes, __rtentry2.o(.ARM.Collect$$rtentry$$0000000C))

<P><STRONG><a name="[84]"></a>__rt_exit</STRONG> (Thumb, 0 bytes, Stack size unknown bytes, rtexit.o(.ARM.Collect$$rtexit$$00000000))
<BR><BR>[Called By]<UL><LI><a href="#[71]">&gt;&gt;</a>&nbsp;&nbsp;&nbsp;exit
</UL>

<P><STRONG><a name="[72]"></a>__rt_exit_ls</STRONG> (Thumb, 0 bytes, Stack size unknown bytes, rtexit2.o(.ARM.Collect$$rtexit$$00000003))
<BR><BR>[Calls]<UL><LI><a href="#[73]">&gt;&gt;</a>&nbsp;&nbsp;&nbsp;__rt_lib_shutdown
</UL>

<P><STRONG><a name="[dc]"></a>__rt_exit_prels_1</STRONG> (Thumb, 0 bytes, Stack size unknown bytes, rtexit2.o(.ARM.Collect$$rtexit$$00000002))

<P><STRONG><a name="[74]"></a>__rt_exit_exit</STRONG> (Thumb, 0 bytes, Stack size unknown bytes, rtexit2.o(.ARM.Collect$$rtexit$$00000004))
<BR><BR>[Calls]<UL><LI><a href="#[75]">&gt;&gt;</a>&nbsp;&nbsp;&nbsp;_sys_exit
</UL>

<P><STRONG><a name="[3]"></a>Reset_Handler</STRONG> (Thumb, 8 bytes, Stack size 0 bytes, startup_stm32f401xe.o(.text))
<BR>[Address Reference Count : 1]<UL><LI> startup_stm32f401xe.o(RESET)
</UL>
<P><STRONG><a name="[1f]"></a>ADC_IRQHandler</STRONG> (Thumb, 0 bytes, Stack size 0 bytes, startup_stm32f401xe.o(.text))
<BR><BR>[Calls]<UL><LI><a href="#[1f]">&gt;&gt;</a>&nbsp;&nbsp;&nbsp;ADC_IRQHandler
</UL>
<BR>[Called By]<UL><LI><a href="#[1f]">&gt;&gt;</a>&nbsp;&nbsp;&nbsp;ADC_IRQHandler
</UL>
<BR>[Address Reference Count : 1]<UL><LI> startup_stm32f401xe.o(RESET)
</UL>
<P><STRONG><a name="[18]"></a>DMA1_Stream0_IRQHandler</STRONG> (Thumb, 0 bytes, Stack size 0 bytes, startup_stm32f401xe.o(.text))
<BR>[Address Reference Count : 1]<UL><LI> startup_stm32f401xe.o(RESET)
</UL>
<P><STRONG><a name="[19]"></a>DMA1_Stream1_IRQHandler</STRONG> (Thumb, 0 bytes, Stack size 0 bytes, startup_stm32f401xe.o(.text))
<BR>[Address Reference Count : 1]<UL><LI> startup_stm32f401xe.o(RESET)
</UL>
<P><STRONG><a name="[1a]"></a>DMA1_Stream2_IRQHandler</STRONG> (Thumb, 0 bytes, Stack size 0 bytes, startup_stm32f401xe.o(.text))
<BR>[Address Reference Count : 1]<UL><LI> startup_stm32f401xe.o(RESET)
</UL>
<P><STRONG><a name="[1b]"></a>DMA1_Stream3_IRQHandler</STRONG> (Thumb, 0 bytes, Stack size 0 bytes, startup_stm32f401xe.o(.text))
<BR>[Address Reference Count : 1]<UL><LI> startup_stm32f401xe.o(RESET)
</UL>
<P><STRONG><a name="[1c]"></a>DMA1_Stream4_IRQHandler</STRONG> (Thumb, 0 bytes, Stack size 0 bytes, startup_stm32f401xe.o(.text))
<BR>[Address Reference Count : 1]<UL><LI> startup_stm32f401xe.o(RESET)
</UL>
<P><STRONG><a name="[1d]"></a>DMA1_Stream5_IRQHandler</STRONG> (Thumb, 0 bytes, Stack size 0 bytes, startup_stm32f401xe.o(.text))
<BR>[Address Reference Count : 1]<UL><LI> startup_stm32f401xe.o(RESET)
</UL>
<P><STRONG><a name="[1e]"></a>DMA1_Stream6_IRQHandler</STRONG> (Thumb, 0 bytes, Stack size 0 bytes, startup_stm32f401xe.o(.text))
<BR>[Address Reference Count : 1]<UL><LI> startup_stm32f401xe.o(RESET)
</UL>
<P><STRONG><a name="[33]"></a>DMA1_Stream7_IRQHandler</STRONG> (Thumb, 0 bytes, Stack size 0 bytes, startup_stm32f401xe.o(.text))
<BR>[Address Reference Count : 1]<UL><LI> startup_stm32f401xe.o(RESET)
</UL>
<P><STRONG><a name="[37]"></a>DMA2_Stream0_IRQHandler</STRONG> (Thumb, 0 bytes, Stack size 0 bytes, startup_stm32f401xe.o(.text))
<BR>[Address Reference Count : 1]<UL><LI> startup_stm32f401xe.o(RESET)
</UL>
<P><STRONG><a name="[38]"></a>DMA2_Stream1_IRQHandler</STRONG> (Thumb, 0 bytes, Stack size 0 bytes, startup_stm32f401xe.o(.text))
<BR>[Address Reference Count : 1]<UL><LI> startup_stm32f401xe.o(RESET)
</UL>
<P><STRONG><a name="[39]"></a>DMA2_Stream2_IRQHandler</STRONG> (Thumb, 0 bytes, Stack size 0 bytes, startup_stm32f401xe.o(.text))
<BR>[Address Reference Count : 1]<UL><LI> startup_stm32f401xe.o(RESET)
</UL>
<P><STRONG><a name="[3a]"></a>DMA2_Stream3_IRQHandler</STRONG> (Thumb, 0 bytes, Stack size 0 bytes, startup_stm32f401xe.o(.text))
<BR>[Address Reference Count : 1]<UL><LI> startup_stm32f401xe.o(RESET)
</UL>
<P><STRONG><a name="[3b]"></a>DMA2_Stream4_IRQHandler</STRONG> (Thumb, 0 bytes, Stack size 0 bytes, startup_stm32f401xe.o(.text))
<BR>[Address Reference Count : 1]<UL><LI> startup_stm32f401xe.o(RESET)
</UL>
<P><STRONG><a name="[3d]"></a>DMA2_Stream5_IRQHandler</STRONG> (Thumb, 0 bytes, Stack size 0 bytes, startup_stm32f401xe.o(.text))
<BR>[Address Reference Count : 1]<UL><LI> startup_stm32f401xe.o(RESET)
</UL>
<P><STRONG><a name="[3e]"></a>DMA2_Stream6_IRQHandler</STRONG> (Thumb, 0 bytes, Stack size 0 bytes, startup_stm32f401xe.o(.text))
<BR>[Address Reference Count : 1]<UL><LI> startup_stm32f401xe.o(RESET)
</UL>
<P><STRONG><a name="[3f]"></a>DMA2_Stream7_IRQHandler</STRONG> (Thumb, 0 bytes, Stack size 0 bytes, startup_stm32f401xe.o(.text))
<BR>[Address Reference Count : 1]<UL><LI> startup_stm32f401xe.o(RESET)
</UL>
<P><STRONG><a name="[13]"></a>EXTI0_IRQHandler</STRONG> (Thumb, 0 bytes, Stack size 0 bytes, startup_stm32f401xe.o(.text))
<BR>[Address Reference Count : 1]<UL><LI> startup_stm32f401xe.o(RESET)
</UL>
<P><STRONG><a name="[30]"></a>EXTI15_10_IRQHandler</STRONG> (Thumb, 0 bytes, Stack size 0 bytes, startup_stm32f401xe.o(.text))
<BR>[Address Reference Count : 1]<UL><LI> startup_stm32f401xe.o(RESET)
</UL>
<P><STRONG><a name="[14]"></a>EXTI1_IRQHandler</STRONG> (Thumb, 0 bytes, Stack size 0 bytes, startup_stm32f401xe.o(.text))
<BR>[Address Reference Count : 1]<UL><LI> startup_stm32f401xe.o(RESET)
</UL>
<P><STRONG><a name="[15]"></a>EXTI2_IRQHandler</STRONG> (Thumb, 0 bytes, Stack size 0 bytes, startup_stm32f401xe.o(.text))
<BR>[Address Reference Count : 1]<UL><LI> startup_stm32f401xe.o(RESET)
</UL>
<P><STRONG><a name="[16]"></a>EXTI3_IRQHandler</STRONG> (Thumb, 0 bytes, Stack size 0 bytes, startup_stm32f401xe.o(.text))
<BR>[Address Reference Count : 1]<UL><LI> startup_stm32f401xe.o(RESET)
</UL>
<P><STRONG><a name="[17]"></a>EXTI4_IRQHandler</STRONG> (Thumb, 0 bytes, Stack size 0 bytes, startup_stm32f401xe.o(.text))
<BR>[Address Reference Count : 1]<UL><LI> startup_stm32f401xe.o(RESET)
</UL>
<P><STRONG><a name="[20]"></a>EXTI9_5_IRQHandler</STRONG> (Thumb, 0 bytes, Stack size 0 bytes, startup_stm32f401xe.o(.text))
<BR>[Address Reference Count : 1]<UL><LI> startup_stm32f401xe.o(RESET)
</UL>
<P><STRONG><a name="[11]"></a>FLASH_IRQHandler</STRONG> (Thumb, 0 bytes, Stack size 0 bytes, startup_stm32f401xe.o(.text))
<BR>[Address Reference Count : 1]<UL><LI> startup_stm32f401xe.o(RESET)
</UL>
<P><STRONG><a name="[43]"></a>FPU_IRQHandler</STRONG> (Thumb, 0 bytes, Stack size 0 bytes, startup_stm32f401xe.o(.text))
<BR>[Address Reference Count : 1]<UL><LI> startup_stm32f401xe.o(RESET)
</UL>
<P><STRONG><a name="[29]"></a>I2C1_ER_IRQHandler</STRONG> (Thumb, 0 bytes, Stack size 0 bytes, startup_stm32f401xe.o(.text))
<BR>[Address Reference Count : 1]<UL><LI> startup_stm32f401xe.o(RESET)
</UL>
<P><STRONG><a name="[28]"></a>I2C1_EV_IRQHandler</STRONG> (Thumb, 0 bytes, Stack size 0 bytes, startup_stm32f401xe.o(.text))
<BR>[Address Reference Count : 1]<UL><LI> startup_stm32f401xe.o(RESET)
</UL>
<P><STRONG><a name="[2b]"></a>I2C2_ER_IRQHandler</STRONG> (Thumb, 0 bytes, Stack size 0 bytes, startup_stm32f401xe.o(.text))
<BR>[Address Reference Count : 1]<UL><LI> startup_stm32f401xe.o(RESET)
</UL>
<P><STRONG><a name="[2a]"></a>I2C2_EV_IRQHandler</STRONG> (Thumb, 0 bytes, Stack size 0 bytes, startup_stm32f401xe.o(.text))
<BR>[Address Reference Count : 1]<UL><LI> startup_stm32f401xe.o(RESET)
</UL>
<P><STRONG><a name="[42]"></a>I2C3_ER_IRQHandler</STRONG> (Thumb, 0 bytes, Stack size 0 bytes, startup_stm32f401xe.o(.text))
<BR>[Address Reference Count : 1]<UL><LI> startup_stm32f401xe.o(RESET)
</UL>
<P><STRONG><a name="[41]"></a>I2C3_EV_IRQHandler</STRONG> (Thumb, 0 bytes, Stack size 0 bytes, startup_stm32f401xe.o(.text))
<BR>[Address Reference Count : 1]<UL><LI> startup_stm32f401xe.o(RESET)
</UL>
<P><STRONG><a name="[3c]"></a>OTG_FS_IRQHandler</STRONG> (Thumb, 0 bytes, Stack size 0 bytes, startup_stm32f401xe.o(.text))
<BR>[Address Reference Count : 1]<UL><LI> startup_stm32f401xe.o(RESET)
</UL>
<P><STRONG><a name="[32]"></a>OTG_FS_WKUP_IRQHandler</STRONG> (Thumb, 0 bytes, Stack size 0 bytes, startup_stm32f401xe.o(.text))
<BR>[Address Reference Count : 1]<UL><LI> startup_stm32f401xe.o(RESET)
</UL>
<P><STRONG><a name="[e]"></a>PVD_IRQHandler</STRONG> (Thumb, 0 bytes, Stack size 0 bytes, startup_stm32f401xe.o(.text))
<BR>[Address Reference Count : 1]<UL><LI> startup_stm32f401xe.o(RESET)
</UL>
<P><STRONG><a name="[12]"></a>RCC_IRQHandler</STRONG> (Thumb, 0 bytes, Stack size 0 bytes, startup_stm32f401xe.o(.text))
<BR>[Address Reference Count : 1]<UL><LI> startup_stm32f401xe.o(RESET)
</UL>
<P><STRONG><a name="[31]"></a>RTC_Alarm_IRQHandler</STRONG> (Thumb, 0 bytes, Stack size 0 bytes, startup_stm32f401xe.o(.text))
<BR>[Address Reference Count : 1]<UL><LI> startup_stm32f401xe.o(RESET)
</UL>
<P><STRONG><a name="[10]"></a>RTC_WKUP_IRQHandler</STRONG> (Thumb, 0 bytes, Stack size 0 bytes, startup_stm32f401xe.o(.text))
<BR>[Address Reference Count : 1]<UL><LI> startup_stm32f401xe.o(RESET)
</UL>
<P><STRONG><a name="[34]"></a>SDIO_IRQHandler</STRONG> (Thumb, 0 bytes, Stack size 0 bytes, startup_stm32f401xe.o(.text))
<BR>[Address Reference Count : 1]<UL><LI> startup_stm32f401xe.o(RESET)
</UL>
<P><STRONG><a name="[2c]"></a>SPI1_IRQHandler</STRONG> (Thumb, 0 bytes, Stack size 0 bytes, startup_stm32f401xe.o(.text))
<BR>[Address Reference Count : 1]<UL><LI> startup_stm32f401xe.o(RESET)
</UL>
<P><STRONG><a name="[2d]"></a>SPI2_IRQHandler</STRONG> (Thumb, 0 bytes, Stack size 0 bytes, startup_stm32f401xe.o(.text))
<BR>[Address Reference Count : 1]<UL><LI> startup_stm32f401xe.o(RESET)
</UL>
<P><STRONG><a name="[36]"></a>SPI3_IRQHandler</STRONG> (Thumb, 0 bytes, Stack size 0 bytes, startup_stm32f401xe.o(.text))
<BR>[Address Reference Count : 1]<UL><LI> startup_stm32f401xe.o(RESET)
</UL>
<P><STRONG><a name="[44]"></a>SPI4_IRQHandler</STRONG> (Thumb, 0 bytes, Stack size 0 bytes, startup_stm32f401xe.o(.text))
<BR>[Address Reference Count : 1]<UL><LI> startup_stm32f401xe.o(RESET)
</UL>
<P><STRONG><a name="[f]"></a>TAMP_STAMP_IRQHandler</STRONG> (Thumb, 0 bytes, Stack size 0 bytes, startup_stm32f401xe.o(.text))
<BR>[Address Reference Count : 1]<UL><LI> startup_stm32f401xe.o(RESET)
</UL>
<P><STRONG><a name="[21]"></a>TIM1_BRK_TIM9_IRQHandler</STRONG> (Thumb, 0 bytes, Stack size 0 bytes, startup_stm32f401xe.o(.text))
<BR>[Address Reference Count : 1]<UL><LI> startup_stm32f401xe.o(RESET)
</UL>
<P><STRONG><a name="[24]"></a>TIM1_CC_IRQHandler</STRONG> (Thumb, 0 bytes, Stack size 0 bytes, startup_stm32f401xe.o(.text))
<BR>[Address Reference Count : 1]<UL><LI> startup_stm32f401xe.o(RESET)
</UL>
<P><STRONG><a name="[23]"></a>TIM1_TRG_COM_TIM11_IRQHandler</STRONG> (Thumb, 0 bytes, Stack size 0 bytes, startup_stm32f401xe.o(.text))
<BR>[Address Reference Count : 1]<UL><LI> startup_stm32f401xe.o(RESET)
</UL>
<P><STRONG><a name="[22]"></a>TIM1_UP_TIM10_IRQHandler</STRONG> (Thumb, 0 bytes, Stack size 0 bytes, startup_stm32f401xe.o(.text))
<BR>[Address Reference Count : 1]<UL><LI> startup_stm32f401xe.o(RESET)
</UL>
<P><STRONG><a name="[25]"></a>TIM2_IRQHandler</STRONG> (Thumb, 0 bytes, Stack size 0 bytes, startup_stm32f401xe.o(.text))
<BR>[Address Reference Count : 1]<UL><LI> startup_stm32f401xe.o(RESET)
</UL>
<P><STRONG><a name="[26]"></a>TIM3_IRQHandler</STRONG> (Thumb, 0 bytes, Stack size 0 bytes, startup_stm32f401xe.o(.text))
<BR>[Address Reference Count : 1]<UL><LI> startup_stm32f401xe.o(RESET)
</UL>
<P><STRONG><a name="[27]"></a>TIM4_IRQHandler</STRONG> (Thumb, 0 bytes, Stack size 0 bytes, startup_stm32f401xe.o(.text))
<BR>[Address Reference Count : 1]<UL><LI> startup_stm32f401xe.o(RESET)
</UL>
<P><STRONG><a name="[35]"></a>TIM5_IRQHandler</STRONG> (Thumb, 0 bytes, Stack size 0 bytes, startup_stm32f401xe.o(.text))
<BR>[Address Reference Count : 1]<UL><LI> startup_stm32f401xe.o(RESET)
</UL>
<P><STRONG><a name="[2e]"></a>USART1_IRQHandler</STRONG> (Thumb, 0 bytes, Stack size 0 bytes, startup_stm32f401xe.o(.text))
<BR>[Address Reference Count : 1]<UL><LI> startup_stm32f401xe.o(RESET)
</UL>
<P><STRONG><a name="[2f]"></a>USART2_IRQHandler</STRONG> (Thumb, 0 bytes, Stack size 0 bytes, startup_stm32f401xe.o(.text))
<BR>[Address Reference Count : 1]<UL><LI> startup_stm32f401xe.o(RESET)
</UL>
<P><STRONG><a name="[40]"></a>USART6_IRQHandler</STRONG> (Thumb, 0 bytes, Stack size 0 bytes, startup_stm32f401xe.o(.text))
<BR>[Address Reference Count : 1]<UL><LI> startup_stm32f401xe.o(RESET)
</UL>
<P><STRONG><a name="[d]"></a>WWDG_IRQHandler</STRONG> (Thumb, 0 bytes, Stack size 0 bytes, startup_stm32f401xe.o(.text))
<BR>[Address Reference Count : 1]<UL><LI> startup_stm32f401xe.o(RESET)
</UL>
<P><STRONG><a name="[83]"></a>__user_initial_stackheap</STRONG> (Thumb, 0 bytes, Stack size unknown bytes, startup_stm32f401xe.o(.text))
<BR><BR>[Called By]<UL><LI><a href="#[6c]">&gt;&gt;</a>&nbsp;&nbsp;&nbsp;__user_setup_stackheap
</UL>

<P><STRONG><a name="[91]"></a>__aeabi_uldivmod</STRONG> (Thumb, 0 bytes, Stack size 48 bytes, lludivv7m.o(.text))
<BR><BR>[Stack]<UL><LI>Max Depth = 48<LI>Call Chain = __aeabi_uldivmod
</UL>
<BR>[Called By]<UL><LI><a href="#[95]">&gt;&gt;</a>&nbsp;&nbsp;&nbsp;UART_SetConfig
<LI><a href="#[90]">&gt;&gt;</a>&nbsp;&nbsp;&nbsp;HAL_RCC_GetSysClockFreq
</UL>

<P><STRONG><a name="[dd]"></a>_ll_udiv</STRONG> (Thumb, 238 bytes, Stack size 48 bytes, lludivv7m.o(.text), UNUSED)

<P><STRONG><a name="[a7]"></a>__aeabi_llsl</STRONG> (Thumb, 0 bytes, Stack size 0 bytes, llshl.o(.text))
<BR><BR>[Called By]<UL><LI><a href="#[a9]">&gt;&gt;</a>&nbsp;&nbsp;&nbsp;crc_reference_msb
<LI><a href="#[a8]">&gt;&gt;</a>&nbsp;&nbsp;&nbsp;crc_reference_lsb
<LI><a href="#[a6]">&gt;&gt;</a>&nbsp;&nbsp;&nbsp;crc_mask
</UL>

<P><STRONG><a name="[de]"></a>_ll_shift_l</STRONG> (Thumb, 38 bytes, Stack size 0 bytes, llshl.o(.text), UNUSED)

<P><STRONG><a name="[76]"></a>__2snprintf</STRONG> (Thumb, 50 bytes, Stack size 40 bytes, __2snprintf.o(.text))
<BR><BR>[Stack]<UL><LI>Max Depth = 144 + Unknown Stack Size
<LI>Call Chain = __2snprintf &rArr; _printf_char_common &rArr; __printf
</UL>
<BR>[Calls]<UL><LI><a href="#[78]">&gt;&gt;</a>&nbsp;&nbsp;&nbsp;_sputc
<LI><a href="#[77]">&gt;&gt;</a>&nbsp;&nbsp;&nbsp;_printf_char_common
</UL>
<BR>[Called By]<UL><LI><a href="#[85]">&gt;&gt;</a>&nbsp;&nbsp;&nbsp;CRC_LogResults
</UL>

<P><STRONG><a name="[7a]"></a>_printf_pre_padding</STRONG> (Thumb, 44 bytes, Stack size 16 bytes, _printf_pad.o(.text))
<BR><BR>[Stack]<UL><LI>Max Depth = 16<LI>Call Chain = _printf_pre_padding
</UL>
<BR>[Called By]<UL><LI><a href="#[79]">&gt;&gt;</a>&nbsp;&nbsp;&nbsp;_printf_str
<LI><a href="#[7c]">&gt;&gt;</a>&nbsp;&nbsp;&nbsp;_printf_int_common
</UL>

<P><STRONG><a name="[7b]"></a>_printf_post_padding</STRONG> (Thumb, 34 bytes, Stack size 16 bytes, _printf_pad.o(.text))
<BR><BR>[Stack]<UL><LI>Max Depth = 16<LI>Call Chain = _printf_post_padding
</UL>
<BR>[Called By]<UL><LI><a href="#[79]">&gt;&gt;</a>&nbsp;&nbsp;&nbsp;_printf_str
<LI><a href="#[7c]">&gt;&gt;</a>&nbsp;&nbsp;&nbsp;_printf_int_common
</UL>

<P><STRONG><a name="[79]"></a>_printf_str</STRONG> (Thumb, 82 bytes, Stack size 16 bytes, _printf_str.o(.text))
<BR><BR>[Stack]<UL><LI>Max Depth = 32<LI>Call Chain = _printf_str &rArr; _printf_post_padding
</UL>
<BR>[Calls]<UL><LI><a href="#[7b]">&gt;&gt;</a>&nbsp;&nbsp;&nbsp;_printf_post_padding
<LI><a href="#[7a]">&gt;&gt;</a>&nbsp;&nbsp;&nbsp;_printf_pre_padding
</UL>
<BR>[Called By]<UL><LI><a href="#[80]">&gt;&gt;</a>&nbsp;&nbsp;&nbsp;_printf_cs_common
</UL>

<P><STRONG><a name="[64]"></a>_printf_int_dec</STRONG> (Thumb, 104 bytes, Stack size 24 bytes, _printf_dec.o(.text))
<BR><BR>[Stack]<UL><LI>Max Depth = 72<LI>Call Chain = _printf_int_dec &rArr; _printf_int_common &rArr; _printf_post_padding
</UL>
<BR>[Calls]<UL><LI><a href="#[7c]">&gt;&gt;</a>&nbsp;&nbsp;&nbsp;_printf_int_common
</UL>
<BR>[Called By]<UL><LI><a href="#[63]">&gt;&gt;</a>&nbsp;&nbsp;&nbsp;_printf_u
</UL>

<P><STRONG><a name="[66]"></a>_printf_int_hex</STRONG> (Thumb, 84 bytes, Stack size 16 bytes, _printf_hex_int.o(.text))
<BR><BR>[Stack]<UL><LI>Max Depth = 64<LI>Call Chain = _printf_int_hex &rArr; _printf_int_common &rArr; _printf_post_padding
</UL>
<BR>[Calls]<UL><LI><a href="#[7c]">&gt;&gt;</a>&nbsp;&nbsp;&nbsp;_printf_int_common
</UL>
<BR>[Called By]<UL><LI><a href="#[65]">&gt;&gt;</a>&nbsp;&nbsp;&nbsp;_printf_x
</UL>

<P><STRONG><a name="[df]"></a>_printf_longlong_hex</STRONG> (Thumb, 0 bytes, Stack size 16 bytes, _printf_hex_int.o(.text), UNUSED)

<P><STRONG><a name="[7d]"></a>__printf</STRONG> (Thumb, 388 bytes, Stack size 40 bytes, __printf_flags_ss_wp.o(.text))
<BR><BR>[Stack]<UL><LI>Max Depth = 40 + Unknown Stack Size
<LI>Call Chain = __printf
</UL>
<BR>[Calls]<UL><LI><a href="#[7f]">&gt;&gt;</a>&nbsp;&nbsp;&nbsp;_printf_percent
<LI><a href="#[7e]">&gt;&gt;</a>&nbsp;&nbsp;&nbsp;_is_digit
</UL>
<BR>[Called By]<UL><LI><a href="#[77]">&gt;&gt;</a>&nbsp;&nbsp;&nbsp;_printf_char_common
</UL>

<P><STRONG><a name="[96]"></a>__aeabi_memclr4</STRONG> (Thumb, 0 bytes, Stack size 4 bytes, rt_memclr_w.o(.text))
<BR><BR>[Stack]<UL><LI>Max Depth = 4<LI>Call Chain = __aeabi_memclr4
</UL>
<BR>[Called By]<UL><LI><a href="#[94]">&gt;&gt;</a>&nbsp;&nbsp;&nbsp;HAL_UART_MspInit
<LI><a href="#[9c]">&gt;&gt;</a>&nbsp;&nbsp;&nbsp;SystemClock_Config
</UL>

<P><STRONG><a name="[e0]"></a>__aeabi_memclr8</STRONG> (Thumb, 0 bytes, Stack size 4 bytes, rt_memclr_w.o(.text), UNUSED)

<P><STRONG><a name="[e1]"></a>__rt_memclr_w</STRONG> (Thumb, 78 bytes, Stack size 4 bytes, rt_memclr_w.o(.text), UNUSED)

<P><STRONG><a name="[e2]"></a>_memset_w</STRONG> (Thumb, 0 bytes, Stack size unknown bytes, rt_memclr_w.o(.text), UNUSED)

<P><STRONG><a name="[e3]"></a>__use_two_region_memory</STRONG> (Thumb, 2 bytes, Stack size 0 bytes, heapauxi.o(.text), UNUSED)

<P><STRONG><a name="[e4]"></a>__rt_heap_escrow$2region</STRONG> (Thumb, 2 bytes, Stack size 0 bytes, heapauxi.o(.text), UNUSED)

<P><STRONG><a name="[e5]"></a>__rt_heap_expand$2region</STRONG> (Thumb, 2 bytes, Stack size 0 bytes, heapauxi.o(.text), UNUSED)

<P><STRONG><a name="[7c]"></a>_printf_int_common</STRONG> (Thumb, 178 bytes, Stack size 32 bytes, _printf_intcommon.o(.text))
<BR><BR>[Stack]<UL><LI>Max Depth = 48<LI>Call Chain = _printf_int_common &rArr; _printf_post_padding
</UL>
<BR>[Calls]<UL><LI><a href="#[7b]">&gt;&gt;</a>&nbsp;&nbsp;&nbsp;_printf_post_padding
<LI><a href="#[7a]">&gt;&gt;</a>&nbsp;&nbsp;&nbsp;_printf_pre_padding
</UL>
<BR>[Called By]<UL><LI><a href="#[66]">&gt;&gt;</a>&nbsp;&nbsp;&nbsp;_printf_int_hex
<LI><a href="#[64]">&gt;&gt;</a>&nbsp;&nbsp;&nbsp;_printf_int_dec
</UL>

<P><STRONG><a name="[77]"></a>_printf_char_common</STRONG> (Thumb, 32 bytes, Stack size 64 bytes, _printf_char_common.o(.text))
<BR><BR>[Stack]<UL><LI>Max Depth = 104 + Unknown Stack Size
<LI>Call Chain = _printf_char_common &rArr; __printf
</UL>
<BR>[Calls]<UL><LI><a href="#[7d]">&gt;&gt;</a>&nbsp;&nbsp;&nbsp;__printf
</UL>
<BR>[Called By]<UL><LI><a href="#[76]">&gt;&gt;</a>&nbsp;&nbsp;&nbsp;__2snprintf
</UL>

<P><STRONG><a name="[78]"></a>_sputc</STRONG> (Thumb, 10 bytes, Stack size 0 bytes, _sputc.o(.text))
<BR><BR>[Called By]<UL><LI><a href="#[76]">&gt;&gt;</a>&nbsp;&nbsp;&nbsp;__2snprintf
</UL>

<P><STRONG><a name="[47]"></a>_snputc</STRONG> (Thumb, 16 bytes, Stack size 0 bytes, _snputc.o(.text))
<BR>[Address Reference Count : 1]<UL><LI> __2snprintf.o(.text)
</UL>
<P><STRONG><a name="[80]"></a>_printf_cs_common</STRONG> (Thumb, 20 bytes, Stack size 8 bytes, _printf_char.o(.text))
<BR><BR>[Stack]<UL><LI>Max Depth = 40<LI>Call Chain = _printf_cs_common &rArr; _printf_str &rArr; _printf_post_padding
</UL>
<BR>[Calls]<UL><LI><a href="#[79]">&gt;&gt;</a>&nbsp;&nbsp;&nbsp;_printf_str
</UL>
<BR>[Called By]<UL><LI><a href="#[68]">&gt;&gt;</a>&nbsp;&nbsp;&nbsp;_printf_string
<LI><a href="#[81]">&gt;&gt;</a>&nbsp;&nbsp;&nbsp;_printf_char
</UL>

<P><STRONG><a name="[81]"></a>_printf_char</STRONG> (Thumb, 16 bytes, Stack size 0 bytes, _printf_char.o(.text), UNUSED)
<BR><BR>[Calls]<UL><LI><a href="#[80]">&gt;&gt;</a>&nbsp;&nbsp;&nbsp;_printf_cs_common
</UL>

<P><STRONG><a name="[68]"></a>_printf_string</STRONG> (Thumb, 8 bytes, Stack size 0 bytes, _printf_char.o(.text))
<BR><BR>[Stack]<UL><LI>Max Depth = 40<LI>Call Chain = _printf_string &rArr; _printf_cs_common &rArr; _printf_str &rArr; _printf_post_padding
</UL>
<BR>[Calls]<UL><LI><a href="#[80]">&gt;&gt;</a>&nbsp;&nbsp;&nbsp;_printf_cs_common
</UL>
<BR>[Called By]<UL><LI><a href="#[67]">&gt;&gt;</a>&nbsp;&nbsp;&nbsp;_printf_s
</UL>

<P><STRONG><a name="[6c]"></a>__user_setup_stackheap</STRONG> (Thumb, 74 bytes, Stack size 8 bytes, sys_stackheap_outer.o(.text))
<BR><BR>[Stack]<UL><LI>Max Depth = 8 + Unknown Stack Size
<LI>Call Chain = __user_setup_stackheap
</UL>
<BR>[Calls]<UL><LI><a href="#[83]">&gt;&gt;</a>&nbsp;&nbsp;&nbsp;__user_initial_stackheap
<LI><a href="#[82]">&gt;&gt;</a>&nbsp;&nbsp;&nbsp;__user_perproc_libspace
</UL>
<BR>[Called By]<UL><LI><a href="#[6b]">&gt;&gt;</a>&nbsp;&nbsp;&nbsp;__rt_entry_sh
</UL>

<P><STRONG><a name="[71]"></a>exit</STRONG> (Thumb, 18 bytes, Stack size 8 bytes, exit.o(.text))
<BR><BR>[Stack]<UL><LI>Max Depth = 8 + Unknown Stack Size
<LI>Call Chain = exit
</UL>
<BR>[Calls]<UL><LI><a href="#[84]">&gt;&gt;</a>&nbsp;&nbsp;&nbsp;__rt_exit
</UL>
<BR>[Called By]<UL><LI><a href="#[6f]">&gt;&gt;</a>&nbsp;&nbsp;&nbsp;__rt_entry_main
</UL>

<P><STRONG><a name="[e6]"></a>__user_libspace</STRONG> (Thumb, 8 bytes, Stack size 0 bytes, libspace.o(.text), UNUSED)

<P><STRONG><a name="[82]"></a>__user_perproc_libspace</STRONG> (Thumb, 0 bytes, Stack size 0 bytes, libspace.o(.text))
<BR><BR>[Called By]<UL><LI><a href="#[6c]">&gt;&gt;</a>&nbsp;&nbsp;&nbsp;__user_setup_stackheap
</UL>

<P><STRONG><a name="[e7]"></a>__user_perthread_libspace</STRONG> (Thumb, 0 bytes, Stack size 0 bytes, libspace.o(.text), UNUSED)

<P><STRONG><a name="[75]"></a>_sys_exit</STRONG> (Thumb, 8 bytes, Stack size 0 bytes, sys_exit.o(.text))
<BR><BR>[Called By]<UL><LI><a href="#[74]">&gt;&gt;</a>&nbsp;&nbsp;&nbsp;__rt_exit_exit
</UL>

<P><STRONG><a name="[e8]"></a>__I$use$semihosting</STRONG> (Thumb, 0 bytes, Stack size 0 bytes, use_no_semi.o(.text), UNUSED)

<P><STRONG><a name="[e9]"></a>__use_no_semihosting_swi</STRONG> (Thumb, 2 bytes, Stack size 0 bytes, use_no_semi.o(.text), UNUSED)

<P><STRONG><a name="[7]"></a>BusFault_Handler</STRONG> (Thumb, 2 bytes, Stack size 0 bytes, stm32f4xx_it.o(i.BusFault_Handler))
<BR><BR>[Calls]<UL><LI><a href="#[7]">&gt;&gt;</a>&nbsp;&nbsp;&nbsp;BusFault_Handler
</UL>
<BR>[Called By]<UL><LI><a href="#[7]">&gt;&gt;</a>&nbsp;&nbsp;&nbsp;BusFault_Handler
</UL>
<BR>[Address Reference Count : 1]<UL><LI> startup_stm32f401xe.o(RESET)
</UL>
<P><STRONG><a name="[ea]"></a>__semihosting_library_function</STRONG> (Thumb, 0 bytes, Stack size 0 bytes, indicate_semi.o(.text), UNUSED)

<P><STRONG><a name="[a]"></a>DebugMon_Handler</STRONG> (Thumb, 2 bytes, Stack size 0 bytes, stm32f4xx_it.o(i.DebugMon_Handler))
<BR>[Address Reference Count : 1]<UL><LI> startup_stm32f401xe.o(RESET)
</UL>
<P><STRONG><a name="[9a]"></a>Error_Handler</STRONG> (Thumb, 4 bytes, Stack size 0 bytes, main.o(i.Error_Handler))
<BR><BR>[Called By]<UL><LI><a href="#[99]">&gt;&gt;</a>&nbsp;&nbsp;&nbsp;MX_USART2_UART_Init
</UL>

<P><STRONG><a name="[97]"></a>HAL_GPIO_Init</STRONG> (Thumb, 446 bytes, Stack size 40 bytes, stm32f4xx_hal_gpio.o(i.HAL_GPIO_Init))
<BR><BR>[Stack]<UL><LI>Max Depth = 40<LI>Call Chain = HAL_GPIO_Init
</UL>
<BR>[Called By]<UL><LI><a href="#[94]">&gt;&gt;</a>&nbsp;&nbsp;&nbsp;HAL_UART_MspInit
</UL>

<P><STRONG><a name="[8f]"></a>HAL_GetTick</STRONG> (Thumb, 6 bytes, Stack size 0 bytes, stm32f4xx_hal.o(i.HAL_GetTick))
<BR><BR>[Called By]<UL><LI><a href="#[98]">&gt;&gt;</a>&nbsp;&nbsp;&nbsp;UART_WaitOnFlagUntilTimeout
<LI><a href="#[86]">&gt;&gt;</a>&nbsp;&nbsp;&nbsp;HAL_UART_Transmit
<LI><a href="#[92]">&gt;&gt;</a>&nbsp;&nbsp;&nbsp;HAL_RCC_OscConfig
<LI><a href="#[8e]">&gt;&gt;</a>&nbsp;&nbsp;&nbsp;HAL_RCC_ClockConfig
</UL>

<P><STRONG><a name="[9b]"></a>HAL_IncTick</STRONG> (Thumb, 12 bytes, Stack size 0 bytes, stm32f4xx_hal.o(i.HAL_IncTick))
<BR><BR>[Called By]<UL><LI><a href="#[c]">&gt;&gt;</a>&nbsp;&nbsp;&nbsp;SysTick_Handler
</UL>

<P><STRONG><a name="[87]"></a>HAL_Init</STRONG> (Thumb, 48 bytes, Stack size 8 bytes, stm32f4xx_hal.o(i.HAL_Init))
<BR><BR>[Stack]<UL><LI>Max Depth = 40<LI>Call Chain = HAL_Init &rArr; HAL_InitTick &rArr; HAL_NVIC_SetPriority
</UL>
<BR>[Calls]<UL><LI><a href="#[8a]">&gt;&gt;</a>&nbsp;&nbsp;&nbsp;HAL_MspInit
<LI><a href="#[89]">&gt;&gt;</a>&nbsp;&nbsp;&nbsp;HAL_InitTick
<LI><a href="#[88]">&gt;&gt;</a>&nbsp;&nbsp;&nbsp;HAL_NVIC_SetPriorityGrouping
</UL>
<BR>[Called By]<UL><LI><a href="#[70]">&gt;&gt;</a>&nbsp;&nbsp;&nbsp;main
</UL>

<P><STRONG><a name="[89]"></a>HAL_InitTick</STRONG> (Thumb, 54 bytes, Stack size 16 bytes, stm32f4xx_hal.o(i.HAL_InitTick))
<BR><BR>[Stack]<UL><LI>Max Depth = 32<LI>Call Chain = HAL_InitTick &rArr; HAL_NVIC_SetPriority
</UL>
<BR>[Calls]<UL><LI><a href="#[8b]">&gt;&gt;</a>&nbsp;&nbsp;&nbsp;HAL_SYSTICK_Config
<LI><a href="#[8c]">&gt;&gt;</a>&nbsp;&nbsp;&nbsp;HAL_NVIC_SetPriority
</UL>
<BR>[Called By]<UL><LI><a href="#[8e]">&gt;&gt;</a>&nbsp;&nbsp;&nbsp;HAL_RCC_ClockConfig
<LI><a href="#[87]">&gt;&gt;</a>&nbsp;&nbsp;&nbsp;HAL_Init
</UL>

<P><STRONG><a name="[8a]"></a>HAL_MspInit</STRONG> (Thumb, 42 bytes, Stack size 8 bytes, stm32f4xx_hal_msp.o(i.HAL_MspInit))
<BR><BR>[Stack]<UL><LI>Max Depth = 8<LI>Call Chain = HAL_MspInit
</UL>
<BR>[Called By]<UL><LI><a href="#[87]">&gt;&gt;</a>&nbsp;&nbsp;&nbsp;HAL_Init
</UL>

<P><STRONG><a name="[8c]"></a>HAL_NVIC_SetPriority</STRONG> (Thumb, 60 bytes, Stack size 16 bytes, stm32f4xx_hal_cortex.o(i.HAL_NVIC_SetPriority))
<BR><BR>[Stack]<UL><LI>Max Depth = 16<LI>Call Chain = HAL_NVIC_SetPriority
</UL>
<BR>[Calls]<UL><LI><a href="#[8d]">&gt;&gt;</a>&nbsp;&nbsp;&nbsp;__NVIC_SetPriority
</UL>
<BR>[Called By]<UL><LI><a href="#[89]">&gt;&gt;</a>&nbsp;&nbsp;&nbsp;HAL_InitTick
</UL>

<P><STRONG><a name="[88]"></a>HAL_NVIC_SetPriorityGrouping</STRONG> (Thumb, 26 bytes, Stack size 0 bytes, stm32f4xx_hal_cortex.o(i.HAL_NVIC_SetPriorityGrouping))
<BR><BR>[Called By]<UL><LI><a href="#[87]">&gt;&gt;</a>&nbsp;&nbsp;&nbsp;HAL_Init
</UL>

<P><STRONG><a name="[8e]"></a>HAL_RCC_ClockConfig</STRONG> (Thumb, 288 bytes, Stack size 32 bytes, stm32f4xx_hal_rcc.o(i.HAL_RCC_ClockConfig))
<BR><BR>[Stack]<UL><LI>Max Depth = 88<LI>Call Chain = HAL_RCC_ClockConfig &rArr; HAL_RCC_GetSysClockFreq &rArr; __aeabi_uldivmod
</UL>
<BR>[Calls]<UL><LI><a href="#[8f]">&gt;&gt;</a>&nbsp;&nbsp;&nbsp;HAL_GetTick
<LI><a href="#[90]">&gt;&gt;</a>&nbsp;&nbsp;&nbsp;HAL_RCC_GetSysClockFreq
<LI><a href="#[89]">&gt;&gt;</a>&nbsp;&nbsp;&nbsp;HAL_InitTick
</UL>
<BR>[Called By]<UL><LI><a href="#[9c]">&gt;&gt;</a>&nbsp;&nbsp;&nbsp;SystemClock_Config
</UL>

<P><STRONG><a name="[9f]"></a>HAL_RCC_GetPCLK1Freq</STRONG> (Thumb, 20 bytes, Stack size 0 bytes, stm32f4xx_hal_rcc.o(i.HAL_RCC_GetPCLK1Freq))
<BR><BR>[Called By]<UL><LI><a href="#[95]">&gt;&gt;</a>&nbsp;&nbsp;&nbsp;UART_SetConfig
</UL>

<P><STRONG><a name="[9e]"></a>HAL_RCC_GetPCLK2Freq</STRONG> (Thumb, 20 bytes, Stack size 0 bytes, stm32f4xx_hal_rcc.o(i.HAL_RCC_GetPCLK2Freq))
<BR><BR>[Called By]<UL><LI><a href="#[95]">&gt;&gt;</a>&nbsp;&nbsp;&nbsp;UART_SetConfig
</UL>

<P><STRONG><a name="[90]"></a>HAL_RCC_GetSysClockFreq</STRONG> (Thumb, 88 bytes, Stack size 8 bytes, stm32f4xx_hal_rcc.o(i.HAL_RCC_GetSysClockFreq))
<BR><BR>[Stack]<UL><LI>Max Depth = 56<LI>Call Chain = HAL_RCC_GetSysClockFreq &rArr; __aeabi_uldivmod
</UL>
<BR>[Calls]<UL><LI><a href="#[91]">&gt;&gt;</a>&nbsp;&nbsp;&nbsp;__aeabi_uldivmod
</UL>
<BR>[Called By]<UL><LI><a href="#[8e]">&gt;&gt;</a>&nbsp;&nbsp;&nbsp;HAL_RCC_ClockConfig
</UL>

<P><STRONG><a name="[92]"></a>HAL_RCC_OscConfig</STRONG> (Thumb, 856 bytes, Stack size 40 bytes, stm32f4xx_hal_rcc.o(i.HAL_RCC_OscConfig))
<BR><BR>[Stack]<UL><LI>Max Depth = 40<LI>Call Chain = HAL_RCC_OscConfig
</UL>
<BR>[Calls]<UL><LI><a href="#[8f]">&gt;&gt;</a>&nbsp;&nbsp;&nbsp;HAL_GetTick
</UL>
<BR>[Called By]<UL><LI><a href="#[9c]">&gt;&gt;</a>&nbsp;&nbsp;&nbsp;SystemClock_Config
</UL>

<P><STRONG><a name="[8b]"></a>HAL_SYSTICK_Config</STRONG> (Thumb, 40 bytes, Stack size 8 bytes, stm32f4xx_hal_cortex.o(i.HAL_SYSTICK_Config))
<BR><BR>[Stack]<UL><LI>Max Depth = 8<LI>Call Chain = HAL_SYSTICK_Config
</UL>
<BR>[Calls]<UL><LI><a href="#[8d]">&gt;&gt;</a>&nbsp;&nbsp;&nbsp;__NVIC_SetPriority
</UL>
<BR>[Called By]<UL><LI><a href="#[89]">&gt;&gt;</a>&nbsp;&nbsp;&nbsp;HAL_InitTick
</UL>

<P><STRONG><a name="[93]"></a>HAL_UART_Init</STRONG> (Thumb, 100 bytes, Stack size 16 bytes, stm32f4xx_hal_uart.o(i.HAL_UART_Init))
<BR><BR>[Stack]<UL><LI>Max Depth = 88<LI>Call Chain = HAL_UART_Init &rArr; HAL_UART_MspInit &rArr; HAL_GPIO_Init
</UL>
<BR>[Calls]<UL><LI><a href="#[95]">&gt;&gt;</a>&nbsp;&nbsp;&nbsp;UART_SetConfig
<LI><a href="#[94]">&gt;&gt;</a>&nbsp;&nbsp;&nbsp;HAL_UART_MspInit
</UL>
<BR>[Called By]<UL><LI><a href="#[99]">&gt;&gt;</a>&nbsp;&nbsp;&nbsp;MX_USART2_UART_Init
</UL>

<P><STRONG><a name="[94]"></a>HAL_UART_MspInit</STRONG> (Thumb, 92 bytes, Stack size 32 bytes, usart.o(i.HAL_UART_MspInit))
<BR><BR>[Stack]<UL><LI>Max Depth = 72<LI>Call Chain = HAL_UART_MspInit &rArr; HAL_GPIO_Init
</UL>
<BR>[Calls]<UL><LI><a href="#[97]">&gt;&gt;</a>&nbsp;&nbsp;&nbsp;HAL_GPIO_Init
<LI><a href="#[96]">&gt;&gt;</a>&nbsp;&nbsp;&nbsp;__aeabi_memclr4
</UL>
<BR>[Called By]<UL><LI><a href="#[93]">&gt;&gt;</a>&nbsp;&nbsp;&nbsp;HAL_UART_Init
</UL>

<P><STRONG><a name="[86]"></a>HAL_UART_Transmit</STRONG> (Thumb, 160 bytes, Stack size 32 bytes, stm32f4xx_hal_uart.o(i.HAL_UART_Transmit))
<BR><BR>[Stack]<UL><LI>Max Depth = 64<LI>Call Chain = HAL_UART_Transmit &rArr; UART_WaitOnFlagUntilTimeout
</UL>
<BR>[Calls]<UL><LI><a href="#[8f]">&gt;&gt;</a>&nbsp;&nbsp;&nbsp;HAL_GetTick
<LI><a href="#[98]">&gt;&gt;</a>&nbsp;&nbsp;&nbsp;UART_WaitOnFlagUntilTimeout
</UL>
<BR>[Called By]<UL><LI><a href="#[85]">&gt;&gt;</a>&nbsp;&nbsp;&nbsp;CRC_LogResults
</UL>

<P><STRONG><a name="[5]"></a>HardFault_Handler</STRONG> (Thumb, 2 bytes, Stack size 0 bytes, stm32f4xx_it.o(i.HardFault_Handler))
<BR><BR>[Calls]<UL><LI><a href="#[5]">&gt;&gt;</a>&nbsp;&nbsp;&nbsp;HardFault_Handler
</UL>
<BR>[Called By]<UL><LI><a href="#[5]">&gt;&gt;</a>&nbsp;&nbsp;&nbsp;HardFault_Handler
</UL>
<BR>[Address Reference Count : 1]<UL><LI> startup_stm32f401xe.o(RESET)
</UL>
<P><STRONG><a name="[b7]"></a>MX_GPIO_Init</STRONG> (Thumb, 38 bytes, Stack size 8 bytes, gpio.o(i.MX_GPIO_Init))
<BR><BR>[Stack]<UL><LI>Max Depth = 8<LI>Call Chain = MX_GPIO_Init
</UL>
<BR>[Called By]<UL><LI><a href="#[70]">&gt;&gt;</a>&nbsp;&nbsp;&nbsp;main
</UL>

<P><STRONG><a name="[99]"></a>MX_USART2_UART_Init</STRONG> (Thumb, 48 bytes, Stack size 8 bytes, usart.o(i.MX_USART2_UART_Init))
<BR><BR>[Stack]<UL><LI>Max Depth = 96<LI>Call Chain = MX_USART2_UART_Init &rArr; HAL_UART_Init &rArr; HAL_UART_MspInit &rArr; HAL_GPIO_Init
</UL>
<BR>[Calls]<UL><LI><a href="#[93]">&gt;&gt;</a>&nbsp;&nbsp;&nbsp;HAL_UART_Init
<LI><a href="#[9a]">&gt;&gt;</a>&nbsp;&nbsp;&nbsp;Error_Handler
</UL>
<BR>[Called By]<UL><LI><a href="#[70]">&gt;&gt;</a>&nbsp;&nbsp;&nbsp;main
</UL>

<P><STRONG><a name="[6]"></a>MemManage_Handler</STRONG> (Thumb, 2 bytes, Stack size 0 bytes, stm32f4xx_it.o(i.MemManage_Handler))
<BR><BR>[Calls]<UL><LI><a href="#[6]">&gt;&gt;</a>&nbsp;&nbsp;&nbsp;MemManage_Handler
</UL>
<BR>[Called By]<UL><LI><a href="#[6]">&gt;&gt;</a>&nbsp;&nbsp;&nbsp;MemManage_Handler
</UL>
<BR>[Address Reference Count : 1]<UL><LI> startup_stm32f401xe.o(RESET)
</UL>
<P><STRONG><a name="[4]"></a>NMI_Handler</STRONG> (Thumb, 2 bytes, Stack size 0 bytes, stm32f4xx_it.o(i.NMI_Handler))
<BR><BR>[Calls]<UL><LI><a href="#[4]">&gt;&gt;</a>&nbsp;&nbsp;&nbsp;NMI_Handler
</UL>
<BR>[Called By]<UL><LI><a href="#[4]">&gt;&gt;</a>&nbsp;&nbsp;&nbsp;NMI_Handler
</UL>
<BR>[Address Reference Count : 1]<UL><LI> startup_stm32f401xe.o(RESET)
</UL>
<P><STRONG><a name="[b]"></a>PendSV_Handler</STRONG> (Thumb, 2 bytes, Stack size 0 bytes, stm32f4xx_it.o(i.PendSV_Handler))
<BR>[Address Reference Count : 1]<UL><LI> startup_stm32f401xe.o(RESET)
</UL>
<P><STRONG><a name="[9]"></a>SVC_Handler</STRONG> (Thumb, 2 bytes, Stack size 0 bytes, stm32f4xx_it.o(i.SVC_Handler))
<BR>[Address Reference Count : 1]<UL><LI> startup_stm32f401xe.o(RESET)
</UL>
<P><STRONG><a name="[c]"></a>SysTick_Handler</STRONG> (Thumb, 4 bytes, Stack size 0 bytes, stm32f4xx_it.o(i.SysTick_Handler))
<BR><BR>[Calls]<UL><LI><a href="#[9b]">&gt;&gt;</a>&nbsp;&nbsp;&nbsp;HAL_IncTick
</UL>
<BR>[Address Reference Count : 1]<UL><LI> startup_stm32f401xe.o(RESET)
</UL>
<P><STRONG><a name="[9c]"></a>SystemClock_Config</STRONG> (Thumb, 138 bytes, Stack size 88 bytes, main.o(i.SystemClock_Config))
<BR><BR>[Stack]<UL><LI>Max Depth = 176<LI>Call Chain = SystemClock_Config &rArr; HAL_RCC_ClockConfig &rArr; HAL_RCC_GetSysClockFreq &rArr; __aeabi_uldivmod
</UL>
<BR>[Calls]<UL><LI><a href="#[92]">&gt;&gt;</a>&nbsp;&nbsp;&nbsp;HAL_RCC_OscConfig
<LI><a href="#[8e]">&gt;&gt;</a>&nbsp;&nbsp;&nbsp;HAL_RCC_ClockConfig
<LI><a href="#[96]">&gt;&gt;</a>&nbsp;&nbsp;&nbsp;__aeabi_memclr4
</UL>
<BR>[Called By]<UL><LI><a href="#[70]">&gt;&gt;</a>&nbsp;&nbsp;&nbsp;main
</UL>

<P><STRONG><a name="[45]"></a>SystemInit</STRONG> (Thumb, 12 bytes, Stack size 0 bytes, system_stm32f4xx.o(i.SystemInit))
<BR>[Address Reference Count : 1]<UL><LI> startup_stm32f401xe.o(.text)
</UL>
<P><STRONG><a name="[8]"></a>UsageFault_Handler</STRONG> (Thumb, 2 bytes, Stack size 0 bytes, stm32f4xx_it.o(i.UsageFault_Handler))
<BR><BR>[Calls]<UL><LI><a href="#[8]">&gt;&gt;</a>&nbsp;&nbsp;&nbsp;UsageFault_Handler
</UL>
<BR>[Called By]<UL><LI><a href="#[8]">&gt;&gt;</a>&nbsp;&nbsp;&nbsp;UsageFault_Handler
</UL>
<BR>[Address Reference Count : 1]<UL><LI> startup_stm32f401xe.o(RESET)
</UL>
<P><STRONG><a name="[7e]"></a>_is_digit</STRONG> (Thumb, 14 bytes, Stack size 0 bytes, __printf_wp.o(i._is_digit))
<BR><BR>[Called By]<UL><LI><a href="#[7d]">&gt;&gt;</a>&nbsp;&nbsp;&nbsp;__printf
</UL>

<P><STRONG><a name="[aa]"></a>crc16</STRONG> (Thumb, 52 bytes, Stack size 20 bytes, crc16_sw.o(i.crc16))
<BR><BR>[Stack]<UL><LI>Max Depth = 20<LI>Call Chain = crc16
</UL>
<BR>[Called By]<UL><LI><a href="#[50]">&gt;&gt;</a>&nbsp;&nbsp;&nbsp;dut_crc16
</UL>

<P><STRONG><a name="[ab]"></a>crc16_ccitt</STRONG> (Thumb, 36 bytes, Stack size 0 bytes, crc16_sw.o(i.crc16_ccitt))
<BR><BR>[Called By]<UL><LI><a href="#[51]">&gt;&gt;</a>&nbsp;&nbsp;&nbsp;dut_crc16_ccitt
</UL>

<P><STRONG><a name="[ac]"></a>crc16_itu_t</STRONG> (Thumb, 40 bytes, Stack size 0 bytes, crc16_sw.o(i.crc16_itu_t))
<BR><BR>[Called By]<UL><LI><a href="#[53]">&gt;&gt;</a>&nbsp;&nbsp;&nbsp;dut_crc16_itu_t
</UL>

<P><STRONG><a name="[ad]"></a>crc16_reflect</STRONG> (Thumb, 42 bytes, Stack size 16 bytes, crc16_sw.o(i.crc16_reflect))
<BR><BR>[Stack]<UL><LI>Max Depth = 16<LI>Call Chain = crc16_reflect
</UL>
<BR>[Called By]<UL><LI><a href="#[52]">&gt;&gt;</a>&nbsp;&nbsp;&nbsp;dut_crc16_reflect
</UL>

<P><STRONG><a name="[a0]"></a>crc24_pgp</STRONG> (Thumb, 18 bytes, Stack size 4 bytes, crc24_sw.o(i.crc24_pgp))
<BR><BR>[Stack]<UL><LI>Max Depth = 16<LI>Call Chain = crc24_pgp &rArr; crc24_pgp_update
</UL>
<BR>[Calls]<UL><LI><a href="#[a1]">&gt;&gt;</a>&nbsp;&nbsp;&nbsp;crc24_pgp_update
</UL>
<BR>[Called By]<UL><LI><a href="#[4d]">&gt;&gt;</a>&nbsp;&nbsp;&nbsp;dut_crc24_pgp
</UL>

<P><STRONG><a name="[a1]"></a>crc24_pgp_update</STRONG> (Thumb, 38 bytes, Stack size 12 bytes, crc24_sw.o(i.crc24_pgp_update))
<BR><BR>[Stack]<UL><LI>Max Depth = 12<LI>Call Chain = crc24_pgp_update
</UL>
<BR>[Called By]<UL><LI><a href="#[a0]">&gt;&gt;</a>&nbsp;&nbsp;&nbsp;crc24_pgp
<LI><a href="#[4e]">&gt;&gt;</a>&nbsp;&nbsp;&nbsp;dut_crc24_pgp_chunked
</UL>

<P><STRONG><a name="[ae]"></a>crc24q_rtcm3</STRONG> (Thumb, 36 bytes, Stack size 12 bytes, crc24_sw.o(i.crc24q_rtcm3))
<BR><BR>[Stack]<UL><LI>Max Depth = 12<LI>Call Chain = crc24q_rtcm3
</UL>
<BR>[Called By]<UL><LI><a href="#[4f]">&gt;&gt;</a>&nbsp;&nbsp;&nbsp;dut_crc24q
</UL>

<P><STRONG><a name="[af]"></a>crc32_c</STRONG> (Thumb, 64 bytes, Stack size 20 bytes, crc32c_sw.o(i.crc32_c))
<BR><BR>[Stack]<UL><LI>Max Depth = 20<LI>Call Chain = crc32_c
</UL>
<BR>[Called By]<UL><LI><a href="#[4b]">&gt;&gt;</a>&nbsp;&nbsp;&nbsp;dut_crc32_c
</UL>

<P><STRONG><a name="[a2]"></a>crc32_ieee</STRONG> (Thumb, 10 bytes, Stack size 0 bytes, crc32_sw.o(i.crc32_ieee))
<BR><BR>[Stack]<UL><LI>Max Depth = 16<LI>Call Chain = crc32_ieee &rArr; crc32_ieee_update
</UL>
<BR>[Calls]<UL><LI><a href="#[a3]">&gt;&gt;</a>&nbsp;&nbsp;&nbsp;crc32_ieee_update
</UL>
<BR>[Called By]<UL><LI><a href="#[49]">&gt;&gt;</a>&nbsp;&nbsp;&nbsp;dut_crc32_ieee
</UL>

<P><STRONG><a name="[a3]"></a>crc32_ieee_update</STRONG> (Thumb, 54 bytes, Stack size 16 bytes, crc32_sw.o(i.crc32_ieee_update))
<BR><BR>[Stack]<UL><LI>Max Depth = 16<LI>Call Chain = crc32_ieee_update
</UL>
<BR>[Called By]<UL><LI><a href="#[a2]">&gt;&gt;</a>&nbsp;&nbsp;&nbsp;crc32_ieee
<LI><a href="#[4a]">&gt;&gt;</a>&nbsp;&nbsp;&nbsp;dut_crc32_ieee_chunked
</UL>

<P><STRONG><a name="[b0]"></a>crc32_k_4_2_update</STRONG> (Thumb, 48 bytes, Stack size 16 bytes, crc32k_4_2_sw.o(i.crc32_k_4_2_update))
<BR><BR>[Stack]<UL><LI>Max Depth = 16<LI>Call Chain = crc32_k_4_2_update
</UL>
<BR>[Called By]<UL><LI><a href="#[4c]">&gt;&gt;</a>&nbsp;&nbsp;&nbsp;dut_crc32_k
</UL>

<P><STRONG><a name="[b1]"></a>crc4</STRONG> (Thumb, 98 bytes, Stack size 20 bytes, crc4_sw.o(i.crc4))
<BR><BR>[Stack]<UL><LI>Max Depth = 20<LI>Call Chain = crc4
</UL>
<BR>[Called By]<UL><LI><a href="#[58]">&gt;&gt;</a>&nbsp;&nbsp;&nbsp;dut_crc4_msb
<LI><a href="#[59]">&gt;&gt;</a>&nbsp;&nbsp;&nbsp;dut_crc4_lsb
</UL>

<P><STRONG><a name="[b2]"></a>crc4_ti</STRONG> (Thumb, 64 bytes, Stack size 20 bytes, crc4_sw.o(i.crc4_ti))
<BR><BR>[Stack]<UL><LI>Max Depth = 20<LI>Call Chain = crc4_ti
</UL>
<BR>[Called By]<UL><LI><a href="#[5b]">&gt;&gt;</a>&nbsp;&nbsp;&nbsp;dut_crc4_ti
</UL>

<P><STRONG><a name="[b3]"></a>crc7_be</STRONG> (Thumb, 32 bytes, Stack size 0 bytes, crc7_sw.o(i.crc7_be))
<BR><BR>[Called By]<UL><LI><a href="#[5c]">&gt;&gt;</a>&nbsp;&nbsp;&nbsp;dut_crc7
</UL>

<P><STRONG><a name="[b5]"></a>crc8</STRONG> (Thumb, 62 bytes, Stack size 20 bytes, crc8_sw.o(i.crc8))
<BR><BR>[Stack]<UL><LI>Max Depth = 20<LI>Call Chain = crc8
</UL>
<BR>[Called By]<UL><LI><a href="#[56]">&gt;&gt;</a>&nbsp;&nbsp;&nbsp;dut_crc8_msb
<LI><a href="#[57]">&gt;&gt;</a>&nbsp;&nbsp;&nbsp;dut_crc8_lsb
</UL>

<P><STRONG><a name="[b4]"></a>crc8_ccitt</STRONG> (Thumb, 44 bytes, Stack size 12 bytes, crc8_sw.o(i.crc8_ccitt))
<BR><BR>[Stack]<UL><LI>Max Depth = 12<LI>Call Chain = crc8_ccitt
</UL>
<BR>[Called By]<UL><LI><a href="#[54]">&gt;&gt;</a>&nbsp;&nbsp;&nbsp;dut_crc8_ccitt
</UL>

<P><STRONG><a name="[b6]"></a>crc8_rohc</STRONG> (Thumb, 40 bytes, Stack size 12 bytes, crc8_sw.o(i.crc8_rohc))
<BR><BR>[Stack]<UL><LI>Max Depth = 12<LI>Call Chain = crc8_rohc
</UL>
<BR>[Called By]<UL><LI><a href="#[55]">&gt;&gt;</a>&nbsp;&nbsp;&nbsp;dut_crc8_rohc
</UL>

<P><STRONG><a name="[b8]"></a>crc_get_test_count</STRONG> (Thumb, 4 bytes, Stack size 0 bytes, crc_test.o(i.crc_get_test_count))
<BR><BR>[Called By]<UL><LI><a href="#[70]">&gt;&gt;</a>&nbsp;&nbsp;&nbsp;main
</UL>

<P><STRONG><a name="[a4]"></a>crc_get_test_results</STRONG> (Thumb, 16 bytes, Stack size 8 bytes, crc_test.o(i.crc_get_test_results))
<BR><BR>[Stack]<UL><LI>Max Depth = 104<LI>Call Chain = crc_get_test_results &rArr; crc_run_all_tests &rArr; crc_reference_msb
</UL>
<BR>[Calls]<UL><LI><a href="#[a5]">&gt;&gt;</a>&nbsp;&nbsp;&nbsp;crc_run_all_tests
</UL>
<BR>[Called By]<UL><LI><a href="#[70]">&gt;&gt;</a>&nbsp;&nbsp;&nbsp;main
</UL>

<P><STRONG><a name="[a5]"></a>crc_run_all_tests</STRONG> (Thumb, 140 bytes, Stack size 40 bytes, crc_test.o(i.crc_run_all_tests))
<BR><BR>[Stack]<UL><LI>Max Depth = 96<LI>Call Chain = crc_run_all_tests &rArr; crc_reference_msb
</UL>
<BR>[Calls]<UL><LI><a href="#[a9]">&gt;&gt;</a>&nbsp;&nbsp;&nbsp;crc_reference_msb
<LI><a href="#[a8]">&gt;&gt;</a>&nbsp;&nbsp;&nbsp;crc_reference_lsb
<LI><a href="#[a6]">&gt;&gt;</a>&nbsp;&nbsp;&nbsp;crc_mask
</UL>
<BR>[Called By]<UL><LI><a href="#[a4]">&gt;&gt;</a>&nbsp;&nbsp;&nbsp;crc_get_test_results
<LI><a href="#[70]">&gt;&gt;</a>&nbsp;&nbsp;&nbsp;main
</UL>

<P><STRONG><a name="[70]"></a>main</STRONG> (Thumb, 50 bytes, Stack size 0 bytes, main.o(i.main))
<BR><BR>[Stack]<UL><LI>Max Depth = 304 + Unknown Stack Size
<LI>Call Chain = main &rArr; CRC_LogResults &rArr; __2snprintf &rArr; _printf_char_common &rArr; __printf
</UL>
<BR>[Calls]<UL><LI><a href="#[a5]">&gt;&gt;</a>&nbsp;&nbsp;&nbsp;crc_run_all_tests
<LI><a href="#[a4]">&gt;&gt;</a>&nbsp;&nbsp;&nbsp;crc_get_test_results
<LI><a href="#[b8]">&gt;&gt;</a>&nbsp;&nbsp;&nbsp;crc_get_test_count
<LI><a href="#[99]">&gt;&gt;</a>&nbsp;&nbsp;&nbsp;MX_USART2_UART_Init
<LI><a href="#[b7]">&gt;&gt;</a>&nbsp;&nbsp;&nbsp;MX_GPIO_Init
<LI><a href="#[87]">&gt;&gt;</a>&nbsp;&nbsp;&nbsp;HAL_Init
<LI><a href="#[9c]">&gt;&gt;</a>&nbsp;&nbsp;&nbsp;SystemClock_Config
<LI><a href="#[85]">&gt;&gt;</a>&nbsp;&nbsp;&nbsp;CRC_LogResults
</UL>
<BR>[Called By]<UL><LI><a href="#[6f]">&gt;&gt;</a>&nbsp;&nbsp;&nbsp;__rt_entry_main
</UL>

<P><STRONG><a name="[6a]"></a>_fp_init</STRONG> (Thumb, 10 bytes, Stack size 0 bytes, fpinit.o(x$fpl$fpinit))
<BR><BR>[Called By]<UL><LI><a href="#[69]">&gt;&gt;</a>&nbsp;&nbsp;&nbsp;__rt_lib_init_fp_1
</UL>

<P><STRONG><a name="[eb]"></a>__fplib_config_fpu_vfp</STRONG> (Thumb, 0 bytes, Stack size unknown bytes, fpinit.o(x$fpl$fpinit), UNUSED)

<P><STRONG><a name="[ec]"></a>__fplib_config_pureend_doubles</STRONG> (Thumb, 0 bytes, Stack size unknown bytes, fpinit.o(x$fpl$fpinit), UNUSED)
<P>
<H3>
Local Symbols
</H3>
<P><STRONG><a name="[85]"></a>CRC_LogResults</STRONG> (Thumb, 154 bytes, Stack size 160 bytes, main.o(i.CRC_LogResults))
<BR><BR>[Stack]<UL><LI>Max Depth = 304 + Unknown Stack Size
<LI>Call Chain = CRC_LogResults &rArr; __2snprintf &rArr; _printf_char_common &rArr; __printf
</UL>
<BR>[Calls]<UL><LI><a href="#[86]">&gt;&gt;</a>&nbsp;&nbsp;&nbsp;HAL_UART_Transmit
<LI><a href="#[76]">&gt;&gt;</a>&nbsp;&nbsp;&nbsp;__2snprintf
</UL>
<BR>[Called By]<UL><LI><a href="#[70]">&gt;&gt;</a>&nbsp;&nbsp;&nbsp;main
</UL>

<P><STRONG><a name="[9d]"></a>UART_EndRxTransfer</STRONG> (Thumb, 78 bytes, Stack size 0 bytes, stm32f4xx_hal_uart.o(i.UART_EndRxTransfer))
<BR><BR>[Calls]<UL><LI><a href="#[9d]">&gt;&gt;</a>&nbsp;&nbsp;&nbsp;UART_EndRxTransfer
</UL>
<BR>[Called By]<UL><LI><a href="#[98]">&gt;&gt;</a>&nbsp;&nbsp;&nbsp;UART_WaitOnFlagUntilTimeout
<LI><a href="#[9d]">&gt;&gt;</a>&nbsp;&nbsp;&nbsp;UART_EndRxTransfer
</UL>

<P><STRONG><a name="[95]"></a>UART_SetConfig</STRONG> (Thumb, 258 bytes, Stack size 16 bytes, stm32f4xx_hal_uart.o(i.UART_SetConfig))
<BR><BR>[Stack]<UL><LI>Max Depth = 64<LI>Call Chain = UART_SetConfig &rArr; __aeabi_uldivmod
</UL>
<BR>[Calls]<UL><LI><a href="#[9e]">&gt;&gt;</a>&nbsp;&nbsp;&nbsp;HAL_RCC_GetPCLK2Freq
<LI><a href="#[9f]">&gt;&gt;</a>&nbsp;&nbsp;&nbsp;HAL_RCC_GetPCLK1Freq
<LI><a href="#[91]">&gt;&gt;</a>&nbsp;&nbsp;&nbsp;__aeabi_uldivmod
</UL>
<BR>[Called By]<UL><LI><a href="#[93]">&gt;&gt;</a>&nbsp;&nbsp;&nbsp;HAL_UART_Init
</UL>

<P><STRONG><a name="[98]"></a>UART_WaitOnFlagUntilTimeout</STRONG> (Thumb, 114 bytes, Stack size 32 bytes, stm32f4xx_hal_uart.o(i.UART_WaitOnFlagUntilTimeout))
<BR><BR>[Stack]<UL><LI>Max Depth = 32<LI>Call Chain = UART_WaitOnFlagUntilTimeout
</UL>
<BR>[Calls]<UL><LI><a href="#[8f]">&gt;&gt;</a>&nbsp;&nbsp;&nbsp;HAL_GetTick
<LI><a href="#[9d]">&gt;&gt;</a>&nbsp;&nbsp;&nbsp;UART_EndRxTransfer
</UL>
<BR>[Called By]<UL><LI><a href="#[86]">&gt;&gt;</a>&nbsp;&nbsp;&nbsp;HAL_UART_Transmit
</UL>

<P><STRONG><a name="[8d]"></a>__NVIC_SetPriority</STRONG> (Thumb, 32 bytes, Stack size 0 bytes, stm32f4xx_hal_cortex.o(i.__NVIC_SetPriority))
<BR><BR>[Called By]<UL><LI><a href="#[8b]">&gt;&gt;</a>&nbsp;&nbsp;&nbsp;HAL_SYSTICK_Config
<LI><a href="#[8c]">&gt;&gt;</a>&nbsp;&nbsp;&nbsp;HAL_NVIC_SetPriority
</UL>

<P><STRONG><a name="[a6]"></a>crc_mask</STRONG> (Thumb, 28 bytes, Stack size 8 bytes, crc_test.o(i.crc_mask))
<BR><BR>[Stack]<UL><LI>Max Depth = 8<LI>Call Chain = crc_mask
</UL>
<BR>[Calls]<UL><LI><a href="#[a7]">&gt;&gt;</a>&nbsp;&nbsp;&nbsp;__aeabi_llsl
</UL>
<BR>[Called By]<UL><LI><a href="#[a5]">&gt;&gt;</a>&nbsp;&nbsp;&nbsp;crc_run_all_tests
</UL>

<P><STRONG><a name="[a8]"></a>crc_reference_lsb</STRONG> (Thumb, 136 bytes, Stack size 32 bytes, crc_test.o(i.crc_reference_lsb))
<BR><BR>[Stack]<UL><LI>Max Depth = 32<LI>Call Chain = crc_reference_lsb
</UL>
<BR>[Calls]<UL><LI><a href="#[a7]">&gt;&gt;</a>&nbsp;&nbsp;&nbsp;__aeabi_llsl
</UL>
<BR>[Called By]<UL><LI><a href="#[a5]">&gt;&gt;</a>&nbsp;&nbsp;&nbsp;crc_run_all_tests
</UL>

<P><STRONG><a name="[a9]"></a>crc_reference_msb</STRONG> (Thumb, 170 bytes, Stack size 56 bytes, crc_test.o(i.crc_reference_msb))
<BR><BR>[Stack]<UL><LI>Max Depth = 56<LI>Call Chain = crc_reference_msb
</UL>
<BR>[Calls]<UL><LI><a href="#[a7]">&gt;&gt;</a>&nbsp;&nbsp;&nbsp;__aeabi_llsl
</UL>
<BR>[Called By]<UL><LI><a href="#[a5]">&gt;&gt;</a>&nbsp;&nbsp;&nbsp;crc_run_all_tests
</UL>

<P><STRONG><a name="[50]"></a>dut_crc16</STRONG> (Thumb, 16 bytes, Stack size 0 bytes, crc_test.o(i.dut_crc16))
<BR><BR>[Stack]<UL><LI>Max Depth = 20<LI>Call Chain = dut_crc16 &rArr; crc16
</UL>
<BR>[Calls]<UL><LI><a href="#[aa]">&gt;&gt;</a>&nbsp;&nbsp;&nbsp;crc16
</UL>
<BR>[Address Reference Count : 1]<UL><LI> crc_test.o(.constdata)
</UL>
<P><STRONG><a name="[51]"></a>dut_crc16_ccitt</STRONG> (Thumb, 12 bytes, Stack size 0 bytes, crc_test.o(i.dut_crc16_ccitt))
<BR><BR>[Calls]<UL><LI><a href="#[ab]">&gt;&gt;</a>&nbsp;&nbsp;&nbsp;crc16_ccitt
</UL>
<BR>[Address Reference Count : 1]<UL><LI> crc_test.o(.constdata)
</UL>
<P><STRONG><a name="[53]"></a>dut_crc16_itu_t</STRONG> (Thumb, 10 bytes, Stack size 0 bytes, crc_test.o(i.dut_crc16_itu_t))
<BR><BR>[Calls]<UL><LI><a href="#[ac]">&gt;&gt;</a>&nbsp;&nbsp;&nbsp;crc16_itu_t
</UL>
<BR>[Address Reference Count : 1]<UL><LI> crc_test.o(.constdata)
</UL>
<P><STRONG><a name="[52]"></a>dut_crc16_reflect</STRONG> (Thumb, 16 bytes, Stack size 0 bytes, crc_test.o(i.dut_crc16_reflect))
<BR><BR>[Stack]<UL><LI>Max Depth = 16<LI>Call Chain = dut_crc16_reflect &rArr; crc16_reflect
</UL>
<BR>[Calls]<UL><LI><a href="#[ad]">&gt;&gt;</a>&nbsp;&nbsp;&nbsp;crc16_reflect
</UL>
<BR>[Address Reference Count : 1]<UL><LI> crc_test.o(.constdata)
</UL>
<P><STRONG><a name="[4d]"></a>dut_crc24_pgp</STRONG> (Thumb, 16 bytes, Stack size 8 bytes, crc_test.o(i.dut_crc24_pgp))
<BR><BR>[Stack]<UL><LI>Max Depth = 24<LI>Call Chain = dut_crc24_pgp &rArr; crc24_pgp &rArr; crc24_pgp_update
</UL>
<BR>[Calls]<UL><LI><a href="#[a0]">&gt;&gt;</a>&nbsp;&nbsp;&nbsp;crc24_pgp
</UL>
<BR>[Address Reference Count : 1]<UL><LI> crc_test.o(.constdata)
</UL>
<P><STRONG><a name="[4e]"></a>dut_crc24_pgp_chunked</STRONG> (Thumb, 28 bytes, Stack size 8 bytes, crc_test.o(i.dut_crc24_pgp_chunked))
<BR><BR>[Stack]<UL><LI>Max Depth = 20<LI>Call Chain = dut_crc24_pgp_chunked &rArr; crc24_pgp_update
</UL>
<BR>[Calls]<UL><LI><a href="#[a1]">&gt;&gt;</a>&nbsp;&nbsp;&nbsp;crc24_pgp_update
</UL>
<BR>[Address Reference Count : 1]<UL><LI> crc_test.o(.constdata)
</UL>
<P><STRONG><a name="[4f]"></a>dut_crc24q</STRONG> (Thumb, 16 bytes, Stack size 8 bytes, crc_test.o(i.dut_crc24q))
<BR><BR>[Stack]<UL><LI>Max Depth = 20<LI>Call Chain = dut_crc24q &rArr; crc24q_rtcm3
</UL>
<BR>[Calls]<UL><LI><a href="#[ae]">&gt;&gt;</a>&nbsp;&nbsp;&nbsp;crc24q_rtcm3
</UL>
<BR>[Address Reference Count : 1]<UL><LI> crc_test.o(.constdata)
</UL>
<P><STRONG><a name="[4b]"></a>dut_crc32_c</STRONG> (Thumb, 20 bytes, Stack size 8 bytes, crc_test.o(i.dut_crc32_c))
<BR><BR>[Stack]<UL><LI>Max Depth = 28<LI>Call Chain = dut_crc32_c &rArr; crc32_c
</UL>
<BR>[Calls]<UL><LI><a href="#[af]">&gt;&gt;</a>&nbsp;&nbsp;&nbsp;crc32_c
</UL>
<BR>[Address Reference Count : 1]<UL><LI> crc_test.o(.constdata)
</UL>
<P><STRONG><a name="[49]"></a>dut_crc32_ieee</STRONG> (Thumb, 8 bytes, Stack size 0 bytes, crc_test.o(i.dut_crc32_ieee))
<BR><BR>[Stack]<UL><LI>Max Depth = 16<LI>Call Chain = dut_crc32_ieee &rArr; crc32_ieee &rArr; crc32_ieee_update
</UL>
<BR>[Calls]<UL><LI><a href="#[a2]">&gt;&gt;</a>&nbsp;&nbsp;&nbsp;crc32_ieee
</UL>
<BR>[Address Reference Count : 1]<UL><LI> crc_test.o(.constdata)
</UL>
<P><STRONG><a name="[4a]"></a>dut_crc32_ieee_chunked</STRONG> (Thumb, 26 bytes, Stack size 8 bytes, crc_test.o(i.dut_crc32_ieee_chunked))
<BR><BR>[Stack]<UL><LI>Max Depth = 24<LI>Call Chain = dut_crc32_ieee_chunked &rArr; crc32_ieee_update
</UL>
<BR>[Calls]<UL><LI><a href="#[a3]">&gt;&gt;</a>&nbsp;&nbsp;&nbsp;crc32_ieee_update
</UL>
<BR>[Address Reference Count : 1]<UL><LI> crc_test.o(.constdata)
</UL>
<P><STRONG><a name="[4c]"></a>dut_crc32_k</STRONG> (Thumb, 10 bytes, Stack size 0 bytes, crc_test.o(i.dut_crc32_k))
<BR><BR>[Stack]<UL><LI>Max Depth = 16<LI>Call Chain = dut_crc32_k &rArr; crc32_k_4_2_update
</UL>
<BR>[Calls]<UL><LI><a href="#[b0]">&gt;&gt;</a>&nbsp;&nbsp;&nbsp;crc32_k_4_2_update
</UL>
<BR>[Address Reference Count : 1]<UL><LI> crc_test.o(.constdata)
</UL>
<P><STRONG><a name="[59]"></a>dut_crc4_lsb</STRONG> (Thumb, 24 bytes, Stack size 8 bytes, crc_test.o(i.dut_crc4_lsb))
<BR><BR>[Stack]<UL><LI>Max Depth = 28<LI>Call Chain = dut_crc4_lsb &rArr; crc4
</UL>
<BR>[Calls]<UL><LI><a href="#[b1]">&gt;&gt;</a>&nbsp;&nbsp;&nbsp;crc4
</UL>
<BR>[Address Reference Count : 1]<UL><LI> crc_test.o(.constdata)
</UL>
<P><STRONG><a name="[58]"></a>dut_crc4_msb</STRONG> (Thumb, 24 bytes, Stack size 8 bytes, crc_test.o(i.dut_crc4_msb))
<BR><BR>[Stack]<UL><LI>Max Depth = 28<LI>Call Chain = dut_crc4_msb &rArr; crc4
</UL>
<BR>[Calls]<UL><LI><a href="#[b1]">&gt;&gt;</a>&nbsp;&nbsp;&nbsp;crc4
</UL>
<BR>[Address Reference Count : 1]<UL><LI> crc_test.o(.constdata)
</UL>
<P><STRONG><a name="[5b]"></a>dut_crc4_ti</STRONG> (Thumb, 18 bytes, Stack size 8 bytes, crc_test.o(i.dut_crc4_ti))
<BR><BR>[Stack]<UL><LI>Max Depth = 28<LI>Call Chain = dut_crc4_ti &rArr; crc4_ti
</UL>
<BR>[Calls]<UL><LI><a href="#[b2]">&gt;&gt;</a>&nbsp;&nbsp;&nbsp;crc4_ti
</UL>
<BR>[Address Reference Count : 1]<UL><LI> crc_test.o(.constdata)
</UL>
<P><STRONG><a name="[5c]"></a>dut_crc7</STRONG> (Thumb, 18 bytes, Stack size 8 bytes, crc_test.o(i.dut_crc7))
<BR><BR>[Stack]<UL><LI>Max Depth = 8<LI>Call Chain = dut_crc7
</UL>
<BR>[Calls]<UL><LI><a href="#[b3]">&gt;&gt;</a>&nbsp;&nbsp;&nbsp;crc7_be
</UL>
<BR>[Address Reference Count : 1]<UL><LI> crc_test.o(.constdata)
</UL>
<P><STRONG><a name="[54]"></a>dut_crc8_ccitt</STRONG> (Thumb, 10 bytes, Stack size 0 bytes, crc_test.o(i.dut_crc8_ccitt))
<BR><BR>[Stack]<UL><LI>Max Depth = 12<LI>Call Chain = dut_crc8_ccitt &rArr; crc8_ccitt
</UL>
<BR>[Calls]<UL><LI><a href="#[b4]">&gt;&gt;</a>&nbsp;&nbsp;&nbsp;crc8_ccitt
</UL>
<BR>[Address Reference Count : 1]<UL><LI> crc_test.o(.constdata)
</UL>
<P><STRONG><a name="[57]"></a>dut_crc8_lsb</STRONG> (Thumb, 20 bytes, Stack size 8 bytes, crc_test.o(i.dut_crc8_lsb))
<BR><BR>[Stack]<UL><LI>Max Depth = 28<LI>Call Chain = dut_crc8_lsb &rArr; crc8
</UL>
<BR>[Calls]<UL><LI><a href="#[b5]">&gt;&gt;</a>&nbsp;&nbsp;&nbsp;crc8
</UL>
<BR>[Address Reference Count : 1]<UL><LI> crc_test.o(.constdata)
</UL>
<P><STRONG><a name="[56]"></a>dut_crc8_msb</STRONG> (Thumb, 20 bytes, Stack size 8 bytes, crc_test.o(i.dut_crc8_msb))
<BR><BR>[Stack]<UL><LI>Max Depth = 28<LI>Call Chain = dut_crc8_msb &rArr; crc8
</UL>
<BR>[Calls]<UL><LI><a href="#[b5]">&gt;&gt;</a>&nbsp;&nbsp;&nbsp;crc8
</UL>
<BR>[Address Reference Count : 1]<UL><LI> crc_test.o(.constdata)
</UL>
<P><STRONG><a name="[55]"></a>dut_crc8_rohc</STRONG> (Thumb, 10 bytes, Stack size 0 bytes, crc_test.o(i.dut_crc8_rohc))
<BR><BR>[Stack]<UL><LI>Max Depth = 12<LI>Call Chain = dut_crc8_rohc &rArr; crc8_rohc
</UL>
<BR>[Calls]<UL><LI><a href="#[b6]">&gt;&gt;</a>&nbsp;&nbsp;&nbsp;crc8_rohc
</UL>
<BR>[Address Reference Count : 1]<UL><LI> crc_test.o(.constdata)
</UL>
<P><STRONG><a name="[5a]"></a>ref_crc4_reversed</STRONG> (Thumb, 74 bytes, Stack size 20 bytes, crc_test.o(i.ref_crc4_reversed))
<BR><BR>[Stack]<UL><LI>Max Depth = 20<LI>Call Chain = ref_crc4_reversed
</UL>
<BR>[Address Reference Count : 1]<UL><LI> crc_test.o(.constdata)
</UL>
<P><STRONG><a name="[5d]"></a>ref_crc7</STRONG> (Thumb, 38 bytes, Stack size 0 bytes, crc_test.o(i.ref_crc7))
<BR>[Address Reference Count : 1]<UL><LI> crc_test.o(.constdata)
</UL>
<P><STRONG><a name="[48]"></a>_printf_input_char</STRONG> (Thumb, 10 bytes, Stack size 0 bytes, _printf_char_common.o(.text))
<BR>[Address Reference Count : 1]<UL><LI> _printf_char_common.o(.text)
</UL><P>
<H3>
Undefined Global Symbols
</H3><HR></body></html>
