<html>
<body>
<pre>
<h1>µVision Build Log</h1>
<h2>Tool Versions:</h2>
IDE-Version: ¦ÌVision V5.41.0.0
Copyright (C) 2024 ARM Ltd and ARM Germany GmbH. All rights reserved.
License Information: 1 1, 1, LIC=YA39H-WMC3A-HLLCL-095KD-Y9SMV-RJG1B
 
Tool Versions:
Toolchain:       MDK-ARM Plus  Version: 5.41.0.0
Toolchain Path:  G:\software_work\keil5.32\ARM\ARMCC\Bin
C Compiler:      Armcc.exe V5.06 update 7 (build 960)
Assembler:       Armasm.exe V5.06 update 7 (build 960)
Linker/Locator:  ArmLink.exe V5.06 update 7 (build 960)
Library Manager: ArmAr.exe V5.06 update 7 (build 960)
Hex Converter:   FromElf.exe V5.06 update 7 (build 960)
CPU DLL:         SARMCM3.DLL V5.41.0.0
Dialog DLL:      DCM.DLL V1.17.5.0
Target DLL:      STLink\ST-LINKIII-KEIL_SWO.dll V3.3.0.0
Dialog DLL:      TCM.DLL V1.56.4.0
 
<h2>Project:</h2>
G:\desktop\www.rocketpi.club\rocketpi_src\base_samples\rocketpi_sd_pic_to_lcd\MDK-ARM\rocketpi_sd_pic_to_lcd.uvprojx
Project File Date:  11/22/2025

<h2>Output:</h2>
*** Using Compiler 'V5.06 update 7 (build 960)', folder: 'G:\software_work\keil5.32\ARM\ARMCC\Bin'
Build target 'rocketpi_sd_pic_to_lcd'
assembling startup_stm32f401xe.s...
compiling stm32f4xx_ll_adc.c...
compiling gpio.c...
compiling sdio.c...
compiling spi.c...
compiling dma.c...
compiling stm32f4xx_hal_msp.c...
compiling stm32f4xx_hal_rcc_ex.c...
compiling stm32f4xx_hal_flash.c...
compiling usart.c...
compiling adc.c...
compiling stm32f4xx_it.c...
compiling stm32f4xx_hal_flash_ex.c...
compiling stm32f4xx_hal_adc_ex.c...
compiling stm32f4xx_hal_adc.c...
compiling main.c...
../Core/Src/main.c(405): warning:  #546-D: transfer of control bypasses initialization of:
            variable "cycle_start"  (declared at line 442)
            variable "frames_drawn"  (declared at line 443)
            variable "elapsed_ms"  (declared at line 464)
        goto cleanup;
        ^
../Core/Src/main.c(418): warning:  #546-D: transfer of control bypasses initialization of:
            variable "cycle_start"  (declared at line 442)
            variable "frames_drawn"  (declared at line 443)
            variable "elapsed_ms"  (declared at line 464)
        goto cleanup;
        ^
../Core/Src/main.c: 2 warnings, 0 errors
compiling stm32f4xx_hal_rcc.c...
compiling stm32f4xx_hal_flash_ramfunc.c...
compiling stm32f4xx_hal_gpio.c...
compiling stm32f4xx_hal_pwr.c...
compiling stm32f4xx_hal_cortex.c...
compiling stm32f4xx_hal_dma_ex.c...
compiling stm32f4xx_hal_mmc.c...
compiling stm32f4xx_hal_pwr_ex.c...
compiling stm32f4xx_hal_dma.c...
compiling system_stm32f4xx.c...
compiling stm32f4xx_hal_exti.c...
compiling stm32f4xx_hal.c...
compiling stm32f4xx_ll_sdmmc.c...
compiling stm32f4xx_hal_spi.c...
compiling stm32f4xx_hal_sd.c...
compiling stm32f4xx_hal_uart.c...
compiling bsp_driver_sd.c...
compiling debug_driver.c...
compiling sd_diskio.c...
compiling ff_gen_drv.c...
compiling syscall.c...
compiling fatfs_platform.c...
compiling fatfs.c...
compiling ccsbcs.c...
compiling diskio.c...
compiling st7789.c...
compiling ff.c...
linking...
Program Size: Code=33444 RO-data=2156 RW-data=56 ZI-data=84184  
FromELF: creating hex file...
"rocketpi_sd_pic_to_lcd\rocketpi_sd_pic_to_lcd.axf" - 0 Error(s), 2 Warning(s).

<h2>Software Packages used:</h2>

Package Vendor: ARM
                https://www.keil.com/pack/ARM.CMSIS.6.2.0.pack
                ARM::CMSIS@6.2.0
                CMSIS (Common Microcontroller Software Interface Standard)
   * Component: CORE Version: 6.1.1

Package Vendor: Keil
                https://www.keil.com/pack/Keil.STM32F4xx_DFP.3.1.0.pack
                Keil::STM32F4xx_DFP@3.1.0
                STMicroelectronics STM32F4 Series Device Support

<h2>Collection of Component include folders:</h2>
  ./RTE/_rocketpi_sd_pic_to_lcd
  G:/software_work/keil5.32/Packs/ARM/CMSIS/6.2.0/CMSIS/Core/Include

<h2>Collection of Component Files used:</h2>

   * Component: ARM::CMSIS:CORE@6.1.1
      Include file:  CMSIS/Core/Include/tz_context.h
Build Time Elapsed:  00:00:09
</pre>
</body>
</html>
