Component: ARM Compiler 5.06 update 7 (build 960) Tool: armlink [4d3601]

==============================================================================

Section Cross References

    startup_stm32f401xe.o(STACK) refers (Special) to heapauxi.o(.text) for __use_two_region_memory
    startup_stm32f401xe.o(HEAP) refers (Special) to heapauxi.o(.text) for __use_two_region_memory
    startup_stm32f401xe.o(RESET) refers (Special) to heapauxi.o(.text) for __use_two_region_memory
    startup_stm32f401xe.o(RESET) refers to startup_stm32f401xe.o(STACK) for __initial_sp
    startup_stm32f401xe.o(RESET) refers to startup_stm32f401xe.o(.text) for Reset_Handler
    startup_stm32f401xe.o(RESET) refers to stm32f4xx_it.o(i.NMI_Handler) for NMI_Handler
    startup_stm32f401xe.o(RESET) refers to stm32f4xx_it.o(i.HardFault_Handler) for HardFault_Handler
    startup_stm32f401xe.o(RESET) refers to stm32f4xx_it.o(i.MemManage_Handler) for MemManage_Handler
    startup_stm32f401xe.o(RESET) refers to stm32f4xx_it.o(i.BusFault_Handler) for BusFault_Handler
    startup_stm32f401xe.o(RESET) refers to stm32f4xx_it.o(i.UsageFault_Handler) for UsageFault_Handler
    startup_stm32f401xe.o(RESET) refers to stm32f4xx_it.o(i.SVC_Handler) for SVC_Handler
    startup_stm32f401xe.o(RESET) refers to stm32f4xx_it.o(i.DebugMon_Handler) for DebugMon_Handler
    startup_stm32f401xe.o(RESET) refers to stm32f4xx_it.o(i.PendSV_Handler) for PendSV_Handler
    startup_stm32f401xe.o(RESET) refers to stm32f4xx_it.o(i.SysTick_Handler) for SysTick_Handler
    startup_stm32f401xe.o(.text) refers (Special) to heapauxi.o(.text) for __use_two_region_memory
    startup_stm32f401xe.o(.text) refers to system_stm32f4xx.o(i.SystemInit) for SystemInit
    startup_stm32f401xe.o(.text) refers to __main.o(!!!main) for __main
    startup_stm32f401xe.o(.text) refers to startup_stm32f401xe.o(HEAP) for Heap_Mem
    startup_stm32f401xe.o(.text) refers to startup_stm32f401xe.o(STACK) for Stack_Mem
    main.o(i.SystemClock_Config) refers to rt_memclr_w.o(.text) for __aeabi_memclr4
    main.o(i.SystemClock_Config) refers to stm32f4xx_hal_rcc.o(i.HAL_RCC_OscConfig) for HAL_RCC_OscConfig
    main.o(i.SystemClock_Config) refers to stm32f4xx_hal_rcc.o(i.HAL_RCC_ClockConfig) for HAL_RCC_ClockConfig
    main.o(i.main) refers to stm32f4xx_hal.o(i.HAL_Init) for HAL_Init
    main.o(i.main) refers to main.o(i.SystemClock_Config) for SystemClock_Config
    main.o(i.main) refers to gpio.o(i.MX_GPIO_Init) for MX_GPIO_Init
    main.o(i.main) refers to usart.o(i.MX_USART2_UART_Init) for MX_USART2_UART_Init
    main.o(i.main) refers to spi.o(i.MX_SPI2_Init) for MX_SPI2_Init
    main.o(i.main) refers to driver_w25qxx_register_test.o(i.w25qxx_register_test) for w25qxx_register_test
    main.o(i.main) refers to driver_w25qxx_read_test.o(i.w25qxx_read_test) for w25qxx_read_test
    gpio.o(i.MX_GPIO_Init) refers to rt_memclr_w.o(.text) for __aeabi_memclr4
    gpio.o(i.MX_GPIO_Init) refers to stm32f4xx_hal_gpio.o(i.HAL_GPIO_WritePin) for HAL_GPIO_WritePin
    gpio.o(i.MX_GPIO_Init) refers to stm32f4xx_hal_gpio.o(i.HAL_GPIO_Init) for HAL_GPIO_Init
    spi.o(i.HAL_SPI_MspDeInit) refers to stm32f4xx_hal_gpio.o(i.HAL_GPIO_DeInit) for HAL_GPIO_DeInit
    spi.o(i.HAL_SPI_MspInit) refers to rt_memclr_w.o(.text) for __aeabi_memclr4
    spi.o(i.HAL_SPI_MspInit) refers to stm32f4xx_hal_gpio.o(i.HAL_GPIO_Init) for HAL_GPIO_Init
    spi.o(i.MX_SPI2_Init) refers to stm32f4xx_hal_spi.o(i.HAL_SPI_Init) for HAL_SPI_Init
    spi.o(i.MX_SPI2_Init) refers to main.o(i.Error_Handler) for Error_Handler
    spi.o(i.MX_SPI2_Init) refers to spi.o(.bss) for .bss
    usart.o(.rev16_text) refers (Special) to use_no_semi_2.o(.text) for __use_no_semihosting
    usart.o(.revsh_text) refers (Special) to use_no_semi_2.o(.text) for __use_no_semihosting
    usart.o(.rrx_text) refers (Special) to use_no_semi_2.o(.text) for __use_no_semihosting
    usart.o(i.HAL_UART_MspDeInit) refers (Special) to use_no_semi_2.o(.text) for __use_no_semihosting
    usart.o(i.HAL_UART_MspDeInit) refers to stm32f4xx_hal_gpio.o(i.HAL_GPIO_DeInit) for HAL_GPIO_DeInit
    usart.o(i.HAL_UART_MspInit) refers (Special) to use_no_semi_2.o(.text) for __use_no_semihosting
    usart.o(i.HAL_UART_MspInit) refers to rt_memclr_w.o(.text) for __aeabi_memclr4
    usart.o(i.HAL_UART_MspInit) refers to stm32f4xx_hal_gpio.o(i.HAL_GPIO_Init) for HAL_GPIO_Init
    usart.o(i.MX_USART2_UART_Init) refers (Special) to use_no_semi_2.o(.text) for __use_no_semihosting
    usart.o(i.MX_USART2_UART_Init) refers to stm32f4xx_hal_uart.o(i.HAL_UART_Init) for HAL_UART_Init
    usart.o(i.MX_USART2_UART_Init) refers to main.o(i.Error_Handler) for Error_Handler
    usart.o(i.MX_USART2_UART_Init) refers to usart.o(.bss) for .bss
    usart.o(i._sys_exit) refers (Special) to use_no_semi_2.o(.text) for __use_no_semihosting
    usart.o(i.fgetc) refers (Special) to use_no_semi_2.o(.text) for __use_no_semihosting
[...]
    i.w25qxx_set_interface                   0x0800d7f8   Section        0  driver_w25qxx.o(i.w25qxx_set_interface)
    i.w25qxx_set_read_parameters             0x0800d808   Section        0  driver_w25qxx.o(i.w25qxx_set_read_parameters)
    i.w25qxx_set_status1                     0x0800d8f4   Section        0  driver_w25qxx.o(i.w25qxx_set_status1)
    i.w25qxx_set_status2                     0x0800db78   Section        0  driver_w25qxx.o(i.w25qxx_set_status2)
    i.w25qxx_set_status3                     0x0800de00   Section        0  driver_w25qxx.o(i.w25qxx_set_status3)
    i.w25qxx_set_type                        0x0800e088   Section        0  driver_w25qxx.o(i.w25qxx_set_type)
    i.w25qxx_word_read_quad_io               0x0800e094   Section        0  driver_w25qxx.o(i.w25qxx_word_read_quad_io)
    i.w25qxx_write                           0x0800e2ac   Section        0  driver_w25qxx.o(i.w25qxx_write)
    locale$$code                             0x0800e3d4   Section       44  lc_numeric_c.o(locale$$code)
    locale$$code                             0x0800e400   Section       44  lc_ctype_c.o(locale$$code)
    x$fpl$dretinf                            0x0800e42c   Section       12  dretinf.o(x$fpl$dretinf)
    $v0                                      0x0800e42c   Number         0  dretinf.o(x$fpl$dretinf)
    x$fpl$f2d                                0x0800e438   Section       86  f2d.o(x$fpl$f2d)
    $v0                                      0x0800e438   Number         0  f2d.o(x$fpl$f2d)
    x$fpl$fnaninf                            0x0800e48e   Section      140  fnaninf.o(x$fpl$fnaninf)
    $v0                                      0x0800e48e   Number         0  fnaninf.o(x$fpl$fnaninf)
    x$fpl$fpinit                             0x0800e51a   Section       10  fpinit.o(x$fpl$fpinit)
    $v0                                      0x0800e51a   Number         0  fpinit.o(x$fpl$fpinit)
    x$fpl$printf1                            0x0800e524   Section        4  printf1.o(x$fpl$printf1)
    $v0                                      0x0800e524   Number         0  printf1.o(x$fpl$printf1)
    x$fpl$printf2                            0x0800e528   Section        4  printf2.o(x$fpl$printf2)
    $v0                                      0x0800e528   Number         0  printf2.o(x$fpl$printf2)
    .constdata                               0x0800e52c   Section       16  system_stm32f4xx.o(.constdata)
    x$fpl$usenofp                            0x0800e52c   Section        0  usenofp.o(x$fpl$usenofp)
    .constdata                               0x0800e53c   Section        8  system_stm32f4xx.o(.constdata)
    .constdata                               0x0800e544   Section       24  driver_w25qxx_read_test.o(.constdata)
    gsc_size                                 0x0800e544   Data          24  driver_w25qxx_read_test.o(.constdata)
    .constdata                               0x0800e55c   Section        8  _printf_wctomb.o(.constdata)
    initial_mbstate                          0x0800e55c   Data           8  _printf_wctomb.o(.constdata)
    .constdata                               0x0800e564   Section       40  _printf_hex_int_ll_ptr.o(.constdata)
    uc_hextab                                0x0800e564   Data          20  _printf_hex_int_ll_ptr.o(.constdata)
    lc_hextab                                0x0800e578   Data          20  _printf_hex_int_ll_ptr.o(.constdata)
    .constdata                               0x0800e58c   Section       17  __printf_flags_ss_wp.o(.constdata)
    maptable                                 0x0800e58c   Data          17  __printf_flags_ss_wp.o(.constdata)
    .constdata                               0x0800e59d   Section       38  _printf_fp_hex.o(.constdata)
    lc_hextab                                0x0800e59d   Data          19  _printf_fp_hex.o(.constdata)
    uc_hextab                                0x0800e5b0   Data          19  _printf_fp_hex.o(.constdata)
    .constdata                               0x0800e5c4   Section      148  bigflt0.o(.constdata)
    tenpwrs_x                                0x0800e5c4   Data          60  bigflt0.o(.constdata)
    tenpwrs_i                                0x0800e600   Data          64  bigflt0.o(.constdata)
    .conststring                             0x0800e658   Section       81  driver_w25qxx_read_test.o(.conststring)
    .conststring                             0x0800e6ac   Section       76  driver_w25qxx_register_test.o(.conststring)
    locale$$data                             0x0800e718   Section       28  lc_numeric_c.o(locale$$data)
    __lcnum_c_name                           0x0800e71c   Data           2  lc_numeric_c.o(locale$$data)
    __lcnum_c_start                          0x0800e724   Data           0  lc_numeric_c.o(locale$$data)
    __lcnum_c_point                          0x0800e730   Data           0  lc_numeric_c.o(locale$$data)
    __lcnum_c_thousands                      0x0800e732   Data           0  lc_numeric_c.o(locale$$data)
    __lcnum_c_grouping                       0x0800e733   Data           0  lc_numeric_c.o(locale$$data)
    locale$$data                             0x0800e734   Section      272  lc_ctype_c.o(locale$$data)
    __lcnum_c_end                            0x0800e734   Data           0  lc_numeric_c.o(locale$$data)
    __lcctype_c_name                         0x0800e738   Data           2  lc_ctype_c.o(locale$$data)
    __lcctype_c_start                        0x0800e740   Data           0  lc_ctype_c.o(locale$$data)
    __lcctype_c_end                          0x0800e844   Data           0  lc_ctype_c.o(locale$$data)
    .data                                    0x20000000   Section        4  usart.o(.data)
    .data                                    0x20000004   Section       12  stm32f4xx_hal.o(.data)
    .data                                    0x20000010   Section        4  system_stm32f4xx.o(.data)
    .bss                                     0x20000014   Section       88  spi.o(.bss)
    .bss                                     0x2000006c   Section       72  usart.o(.bss)
    .bss                                     0x200000b4   Section     5592  driver_w25qxx_read_test.o(.bss)
    gs_handle                                0x200000b4   Data        4392  driver_w25qxx_read_test.o(.bss)
    gs_buffer_input                          0x200011dc   Data         600  driver_w25qxx_read_test.o(.bss)
    gs_buffer_output                         0x20001434   Data         600  driver_w25qxx_read_test.o(.bss)
    .bss                                     0x2000168c   Section     4392  driver_w25qxx_register_test.o(.bss)
    gs_handle                                0x2000168c   Data        4392  driver_w25qxx_register_test.o(.bss)
    .bss                                     0x200027b4   Section      228  rand.o(.bss)
    .bss                                     0x20002898   Section       96  libspace.o(.bss)
    HEAP                                     0x200028f8   Section     2048  startup_stm32f401xe.o(HEAP)
    Heap_Mem                                 0x200028f8   Data        2048  startup_stm32f401xe.o(HEAP)
    STACK                                    0x200030f8   Section     2048  startup_stm32f401xe.o(STACK)
    Stack_Mem                                0x200030f8   Data        2048  startup_stm32f401xe.o(STACK)
    __initial_sp                             0x200038f8   Data           0  startup_stm32f401xe.o(STACK)

    Global Symbols

    Symbol Name                              Value     Ov Type        Size  Object(Section)

    BuildAttributes$$THM_ISAv4$E$P$D$K$B$S$7EM$VFPi3$EXTD16$VFPS$VFMA$PE$A:L22UL41UL21$X:L11$S22US41US21$IEEE1$IW$USESV6$~STKCKD$USESV7$~SHL$OTIME$ROPI$IEEEJ$EBA8$UX$STANDARDLIB$REQ8$PRES8$EABIv2 0x00000000   Number         0  anon$$obj.o ABSOLUTE
    __ARM_use_no_argv                        0x00000000   Number         0  main.o ABSOLUTE
    _printf_flags                            0x00000000   Number         0  printf_stubs.o ABSOLUTE
    _printf_return_value                     0x00000000   Number         0  printf_stubs.o ABSOLUTE
    _printf_sizespec                         0x00000000   Number         0  printf_stubs.o ABSOLUTE
    _printf_widthprec                        0x00000000   Number         0  printf_stubs.o ABSOLUTE
    __ARM_exceptions_init                     - Undefined Weak Reference
    __alloca_initialize                       - Undefined Weak Reference
    __arm_fini_                               - Undefined Weak Reference
    __arm_preinit_                            - Undefined Weak Reference
    __cpp_initialize__aeabi_                  - Undefined Weak Reference
    __cxa_finalize                            - Undefined Weak Reference
    __sigvec_lookup                           - Undefined Weak Reference
    _atexit_init                              - Undefined Weak Reference
    _call_atexit_fns                          - Undefined Weak Reference
    _clock_init                               - Undefined Weak Reference
    _fp_trap_init                             - Undefined Weak Reference
    _fp_trap_shutdown                         - Undefined Weak Reference
    _get_lc_collate                           - Undefined Weak Reference
    _get_lc_monetary                          - Undefined Weak Reference
    _get_lc_time                              - Undefined Weak Reference
    _getenv_init                              - Undefined Weak Reference
    _handle_redirection                       - Undefined Weak Reference
    _init_alloc                               - Undefined Weak Reference
    _init_user_alloc                          - Undefined Weak Reference
    _initio                                   - Undefined Weak Reference
    _printf_mbtowc                            - Undefined Weak Reference
    _printf_wc                                - Undefined Weak Reference
    _signal_finish                            - Undefined Weak Reference
    _signal_init                              - Undefined Weak Reference
    _terminate_alloc                          - Undefined Weak Reference
    _terminate_user_alloc                     - Undefined Weak Reference
    _terminateio                              - Undefined Weak Reference
    __Vectors_Size                           0x00000194   Number         0  startup_stm32f401xe.o ABSOLUTE
    __Vectors                                0x08000000   Data           4  startup_stm32f401xe.o(RESET)
    __Vectors_End                            0x08000194   Data           0  startup_stm32f401xe.o(RESET)
    __main                                   0x08000195   Thumb Code     8  __main.o(!!!main)
    __scatterload                            0x0800019d   Thumb Code     0  __scatter.o(!!!scatter)
    __scatterload_rt2                        0x0800019d   Thumb Code    44  __scatter.o(!!!scatter)
    __scatterload_rt2_thumb_only             0x0800019d   Thumb Code     0  __scatter.o(!!!scatter)
    __scatterload_null                       0x080001ab   Thumb Code     0  __scatter.o(!!!scatter)
    __scatterload_copy                       0x080001d1   Thumb Code    26  __scatter_copy.o(!!handler_copy)
    __scatterload_zeroinit                   0x080001ed   Thumb Code    28  __scatter_zi.o(!!handler_zi)
    _printf_n                                0x08000209   Thumb Code     0  _printf_n.o(.ARM.Collect$$_printf_percent$$00000001)
    _printf_percent                          0x08000209   Thumb Code     0  _printf_percent.o(.ARM.Collect$$_printf_percent$$00000000)
    _printf_p                                0x0800020f   Thumb Code     0  _printf_p.o(.ARM.Collect$$_printf_percent$$00000002)
    _printf_f                                0x08000215   Thumb Code     0  _printf_f.o(.ARM.Collect$$_printf_percent$$00000003)
    _printf_e                                0x0800021b   Thumb Code     0  _printf_e.o(.ARM.Collect$$_printf_percent$$00000004)
    _printf_g                                0x08000221   Thumb Code     0  _printf_g.o(.ARM.Collect$$_printf_percent$$00000005)
    _printf_a                                0x08000227   Thumb Code     0  _printf_a.o(.ARM.Collect$$_printf_percent$$00000006)
    _printf_ll                               0x0800022d   Thumb Code     0  _printf_ll.o(.ARM.Collect$$_printf_percent$$00000007)
    _printf_i                                0x08000237   Thumb Code     0  _printf_i.o(.ARM.Collect$$_printf_percent$$00000008)
    _printf_d                                0x0800023d   Thumb Code     0  _printf_d.o(.ARM.Collect$$_printf_percent$$00000009)
    _printf_u                                0x08000243   Thumb Code     0  _printf_u.o(.ARM.Collect$$_printf_percent$$0000000A)
    _printf_o                                0x08000249   Thumb Code     0  _printf_o.o(.ARM.Collect$$_printf_percent$$0000000B)
    _printf_x                                0x0800024f   Thumb Code     0  _printf_x.o(.ARM.Collect$$_printf_percent$$0000000C)
    _printf_lli                              0x08000255   Thumb Code     0  _printf_lli.o(.ARM.Collect$$_printf_percent$$0000000D)
    _printf_lld                              0x0800025b   Thumb Code     0  _printf_lld.o(.ARM.Collect$$_printf_percent$$0000000E)
    _printf_llu                              0x08000261   Thumb Code     0  _printf_llu.o(.ARM.Collect$$_printf_percent$$0000000F)
    _printf_llo                              0x08000267   Thumb Code     0  _printf_llo.o(.ARM.Collect$$_printf_percent$$00000010)
    _printf_llx                              0x0800026d   Thumb Code     0  _printf_llx.o(.ARM.Collect$$_printf_percent$$00000011)
    _printf_l                                0x08000273   Thumb Code     0  _printf_l.o(.ARM.Collect$$_printf_percent$$00000012)
    _printf_c                                0x0800027d   Thumb Code     0  _printf_c.o(.ARM.Collect$$_printf_percent$$00000013)
    _printf_s                                0x08000283   Thumb Code     0  _printf_s.o(.ARM.Collect$$_printf_percent$$00000014)
    _printf_lc                               0x08000289   Thumb Code     0  _printf_lc.o(.ARM.Collect$$_printf_percent$$00000015)
    _printf_ls                               0x0800028f   Thumb Code     0  _printf_ls.o(.ARM.Collect$$_printf_percent$$00000016)
    _printf_percent_end                      0x08000295   Thumb Code     0  _printf_percent_end.o(.ARM.Collect$$_printf_percent$$00000017)
    __rt_lib_init                            0x08000299   Thumb Code     0  libinit.o(.ARM.Collect$$libinit$$00000000)
    __rt_lib_init_fp_1                       0x0800029b   Thumb Code     0  libinit2.o(.ARM.Collect$$libinit$$00000001)
    __rt_lib_init_heap_1                     0x0800029f   Thumb Code     0  libinit2.o(.ARM.Collect$$libinit$$0000000A)
    __rt_lib_init_preinit_1                  0x0800029f   Thumb Code     0  libinit2.o(.ARM.Collect$$libinit$$00000004)
    __rt_lib_init_rand_2                     0x0800029f   Thumb Code     0  libinit2.o(.ARM.Collect$$libinit$$0000000D)
    __rt_lib_init_user_alloc_1               0x0800029f   Thumb Code     0  libinit2.o(.ARM.Collect$$libinit$$0000000C)
    __rt_lib_init_lc_common                  0x080002a3   Thumb Code     0  libinit2.o(.ARM.Collect$$libinit$$0000000F)
    __rt_lib_init_rand_1                     0x080002a3   Thumb Code     0  libinit2.o(.ARM.Collect$$libinit$$0000000E)
    __rt_lib_init_lc_collate_1               0x080002a9   Thumb Code     0  libinit2.o(.ARM.Collect$$libinit$$00000011)
    __rt_lib_init_lc_ctype_2                 0x080002a9   Thumb Code     0  libinit2.o(.ARM.Collect$$libinit$$00000012)
    __rt_lib_init_lc_ctype_1                 0x080002b5   Thumb Code     0  libinit2.o(.ARM.Collect$$libinit$$00000013)
    __rt_lib_init_lc_monetary_1              0x080002b5   Thumb Code     0  libinit2.o(.ARM.Collect$$libinit$$00000015)
    __rt_lib_init_lc_numeric_2               0x080002b5   Thumb Code     0  libinit2.o(.ARM.Collect$$libinit$$00000016)
    __rt_lib_init_alloca_1                   0x080002bf   Thumb Code     0  libinit2.o(.ARM.Collect$$libinit$$0000002E)
    __rt_lib_init_argv_1                     0x080002bf   Thumb Code     0  libinit2.o(.ARM.Collect$$libinit$$0000002C)
    __rt_lib_init_atexit_1                   0x080002bf   Thumb Code     0  libinit2.o(.ARM.Collect$$libinit$$0000001B)
    __rt_lib_init_clock_1                    0x080002bf   Thumb Code     0  libinit2.o(.ARM.Collect$$libinit$$00000021)
    __rt_lib_init_cpp_1                      0x080002bf   Thumb Code     0  libinit2.o(.ARM.Collect$$libinit$$00000032)
    __rt_lib_init_exceptions_1               0x080002bf   Thumb Code     0  libinit2.o(.ARM.Collect$$libinit$$00000030)
    __rt_lib_init_fp_trap_1                  0x080002bf   Thumb Code     0  libinit2.o(.ARM.Collect$$libinit$$0000001F)
    __rt_lib_init_getenv_1                   0x080002bf   Thumb Code     0  libinit2.o(.ARM.Collect$$libinit$$00000023)
    __rt_lib_init_lc_numeric_1               0x080002bf   Thumb Code     0  libinit2.o(.ARM.Collect$$libinit$$00000017)
    __rt_lib_init_lc_time_1                  0x080002bf   Thumb Code     0  libinit2.o(.ARM.Collect$$libinit$$00000019)
    __rt_lib_init_return                     0x080002bf   Thumb Code     0  libinit2.o(.ARM.Collect$$libinit$$00000033)
    __rt_lib_init_signal_1                   0x080002bf   Thumb Code     0  libinit2.o(.ARM.Collect$$libinit$$0000001D)
    __rt_lib_init_stdio_1                    0x080002bf   Thumb Code     0  libinit2.o(.ARM.Collect$$libinit$$00000025)
    __rt_lib_shutdown                        0x080002c1   Thumb Code     0  libshutdown.o(.ARM.Collect$$libshutdown$$00000000)
    __rt_lib_shutdown_cpp_1                  0x080002c3   Thumb Code     0  libshutdown2.o(.ARM.Collect$$libshutdown$$00000004)
    __rt_lib_shutdown_fini_1                 0x080002c3   Thumb Code     0  libshutdown2.o(.ARM.Collect$$libshutdown$$00000002)
    __rt_lib_shutdown_fp_trap_1              0x080002c3   Thumb Code     0  libshutdown2.o(.ARM.Collect$$libshutdown$$00000009)
    __rt_lib_shutdown_heap_1                 0x080002c3   Thumb Code     0  libshutdown2.o(.ARM.Collect$$libshutdown$$00000011)
    __rt_lib_shutdown_return                 0x080002c3   Thumb Code     0  libshutdown2.o(.ARM.Collect$$libshutdown$$00000012)
    __rt_lib_shutdown_signal_1               0x080002c3   Thumb Code     0  libshutdown2.o(.ARM.Collect$$libshutdown$$0000000C)
    __rt_lib_shutdown_stdio_1                0x080002c3   Thumb Code     0  libshutdown2.o(.ARM.Collect$$libshutdown$$00000006)
    __rt_lib_shutdown_user_alloc_1           0x080002c3   Thumb Code     0  libshutdown2.o(.ARM.Collect$$libshutdown$$0000000E)
    __rt_entry                               0x080002c5   Thumb Code     0  __rtentry.o(.ARM.Collect$$rtentry$$00000000)
    __rt_entry_presh_1                       0x080002c5   Thumb Code     0  __rtentry2.o(.ARM.Collect$$rtentry$$00000002)
    __rt_entry_sh                            0x080002c5   Thumb Code     0  __rtentry4.o(.ARM.Collect$$rtentry$$00000004)
    __rt_entry_li                            0x080002cb   Thumb Code     0  __rtentry2.o(.ARM.Collect$$rtentry$$0000000A)
    __rt_entry_postsh_1                      0x080002cb   Thumb Code     0  __rtentry2.o(.ARM.Collect$$rtentry$$00000009)
    __rt_entry_main                          0x080002cf   Thumb Code     0  __rtentry2.o(.ARM.Collect$$rtentry$$0000000D)
    __rt_entry_postli_1                      0x080002cf   Thumb Code     0  __rtentry2.o(.ARM.Collect$$rtentry$$0000000C)
    __rt_exit                                0x080002d7   Thumb Code     0  rtexit.o(.ARM.Collect$$rtexit$$00000000)
    __rt_exit_ls                             0x080002d9   Thumb Code     0  rtexit2.o(.ARM.Collect$$rtexit$$00000003)
    __rt_exit_prels_1                        0x080002d9   Thumb Code     0  rtexit2.o(.ARM.Collect$$rtexit$$00000002)
    __rt_exit_exit                           0x080002dd   Thumb Code     0  rtexit2.o(.ARM.Collect$$rtexit$$00000004)
    rand                                     0x080002e5   Thumb Code    48  rand.o(.emb_text)
    Reset_Handler                            0x08000319   Thumb Code     8  startup_stm32f401xe.o(.text)
    ADC_IRQHandler                           0x08000333   Thumb Code     0  startup_stm32f401xe.o(.text)
    DMA1_Stream0_IRQHandler                  0x08000333   Thumb Code     0  startup_stm32f401xe.o(.text)
    DMA1_Stream1_IRQHandler                  0x08000333   Thumb Code     0  startup_stm32f401xe.o(.text)
    DMA1_Stream2_IRQHandler                  0x08000333   Thumb Code     0  startup_stm32f401xe.o(.text)
    DMA1_Stream3_IRQHandler                  0x08000333   Thumb Code     0  startup_stm32f401xe.o(.text)
    DMA1_Stream4_IRQHandler                  0x08000333   Thumb Code     0  startup_stm32f401xe.o(.text)
    DMA1_Stream5_IRQHandler                  0x08000333   Thumb Code     0  startup_stm32f401xe.o(.text)
    DMA1_Stream6_IRQHandler                  0x08000333   Thumb Code     0  startup_stm32f401xe.o(.text)
    DMA1_Stream7_IRQHandler                  0x08000333   Thumb Code     0  startup_stm32f401xe.o(.text)
    DMA2_Stream0_IRQHandler                  0x08000333   Thumb Code     0  startup_stm32f401xe.o(.text)
    DMA2_Stream1_IRQHandler                  0x08000333   Thumb Code     0  startup_stm32f401xe.o(.text)
    DMA2_Stream2_IRQHandler                  0x08000333   Thumb Code     0  startup_stm32f401xe.o(.text)
    DMA2_Stream3_IRQHandler                  0x08000333   Thumb Code     0  startup_stm32f401xe.o(.text)
    DMA2_Stream4_IRQHandler                  0x08000333   Thumb Code     0  startup_stm32f401xe.o(.text)
    DMA2_Stream5_IRQHandler                  0x08000333   Thumb Code     0  startup_stm32f401xe.o(.text)
    DMA2_Stream6_IRQHandler                  0x08000333   Thumb Code     0  startup_stm32f401xe.o(.text)
    DMA2_Stream7_IRQHandler                  0x08000333   Thumb Code     0  startup_stm32f401xe.o(.text)
    EXTI0_IRQHandler                         0x08000333   Thumb Code     0  startup_stm32f401xe.o(.text)
    EXTI15_10_IRQHandler                     0x08000333   Thumb Code     0  startup_stm32f401xe.o(.text)
    EXTI1_IRQHandler                         0x08000333   Thumb Code     0  startup_stm32f401xe.o(.text)
    EXTI2_IRQHandler                         0x08000333   Thumb Code     0  startup_stm32f401xe.o(.text)
    EXTI3_IRQHandler                         0x08000333   Thumb Code     0  startup_stm32f401xe.o(.text)
    EXTI4_IRQHandler                         0x08000333   Thumb Code     0  startup_stm32f401xe.o(.text)
    EXTI9_5_IRQHandler                       0x08000333   Thumb Code     0  startup_stm32f401xe.o(.text)
    FLASH_IRQHandler                         0x08000333   Thumb Code     0  startup_stm32f401xe.o(.text)
    FPU_IRQHandler                           0x08000333   Thumb Code     0  startup_stm32f401xe.o(.text)
    I2C1_ER_IRQHandler                       0x08000333   Thumb Code     0  startup_stm32f401xe.o(.text)
    I2C1_EV_IRQHandler                       0x08000333   Thumb Code     0  startup_stm32f401xe.o(.text)
    I2C2_ER_IRQHandler                       0x08000333   Thumb Code     0  startup_stm32f401xe.o(.text)
    I2C2_EV_IRQHandler                       0x08000333   Thumb Code     0  startup_stm32f401xe.o(.text)
    I2C3_ER_IRQHandler                       0x08000333   Thumb Code     0  startup_stm32f401xe.o(.text)
    I2C3_EV_IRQHandler                       0x08000333   Thumb Code     0  startup_stm32f401xe.o(.text)
    OTG_FS_IRQHandler                        0x08000333   Thumb Code     0  startup_stm32f401xe.o(.text)
    OTG_FS_WKUP_IRQHandler                   0x08000333   Thumb Code     0  startup_stm32f401xe.o(.text)
    PVD_IRQHandler                           0x08000333   Thumb Code     0  startup_stm32f401xe.o(.text)
    RCC_IRQHandler                           0x08000333   Thumb Code     0  startup_stm32f401xe.o(.text)
    RTC_Alarm_IRQHandler                     0x08000333   Thumb Code     0  startup_stm32f401xe.o(.text)
    RTC_WKUP_IRQHandler                      0x08000333   Thumb Code     0  startup_stm32f401xe.o(.text)
    SDIO_IRQHandler                          0x08000333   Thumb Code     0  startup_stm32f401xe.o(.text)
    SPI1_IRQHandler                          0x08000333   Thumb Code     0  startup_stm32f401xe.o(.text)
    SPI2_IRQHandler                          0x08000333   Thumb Code     0  startup_stm32f401xe.o(.text)
    SPI3_IRQHandler                          0x08000333   Thumb Code     0  startup_stm32f401xe.o(.text)
    SPI4_IRQHandler                          0x08000333   Thumb Code     0  startup_stm32f401xe.o(.text)
    TAMP_STAMP_IRQHandler                    0x08000333   Thumb Code     0  startup_stm32f401xe.o(.text)
    TIM1_BRK_TIM9_IRQHandler                 0x08000333   Thumb Code     0  startup_stm32f401xe.o(.text)
    TIM1_CC_IRQHandler                       0x08000333   Thumb Code     0  startup_stm32f401xe.o(.text)
    TIM1_TRG_COM_TIM11_IRQHandler            0x08000333   Thumb Code     0  startup_stm32f401xe.o(.text)
    TIM1_UP_TIM10_IRQHandler                 0x08000333   Thumb Code     0  startup_stm32f401xe.o(.text)
    TIM2_IRQHandler                          0x08000333   Thumb Code     0  startup_stm32f401xe.o(.text)
    TIM3_IRQHandler                          0x08000333   Thumb Code     0  startup_stm32f401xe.o(.text)
    TIM4_IRQHandler                          0x08000333   Thumb Code     0  startup_stm32f401xe.o(.text)
    TIM5_IRQHandler                          0x08000333   Thumb Code     0  startup_stm32f401xe.o(.text)
    USART1_IRQHandler                        0x08000333   Thumb Code     0  startup_stm32f401xe.o(.text)
    USART2_IRQHandler                        0x08000333   Thumb Code     0  startup_stm32f401xe.o(.text)
    USART6_IRQHandler                        0x08000333   Thumb Code     0  startup_stm32f401xe.o(.text)
    WWDG_IRQHandler                          0x08000333   Thumb Code     0  startup_stm32f401xe.o(.text)
    __user_initial_stackheap                 0x08000335   Thumb Code     0  startup_stm32f401xe.o(.text)
    __use_no_semihosting                     0x08000359   Thumb Code     2  use_no_semi_2.o(.text)
    __aeabi_uldivmod                         0x0800035b   Thumb Code     0  lludivv7m.o(.text)
    _ll_udiv                                 0x0800035b   Thumb Code   238  lludivv7m.o(.text)
    vsnprintf                                0x08000449   Thumb Code    48  vsnprintf.o(.text)
    srand                                    0x0800047d   Thumb Code    42  rand.o(.text)
    _rand_init                               0x080004a7   Thumb Code     4  rand.o(.text)
    __aeabi_memcpy                           0x080004b9   Thumb Code     0  rt_memcpy_v6.o(.text)
    __rt_memcpy                              0x080004b9   Thumb Code   138  rt_memcpy_v6.o(.text)
    _memcpy_lastbytes                        0x0800051f   Thumb Code     0  rt_memcpy_v6.o(.text)
    __aeabi_memclr4                          0x08000543   Thumb Code     0  rt_memclr_w.o(.text)
    __aeabi_memclr8                          0x08000543   Thumb Code     0  rt_memclr_w.o(.text)
    __rt_memclr_w                            0x08000543   Thumb Code    78  rt_memclr_w.o(.text)
    _memset_w                                0x08000547   Thumb Code     0  rt_memclr_w.o(.text)
    strncpy                                  0x08000591   Thumb Code    86  strncpy.o(.text)
    __use_two_region_memory                  0x080005e7   Thumb Code     2  heapauxi.o(.text)
    __rt_heap_escrow$2region                 0x080005e9   Thumb Code     2  heapauxi.o(.text)
    __rt_heap_expand$2region                 0x080005eb   Thumb Code     2  heapauxi.o(.text)
    __I$use$semihosting                      0x080005ed   Thumb Code     0  use_no_semi.o(.text)
    __use_no_semihosting_swi                 0x080005ed   Thumb Code     2  use_no_semi.o(.text)
    _printf_pre_padding                      0x080005ef   Thumb Code    44  _printf_pad.o(.text)
    _printf_post_padding                     0x0800061b   Thumb Code    34  _printf_pad.o(.text)
    _printf_truncate_signed                  0x0800063d   Thumb Code    18  _printf_truncate.o(.text)
    _printf_truncate_unsigned                0x0800064f   Thumb Code    18  _printf_truncate.o(.text)
    _printf_str                              0x08000661   Thumb Code    82  _printf_str.o(.text)
    _printf_int_dec                          0x080006b5   Thumb Code   104  _printf_dec.o(.text)
    _printf_charcount                        0x0800072d   Thumb Code    40  _printf_charcount.o(.text)
    _printf_char_common                      0x0800075f   Thumb Code    32  _printf_char_common.o(.text)
    _sputc                                   0x08000785   Thumb Code    10  _sputc.o(.text)
    _snputc                                  0x0800078f   Thumb Code    16  _snputc.o(.text)
    _printf_wctomb                           0x080007a1   Thumb Code   182  _printf_wctomb.o(.text)
    _printf_longlong_dec                     0x0800085d   Thumb Code   108  _printf_longlong_dec.o(.text)
    _printf_longlong_oct                     0x080008d9   Thumb Code    66  _printf_oct_int_ll.o(.text)
    _printf_int_oct                          0x0800091b   Thumb Code    24  _printf_oct_int_ll.o(.text)
    _printf_ll_oct                           0x08000933   Thumb Code    12  _printf_oct_int_ll.o(.text)
    _printf_longlong_hex                     0x08000949   Thumb Code    86  _printf_hex_int_ll_ptr.o(.text)
    _printf_int_hex                          0x0800099f   Thumb Code    28  _printf_hex_int_ll_ptr.o(.text)
    _printf_ll_hex                           0x080009bb   Thumb Code    12  _printf_hex_int_ll_ptr.o(.text)
    _printf_hex_ptr                          0x080009c7   Thumb Code    18  _printf_hex_int_ll_ptr.o(.text)
    __printf                                 0x080009dd   Thumb Code   388  __printf_flags_ss_wp.o(.text)
    __aeabi_memcpy4                          0x08000b65   Thumb Code     0  rt_memcpy_w.o(.text)
    __aeabi_memcpy8                          0x08000b65   Thumb Code     0  rt_memcpy_w.o(.text)
    __rt_memcpy_w                            0x08000b65   Thumb Code   100  rt_memcpy_w.o(.text)
    _memcpy_lastbytes_aligned                0x08000bad   Thumb Code     0  rt_memcpy_w.o(.text)
    __aeabi_memclr                           0x08000bc9   Thumb Code     0  rt_memclr.o(.text)
    __rt_memclr                              0x08000bc9   Thumb Code    68  rt_memclr.o(.text)
    _memset                                  0x08000bcd   Thumb Code     0  rt_memclr.o(.text)
    _ll_udiv10                               0x08000c0d   Thumb Code   138  lludiv10.o(.text)
    _printf_int_common                       0x08000c97   Thumb Code   178  _printf_intcommon.o(.text)
    __lib_sel_fp_printf                      0x08000d49   Thumb Code     2  _printf_fp_dec.o(.text)
    _printf_fp_dec_real                      0x08000efb   Thumb Code   620  _printf_fp_dec.o(.text)
    _printf_fp_hex_real                      0x08001169   Thumb Code   756  _printf_fp_hex.o(.text)
    _printf_cs_common                        0x08001465   Thumb Code    20  _printf_char.o(.text)
    _printf_char                             0x08001479   Thumb Code    16  _printf_char.o(.text)
    _printf_string                           0x08001489   Thumb Code     8  _printf_char.o(.text)
    _printf_lcs_common                       0x08001491   Thumb Code    20  _printf_wchar.o(.text)
    _printf_wchar                            0x080014a5   Thumb Code    16  _printf_wchar.o(.text)
    _printf_wstring                          0x080014b5   Thumb Code     8  _printf_wchar.o(.text)
    _wcrtomb                                 0x080014bd   Thumb Code    64  _wcrtomb.o(.text)
    __user_setup_stackheap                   0x080014fd   Thumb Code    74  sys_stackheap_outer.o(.text)
    __rt_ctype_table                         0x08001549   Thumb Code    16  rt_ctype_table.o(.text)
    __rt_locale                              0x08001559   Thumb Code     8  rt_locale_intlibspace.o(.text)
    _printf_fp_infnan                        0x08001561   Thumb Code   112  _printf_fp_infnan.o(.text)
    _btod_etento                             0x080015e1   Thumb Code   224  bigflt0.o(.text)
    exit                                     0x080016c5   Thumb Code    18  exit.o(.text)
    __user_libspace                          0x080016d9   Thumb Code     8  libspace.o(.text)
    __user_perproc_libspace                  0x080016d9   Thumb Code     0  libspace.o(.text)
    __user_perthread_libspace                0x080016d9   Thumb Code     0  libspace.o(.text)
    strcmp                                   0x080016e1   Thumb Code   128  strcmpv7m.o(.text)
    _btod_d2e                                0x08001761   Thumb Code    62  btod.o(CL$$btod_d2e)
    _d2e_denorm_low                          0x0800179f   Thumb Code    70  btod.o(CL$$btod_d2e_denorm_low)
    _d2e_norm_op1                            0x080017e5   Thumb Code    96  btod.o(CL$$btod_d2e_norm_op1)
    __btod_div_common                        0x08001845   Thumb Code   696  btod.o(CL$$btod_div_common)
    _e2e                                     0x08001b7d   Thumb Code   220  btod.o(CL$$btod_e2e)
    _btod_ediv                               0x08001c59   Thumb Code    42  btod.o(CL$$btod_ediv)
    _btod_emul                               0x08001c83   Thumb Code    42  btod.o(CL$$btod_emul)
    __btod_mult_common                       0x08001cad   Thumb Code   580  btod.o(CL$$btod_mult_common)
    BusFault_Handler                         0x08001ef1   Thumb Code     2  stm32f4xx_it.o(i.BusFault_Handler)
    DebugMon_Handler                         0x08001ef3   Thumb Code     2  stm32f4xx_it.o(i.DebugMon_Handler)
    Error_Handler                            0x08001ef5   Thumb Code     4  main.o(i.Error_Handler)
    HAL_Delay                                0x08001ef9   Thumb Code    32  stm32f4xx_hal.o(i.HAL_Delay)
    HAL_GPIO_DeInit                          0x08001f1d   Thumb Code   272  stm32f4xx_hal_gpio.o(i.HAL_GPIO_DeInit)
    HAL_GPIO_Init                            0x08002049   Thumb Code   446  stm32f4xx_hal_gpio.o(i.HAL_GPIO_Init)
    HAL_GPIO_WritePin                        0x08002229   Thumb Code    10  stm32f4xx_hal_gpio.o(i.HAL_GPIO_WritePin)
    HAL_GetTick                              0x08002235   Thumb Code     6  stm32f4xx_hal.o(i.HAL_GetTick)
    HAL_IncTick                              0x08002241   Thumb Code    12  stm32f4xx_hal.o(i.HAL_IncTick)
    HAL_Init                                 0x08002251   Thumb Code    48  stm32f4xx_hal.o(i.HAL_Init)
    HAL_InitTick                             0x08002285   Thumb Code    54  stm32f4xx_hal.o(i.HAL_InitTick)
    HAL_MspInit                              0x080022c5   Thumb Code    42  stm32f4xx_hal_msp.o(i.HAL_MspInit)
    HAL_NVIC_SetPriority                     0x080022f5   Thumb Code    60  stm32f4xx_hal_cortex.o(i.HAL_NVIC_SetPriority)
    HAL_NVIC_SetPriorityGrouping             0x08002335   Thumb Code    26  stm32f4xx_hal_cortex.o(i.HAL_NVIC_SetPriorityGrouping)
    HAL_RCC_ClockConfig                      0x08002359   Thumb Code   288  stm32f4xx_hal_rcc.o(i.HAL_RCC_ClockConfig)
    HAL_RCC_GetHCLKFreq                      0x0800248d   Thumb Code     6  stm32f4xx_hal_rcc.o(i.HAL_RCC_GetHCLKFreq)
    HAL_RCC_GetPCLK1Freq                     0x08002499   Thumb Code    20  stm32f4xx_hal_rcc.o(i.HAL_RCC_GetPCLK1Freq)
    HAL_RCC_GetPCLK2Freq                     0x080024b9   Thumb Code    20  stm32f4xx_hal_rcc.o(i.HAL_RCC_GetPCLK2Freq)
    HAL_RCC_GetSysClockFreq                  0x080024d9   Thumb Code    88  stm32f4xx_hal_rcc.o(i.HAL_RCC_GetSysClockFreq)
    HAL_RCC_OscConfig                        0x08002539   Thumb Code   856  stm32f4xx_hal_rcc.o(i.HAL_RCC_OscConfig)
    HAL_SPI_DeInit                           0x080028a5   Thumb Code    46  stm32f4xx_hal_spi.o(i.HAL_SPI_DeInit)
    HAL_SPI_GetState                         0x080028d3   Thumb Code     6  stm32f4xx_hal_spi.o(i.HAL_SPI_GetState)
    HAL_SPI_Init                             0x080028d9   Thumb Code   188  stm32f4xx_hal_spi.o(i.HAL_SPI_Init)
    HAL_SPI_MspDeInit                        0x08002995   Thumb Code    44  spi.o(i.HAL_SPI_MspDeInit)
    HAL_SPI_MspInit                          0x080029d1   Thumb Code   128  spi.o(i.HAL_SPI_MspInit)
    HAL_SPI_Receive                          0x08002a61   Thumb Code   340  stm32f4xx_hal_spi.o(i.HAL_SPI_Receive)
    HAL_SPI_Transmit                         0x08002bb5   Thumb Code   358  stm32f4xx_hal_spi.o(i.HAL_SPI_Transmit)
    HAL_SPI_TransmitReceive                  0x08002d1b   Thumb Code   496  stm32f4xx_hal_spi.o(i.HAL_SPI_TransmitReceive)
    HAL_SYSTICK_Config                       0x08002f0b   Thumb Code    40  stm32f4xx_hal_cortex.o(i.HAL_SYSTICK_Config)
    HAL_UART_Init                            0x08002f33   Thumb Code   100  stm32f4xx_hal_uart.o(i.HAL_UART_Init)
    HAL_UART_MspInit                         0x08002f99   Thumb Code    90  usart.o(i.HAL_UART_MspInit)
    HAL_UART_Transmit                        0x08003001   Thumb Code   160  stm32f4xx_hal_uart.o(i.HAL_UART_Transmit)
    HardFault_Handler                        0x080030a1   Thumb Code     2  stm32f4xx_it.o(i.HardFault_Handler)
    MX_GPIO_Init                             0x080030a5   Thumb Code   154  gpio.o(i.MX_GPIO_Init)
    MX_SPI2_Init                             0x0800314d   Thumb Code    62  spi.o(i.MX_SPI2_Init)
    MX_USART2_UART_Init                      0x08003195   Thumb Code    48  usart.o(i.MX_USART2_UART_Init)
    MemManage_Handler                        0x080031cd   Thumb Code     2  stm32f4xx_it.o(i.MemManage_Handler)
    NMI_Handler                              0x080031cf   Thumb Code     2  stm32f4xx_it.o(i.NMI_Handler)
    PendSV_Handler                           0x080031d1   Thumb Code     2  stm32f4xx_it.o(i.PendSV_Handler)
    SVC_Handler                              0x08003359   Thumb Code     2  stm32f4xx_it.o(i.SVC_Handler)
    SysTick_Handler                          0x0800335b   Thumb Code     4  stm32f4xx_it.o(i.SysTick_Handler)
    SystemClock_Config                       0x08003361   Thumb Code   140  main.o(i.SystemClock_Config)
    SystemInit                               0x080033f5   Thumb Code    12  system_stm32f4xx.o(i.SystemInit)
    UsageFault_Handler                       0x080035d3   Thumb Code     2  stm32f4xx_it.o(i.UsageFault_Handler)
    __ARM_fpclassify                         0x080035d5   Thumb Code    48  fpclassify.o(i.__ARM_fpclassify)
    _is_digit                                0x08003625   Thumb Code    14  __printf_wp.o(i._is_digit)
    _sys_exit                                0x08003633   Thumb Code     2  usart.o(i._sys_exit)
    fputc                                    0x08004371   Thumb Code    18  usart.o(i.fputc)
    main                                     0x08004389   Thumb Code    46  main.o(i.main)
    w25qxx_block_erase_32k                   0x080043b9   Thumb Code  1216  driver_w25qxx.o(i.w25qxx_block_erase_32k)
    w25qxx_block_erase_64k                   0x080048c1   Thumb Code  1246  driver_w25qxx.o(i.w25qxx_block_erase_64k)
    w25qxx_chip_erase                        0x08004dc5   Thumb Code   456  driver_w25qxx.o(i.w25qxx_chip_erase)
    w25qxx_deinit                            0x08005005   Thumb Code   172  driver_w25qxx.o(i.w25qxx_deinit)
    w25qxx_disable_write                     0x08005111   Thumb Code   134  driver_w25qxx.o(i.w25qxx_disable_write)
    w25qxx_enable_reset                      0x080051b9   Thumb Code   134  driver_w25qxx.o(i.w25qxx_enable_reset)
    w25qxx_enable_volatile_sr_write          0x08005261   Thumb Code   134  driver_w25qxx.o(i.w25qxx_enable_volatile_sr_write)
    w25qxx_enable_write                      0x0800530d   Thumb Code   134  driver_w25qxx.o(i.w25qxx_enable_write)
    w25qxx_enter_qspi_mode                   0x080053b5   Thumb Code   196  driver_w25qxx.o(i.w25qxx_enter_qspi_mode)
    w25qxx_erase_program_resume              0x080054f9   Thumb Code   134  driver_w25qxx.o(i.w25qxx_erase_program_resume)
    w25qxx_erase_program_suspend             0x080055a9   Thumb Code   136  driver_w25qxx.o(i.w25qxx_erase_program_suspend)
    w25qxx_erase_security_register           0x08005659   Thumb Code   450  driver_w25qxx.o(i.w25qxx_erase_security_register)
    w25qxx_exit_qspi_mode                    0x08005901   Thumb Code    90  driver_w25qxx.o(i.w25qxx_exit_qspi_mode)
    w25qxx_fast_read                         0x080059ad   Thumb Code   602  driver_w25qxx.o(i.w25qxx_fast_read)
    w25qxx_fast_read_dual_io                 0x08005c99   Thumb Code   282  driver_w25qxx.o(i.w25qxx_fast_read_dual_io)
    w25qxx_fast_read_dual_output             0x08005ead   Thumb Code   290  driver_w25qxx.o(i.w25qxx_fast_read_dual_output)
    w25qxx_fast_read_quad_io                 0x080060cd   Thumb Code   442  driver_w25qxx.o(i.w25qxx_fast_read_quad_io)
    w25qxx_fast_read_quad_output             0x08006359   Thumb Code   288  driver_w25qxx.o(i.w25qxx_fast_read_quad_output)
    w25qxx_get_interface                     0x08006575   Thumb Code    16  driver_w25qxx.o(i.w25qxx_get_interface)
    w25qxx_get_jedec_id                      0x08006585   Thumb Code   164  driver_w25qxx.o(i.w25qxx_get_jedec_id)
    w25qxx_get_manufacturer_device_id        0x08006649   Thumb Code   174  driver_w25qxx.o(i.w25qxx_get_manufacturer_device_id)
    w25qxx_get_manufacturer_device_id_dual_io 0x08006725   Thumb Code   190  driver_w25qxx.o(i.w25qxx_get_manufacturer_device_id_dual_io)
    w25qxx_get_manufacturer_device_id_quad_io 0x0800689d   Thumb Code   202  driver_w25qxx.o(i.w25qxx_get_manufacturer_device_id_quad_io)
    w25qxx_get_sfdp                          0x08006a21   Thumb Code   150  driver_w25qxx.o(i.w25qxx_get_sfdp)
    w25qxx_get_status1                       0x08006b1d   Thumb Code   138  driver_w25qxx.o(i.w25qxx_get_status1)
    w25qxx_get_status2                       0x08006bc9   Thumb Code   138  driver_w25qxx.o(i.w25qxx_get_status2)
    w25qxx_get_status3                       0x08006c75   Thumb Code   138  driver_w25qxx.o(i.w25qxx_get_status3)
    w25qxx_get_type                          0x08006d21   Thumb Code    14  driver_w25qxx.o(i.w25qxx_get_type)
    w25qxx_get_unique_id                     0x08006d31   Thumb Code   228  driver_w25qxx.o(i.w25qxx_get_unique_id)
    w25qxx_global_block_lock                 0x08006e81   Thumb Code   134  driver_w25qxx.o(i.w25qxx_global_block_lock)
    w25qxx_global_block_unlock               0x08006f2d   Thumb Code   134  driver_w25qxx.o(i.w25qxx_global_block_unlock)
    w25qxx_individual_block_lock             0x08006fdd   Thumb Code   588  driver_w25qxx.o(i.w25qxx_individual_block_lock)
    w25qxx_individual_block_unlock           0x080072c5   Thumb Code   588  driver_w25qxx.o(i.w25qxx_individual_block_unlock)
    w25qxx_info                              0x080075b1   Thumb Code   100  driver_w25qxx.o(i.w25qxx_info)
    w25qxx_init                              0x08007649   Thumb Code  1626  driver_w25qxx.o(i.w25qxx_init)
    w25qxx_interface_debug_print             0x08007d09   Thumb Code   104  driver_w25qxx_interface.o(i.w25qxx_interface_debug_print)
    w25qxx_interface_delay_ms                0x08007d75   Thumb Code     4  driver_w25qxx_interface.o(i.w25qxx_interface_delay_ms)
    w25qxx_interface_delay_us                0x08007d79   Thumb Code    68  driver_w25qxx_interface.o(i.w25qxx_interface_delay_us)
    w25qxx_interface_spi_qspi_deinit         0x08007dc9   Thumb Code    28  driver_w25qxx_interface.o(i.w25qxx_interface_spi_qspi_deinit)
    w25qxx_interface_spi_qspi_init           0x08007ded   Thumb Code   100  driver_w25qxx_interface.o(i.w25qxx_interface_spi_qspi_init)
    w25qxx_interface_spi_qspi_write_read     0x08007e5d   Thumb Code   372  driver_w25qxx_interface.o(i.w25qxx_interface_spi_qspi_write_read)
    w25qxx_octal_word_read_quad_io           0x08008021   Thumb Code   292  driver_w25qxx.o(i.w25qxx_octal_word_read_quad_io)
    w25qxx_only_spi_read                     0x08008245   Thumb Code   486  driver_w25qxx.o(i.w25qxx_only_spi_read)
    w25qxx_page_program                      0x080084f5   Thumb Code  1256  driver_w25qxx.o(i.w25qxx_page_program)
    w25qxx_page_program_quad_input           0x08008a21   Thumb Code   424  driver_w25qxx.o(i.w25qxx_page_program_quad_input)
    w25qxx_power_down                        0x08008d41   Thumb Code   184  driver_w25qxx.o(i.w25qxx_power_down)
    w25qxx_program_security_register         0x08008e35   Thumb Code   486  driver_w25qxx.o(i.w25qxx_program_security_register)
    w25qxx_read                              0x08009101   Thumb Code   602  driver_w25qxx.o(i.w25qxx_read)
    w25qxx_read_block_lock                   0x080093ed   Thumb Code   586  driver_w25qxx.o(i.w25qxx_read_block_lock)
    w25qxx_read_security_register            0x080096d1   Thumb Code   238  driver_w25qxx.o(i.w25qxx_read_security_register)
    w25qxx_read_test                         0x08009835   Thumb Code  6762  driver_w25qxx_read_test.o(i.w25qxx_read_test)
    w25qxx_register_test                     0x0800b5e1   Thumb Code  5592  driver_w25qxx_register_test.o(i.w25qxx_register_test)
    w25qxx_release_power_down                0x0800cf79   Thumb Code   158  driver_w25qxx.o(i.w25qxx_release_power_down)
    w25qxx_reset_device                      0x0800d03d   Thumb Code   134  driver_w25qxx.o(i.w25qxx_reset_device)
    w25qxx_sector_erase_4k                   0x0800d0e5   Thumb Code  1216  driver_w25qxx.o(i.w25qxx_sector_erase_4k)
    w25qxx_set_address_mode                  0x0800d5ed   Thumb Code   204  driver_w25qxx.o(i.w25qxx_set_address_mode)
    w25qxx_set_burst_with_wrap               0x0800d70d   Thumb Code   142  driver_w25qxx.o(i.w25qxx_set_burst_with_wrap)
    w25qxx_set_dual_quad_spi                 0x0800d7ed   Thumb Code    12  driver_w25qxx.o(i.w25qxx_set_dual_quad_spi)
    w25qxx_set_interface                     0x0800d7f9   Thumb Code    14  driver_w25qxx.o(i.w25qxx_set_interface)
    w25qxx_set_read_parameters               0x0800d809   Thumb Code   146  driver_w25qxx.o(i.w25qxx_set_read_parameters)
    w25qxx_set_status1                       0x0800d8f5   Thumb Code   512  driver_w25qxx.o(i.w25qxx_set_status1)
    w25qxx_set_status2                       0x0800db79   Thumb Code   514  driver_w25qxx.o(i.w25qxx_set_status2)
    w25qxx_set_status3                       0x0800de01   Thumb Code   514  driver_w25qxx.o(i.w25qxx_set_status3)
    w25qxx_set_type                          0x0800e089   Thumb Code    12  driver_w25qxx.o(i.w25qxx_set_type)
    w25qxx_word_read_quad_io                 0x0800e095   Thumb Code   286  driver_w25qxx.o(i.w25qxx_word_read_quad_io)
    w25qxx_write                             0x0800e2ad   Thumb Code   214  driver_w25qxx.o(i.w25qxx_write)
    _get_lc_numeric                          0x0800e3d5   Thumb Code    44  lc_numeric_c.o(locale$$code)
    _get_lc_ctype                            0x0800e401   Thumb Code    44  lc_ctype_c.o(locale$$code)
    __fpl_dretinf                            0x0800e42d   Thumb Code    12  dretinf.o(x$fpl$dretinf)
    __aeabi_f2d                              0x0800e439   Thumb Code     0  f2d.o(x$fpl$f2d)
    _f2d                                     0x0800e439   Thumb Code    86  f2d.o(x$fpl$f2d)
    __fpl_fnaninf                            0x0800e48f   Thumb Code   140  fnaninf.o(x$fpl$fnaninf)
    _fp_init                                 0x0800e51b   Thumb Code    10  fpinit.o(x$fpl$fpinit)
    __fplib_config_fpu_vfp                   0x0800e523   Thumb Code     0  fpinit.o(x$fpl$fpinit)
    __fplib_config_pureend_doubles           0x0800e523   Thumb Code     0  fpinit.o(x$fpl$fpinit)
    _printf_fp_dec                           0x0800e525   Thumb Code     4  printf1.o(x$fpl$printf1)
    _printf_fp_hex                           0x0800e529   Thumb Code     4  printf2.o(x$fpl$printf2)
    AHBPrescTable                            0x0800e52c   Data          16  system_stm32f4xx.o(.constdata)
    __I$use$fp                               0x0800e52c   Number         0  usenofp.o(x$fpl$usenofp)
    APBPrescTable                            0x0800e53c   Data           8  system_stm32f4xx.o(.constdata)
    Region$$Table$$Base                      0x0800e6f8   Number         0  anon$$obj.o(Region$$Table)
    Region$$Table$$Limit                     0x0800e718   Number         0  anon$$obj.o(Region$$Table)
    __ctype                                  0x0800e741   Data           0  lc_ctype_c.o(locale$$data)
    __stdout                                 0x20000000   Data           4  usart.o(.data)
    uwTickFreq                               0x20000004   Data           1  stm32f4xx_hal.o(.data)
    uwTickPrio                               0x20000008   Data           4  stm32f4xx_hal.o(.data)
    uwTick                                   0x2000000c   Data           4  stm32f4xx_hal.o(.data)
    SystemCoreClock                          0x20000010   Data           4  system_stm32f4xx.o(.data)
    hspi2                                    0x20000014   Data          88  spi.o(.bss)
    huart2                                   0x2000006c   Data          72  usart.o(.bss)
    _random_number_data                      0x200027b4   Data         228  rand.o(.bss)
    __libspace_start                         0x20002898   Data          96  libspace.o(.bss)
    __temporary_stack_top$libspace           0x200028f8   Data           0  libspace.o(.bss)



==============================================================================

Memory Map of the image

  Image Entry point : 0x08000195

  Load Region LR_IROM1 (Base: 0x08000000, Size: 0x0000e858, Max: 0x00080000, ABSOLUTE)

    Execution Region ER_IROM1 (Exec base: 0x08000000, Load base: 0x08000000, Size: 0x0000e844, Max: 0x00080000, ABSOLUTE)

    Exec Addr    Load Addr    Size         Type   Attr      Idx    E Section Name        Object

    0x08000000   0x08000000   0x00000194   Data   RO            3    RESET               startup_stm32f401xe.o
    0x08000194   0x08000194   0x00000008   Code   RO         2867  * !!!main             c_w.l(__main.o)
    0x0800019c   0x0800019c   0x00000034   Code   RO         3210    !!!scatter          c_w.l(__scatter.o)
    0x080001d0   0x080001d0   0x0000001a   Code   RO         3212    !!handler_copy      c_w.l(__scatter_copy.o)
    0x080001ea   0x080001ea   0x00000002   PAD
    0x080001ec   0x080001ec   0x0000001c   Code   RO         3214    !!handler_zi        c_w.l(__scatter_zi.o)
    0x08000208   0x08000208   0x00000000   Code   RO         2961    .ARM.Collect$$_printf_percent$$00000000  c_w.l(_printf_percent.o)
    0x08000208   0x08000208   0x00000006   Code   RO         2950    .ARM.Collect$$_printf_percent$$00000001  c_w.l(_printf_n.o)
    0x0800020e   0x0800020e   0x00000006   Code   RO         2952    .ARM.Collect$$_printf_percent$$00000002  c_w.l(_printf_p.o)
    0x08000214   0x08000214   0x00000006   Code   RO         2957    .ARM.Collect$$_printf_percent$$00000003  c_w.l(_printf_f.o)
    0x0800021a   0x0800021a   0x00000006   Code   RO         2958    .ARM.Collect$$_printf_percent$$00000004  c_w.l(_printf_e.o)
    0x08000220   0x08000220   0x00000006   Code   RO         2959    .ARM.Collect$$_printf_percent$$00000005  c_w.l(_printf_g.o)
    0x08000226   0x08000226   0x00000006   Code   RO         2960    .ARM.Collect$$_printf_percent$$00000006  c_w.l(_printf_a.o)
    0x0800022c   0x0800022c   0x0000000a   Code   RO         2965    .ARM.Collect$$_printf_percent$$00000007  c_w.l(_printf_ll.o)
    0x08000236   0x08000236   0x00000006   Code   RO         2954    .ARM.Collect$$_printf_percent$$00000008  c_w.l(_printf_i.o)
    0x0800023c   0x0800023c   0x00000006   Code   RO         2955    .ARM.Collect$$_printf_percent$$00000009  c_w.l(_printf_d.o)
    0x08000242   0x08000242   0x00000006   Code   RO         2956    .ARM.Collect$$_printf_percent$$0000000A  c_w.l(_printf_u.o)
    0x08000248   0x08000248   0x00000006   Code   RO         2953    .ARM.Collect$$_printf_percent$$0000000B  c_w.l(_printf_o.o)
    0x0800024e   0x0800024e   0x00000006   Code   RO         2951    .ARM.Collect$$_printf_percent$$0000000C  c_w.l(_printf_x.o)
    0x08000254   0x08000254   0x00000006   Code   RO         2962    .ARM.Collect$$_printf_percent$$0000000D  c_w.l(_printf_lli.o)
    0x0800025a   0x0800025a   0x00000006   Code   RO         2963    .ARM.Collect$$_printf_percent$$0000000E  c_w.l(_printf_lld.o)
    0x08000260   0x08000260   0x00000006   Code   RO         2964    .ARM.Collect$$_printf_percent$$0000000F  c_w.l(_printf_llu.o)
    0x08000266   0x08000266   0x00000006   Code   RO         2969    .ARM.Collect$$_printf_percent$$00000010  c_w.l(_printf_llo.o)
    0x0800026c   0x0800026c   0x00000006   Code   RO         2970    .ARM.Collect$$_printf_percent$$00000011  c_w.l(_printf_llx.o)
    0x08000272   0x08000272   0x0000000a   Code   RO         2966    .ARM.Collect$$_printf_percent$$00000012  c_w.l(_printf_l.o)
    0x0800027c   0x0800027c   0x00000006   Code   RO         2948    .ARM.Collect$$_printf_percent$$00000013  c_w.l(_printf_c.o)
    0x08000282   0x08000282   0x00000006   Code   RO         2949    .ARM.Collect$$_printf_percent$$00000014  c_w.l(_printf_s.o)
    0x08000288   0x08000288   0x00000006   Code   RO         2967    .ARM.Collect$$_printf_percent$$00000015  c_w.l(_printf_lc.o)
    0x0800028e   0x0800028e   0x00000006   Code   RO         2968    .ARM.Collect$$_printf_percent$$00000016  c_w.l(_printf_ls.o)
    0x08000294   0x08000294   0x00000004   Code   RO         3065    .ARM.Collect$$_printf_percent$$00000017  c_w.l(_printf_percent_end.o)
    0x08000298   0x08000298   0x00000002   Code   RO         3126    .ARM.Collect$$libinit$$00000000  c_w.l(libinit.o)
    0x0800029a   0x0800029a   0x00000004   Code   RO         2975    .ARM.Collect$$libinit$$00000001  c_w.l(libinit2.o)
    0x0800029e   0x0800029e   0x00000000   Code   RO         2978    .ARM.Collect$$libinit$$00000004  c_w.l(libinit2.o)
    0x0800029e   0x0800029e   0x00000000   Code   RO         2981    .ARM.Collect$$libinit$$0000000A  c_w.l(libinit2.o)
    0x0800029e   0x0800029e   0x00000000   Code   RO         2983    .ARM.Collect$$libinit$$0000000C  c_w.l(libinit2.o)
    0x0800029e   0x0800029e   0x00000004   Code   RO         2984    .ARM.Collect$$libinit$$0000000D  c_w.l(libinit2.o)
    0x080002a2   0x080002a2   0x00000000   Code   RO         2985    .ARM.Collect$$libinit$$0000000E  c_w.l(libinit2.o)
    0x080002a2   0x080002a2   0x00000006   Code   RO         2986    .ARM.Collect$$libinit$$0000000F  c_w.l(libinit2.o)
    0x080002a8   0x080002a8   0x00000000   Code   RO         2988    .ARM.Collect$$libinit$$00000011  c_w.l(libinit2.o)
    0x080002a8   0x080002a8   0x0000000c   Code   RO         2989    .ARM.Collect$$libinit$$00000012  c_w.l(libinit2.o)
    0x080002b4   0x080002b4   0x00000000   Code   RO         2990    .ARM.Collect$$libinit$$00000013  c_w.l(libinit2.o)
    0x080002b4   0x080002b4   0x00000000   Code   RO         2992    .ARM.Collect$$libinit$$00000015  c_w.l(libinit2.o)
    0x080002b4   0x080002b4   0x0000000a   Code   RO         2993    .ARM.Collect$$libinit$$00000016  c_w.l(libinit2.o)
    0x080002be   0x080002be   0x00000000   Code   RO         2994    .ARM.Collect$$libinit$$00000017  c_w.l(libinit2.o)
    0x080002be   0x080002be   0x00000000   Code   RO         2996    .ARM.Collect$$libinit$$00000019  c_w.l(libinit2.o)
    0x080002be   0x080002be   0x00000000   Code   RO         2998    .ARM.Collect$$libinit$$0000001B  c_w.l(libinit2.o)
    0x080002be   0x080002be   0x00000000   Code   RO         3000    .ARM.Collect$$libinit$$0000001D  c_w.l(libinit2.o)
    0x080002be   0x080002be   0x00000000   Code   RO         3002    .ARM.Collect$$libinit$$0000001F  c_w.l(libinit2.o)
    0x080002be   0x080002be   0x00000000   Code   RO         3004    .ARM.Collect$$libinit$$00000021  c_w.l(libinit2.o)
    0x080002be   0x080002be   0x00000000   Code   RO         3006    .ARM.Collect$$libinit$$00000023  c_w.l(libinit2.o)
    0x080002be   0x080002be   0x00000000   Code   RO         3008    .ARM.Collect$$libinit$$00000025  c_w.l(libinit2.o)
    0x080002be   0x080002be   0x00000000   Code   RO         3012    .ARM.Collect$$libinit$$0000002C  c_w.l(libinit2.o)
    0x080002be   0x080002be   0x00000000   Code   RO         3014    .ARM.Collect$$libinit$$0000002E  c_w.l(libinit2.o)
    0x080002be   0x080002be   0x00000000   Code   RO         3016    .ARM.Collect$$libinit$$00000030  c_w.l(libinit2.o)
    0x080002be   0x080002be   0x00000000   Code   RO         3018    .ARM.Collect$$libinit$$00000032  c_w.l(libinit2.o)
    0x080002be   0x080002be   0x00000002   Code   RO         3019    .ARM.Collect$$libinit$$00000033  c_w.l(libinit2.o)
    0x080002c0   0x080002c0   0x00000002   Code   RO         3175    .ARM.Collect$$libshutdown$$00000000  c_w.l(libshutdown.o)
    0x080002c2   0x080002c2   0x00000000   Code   RO         3191    .ARM.Collect$$libshutdown$$00000002  c_w.l(libshutdown2.o)
    0x080002c2   0x080002c2   0x00000000   Code   RO         3193    .ARM.Collect$$libshutdown$$00000004  c_w.l(libshutdown2.o)
    0x080002c2   0x080002c2   0x00000000   Code   RO         3195    .ARM.Collect$$libshutdown$$00000006  c_w.l(libshutdown2.o)
    0x080002c2   0x080002c2   0x00000000   Code   RO         3198    .ARM.Collect$$libshutdown$$00000009  c_w.l(libshutdown2.o)
    0x080002c2   0x080002c2   0x00000000   Code   RO         3201    .ARM.Collect$$libshutdown$$0000000C  c_w.l(libshutdown2.o)
    0x080002c2   0x080002c2   0x00000000   Code   RO         3203    .ARM.Collect$$libshutdown$$0000000E  c_w.l(libshutdown2.o)
    0x080002c2   0x080002c2   0x00000000   Code   RO         3206    .ARM.Collect$$libshutdown$$00000011  c_w.l(libshutdown2.o)
    0x080002c2   0x080002c2   0x00000002   Code   RO         3207    .ARM.Collect$$libshutdown$$00000012  c_w.l(libshutdown2.o)
    0x080002c4   0x080002c4   0x00000000   Code   RO         2873    .ARM.Collect$$rtentry$$00000000  c_w.l(__rtentry.o)
    0x080002c4   0x080002c4   0x00000000   Code   RO         3034    .ARM.Collect$$rtentry$$00000002  c_w.l(__rtentry2.o)
    0x080002c4   0x080002c4   0x00000006   Code   RO         3046    .ARM.Collect$$rtentry$$00000004  c_w.l(__rtentry4.o)
    0x080002ca   0x080002ca   0x00000000   Code   RO         3036    .ARM.Collect$$rtentry$$00000009  c_w.l(__rtentry2.o)
    0x080002ca   0x080002ca   0x00000004   Code   RO         3037    .ARM.Collect$$rtentry$$0000000A  c_w.l(__rtentry2.o)
    0x080002ce   0x080002ce   0x00000000   Code   RO         3039    .ARM.Collect$$rtentry$$0000000C  c_w.l(__rtentry2.o)
    0x080002ce   0x080002ce   0x00000008   Code   RO         3040    .ARM.Collect$$rtentry$$0000000D  c_w.l(__rtentry2.o)
    0x080002d6   0x080002d6   0x00000002   Code   RO         3136    .ARM.Collect$$rtexit$$00000000  c_w.l(rtexit.o)
    0x080002d8   0x080002d8   0x00000000   Code   RO         3157    .ARM.Collect$$rtexit$$00000002  c_w.l(rtexit2.o)
    0x080002d8   0x080002d8   0x00000004   Code   RO         3158    .ARM.Collect$$rtexit$$00000003  c_w.l(rtexit2.o)
    0x080002dc   0x080002dc   0x00000006   Code   RO         3159    .ARM.Collect$$rtexit$$00000004  c_w.l(rtexit2.o)
    0x080002e2   0x080002e2   0x00000002   PAD
    0x080002e4   0x080002e4   0x00000034   Code   RO         2854    .emb_text           c_w.l(rand.o)
    0x08000318   0x08000318   0x00000040   Code   RO            4    .text               startup_stm32f401xe.o
    0x08000358   0x08000358   0x00000002   Code   RO         2848    .text               c_w.l(use_no_semi_2.o)
    0x0800035a   0x0800035a   0x000000ee   Code   RO         2850    .text               c_w.l(lludivv7m.o)
    0x08000448   0x08000448   0x00000034   Code   RO         2852    .text               c_w.l(vsnprintf.o)
    0x0800047c   0x0800047c   0x0000003c   Code   RO         2855    .text               c_w.l(rand.o)
    0x080004b8   0x080004b8   0x0000008a   Code   RO         2859    .text               c_w.l(rt_memcpy_v6.o)
    0x08000542   0x08000542   0x0000004e   Code   RO         2861    .text               c_w.l(rt_memclr_w.o)
    0x08000590   0x08000590   0x00000056   Code   RO         2863    .text               c_w.l(strncpy.o)
    0x080005e6   0x080005e6   0x00000006   Code   RO         2865    .text               c_w.l(heapauxi.o)
    0x080005ec   0x080005ec   0x00000002   Code   RO         2871    .text               c_w.l(use_no_semi.o)
    0x080005ee   0x080005ee   0x0000004e   Code   RO         2880    .text               c_w.l(_printf_pad.o)
    0x0800063c   0x0800063c   0x00000024   Code   RO         2882    .text               c_w.l(_printf_truncate.o)
    0x08000660   0x08000660   0x00000052   Code   RO         2884    .text               c_w.l(_printf_str.o)
    0x080006b2   0x080006b2   0x00000002   PAD
    0x080006b4   0x080006b4   0x00000078   Code   RO         2886    .text               c_w.l(_printf_dec.o)
    0x0800072c   0x0800072c   0x00000028   Code   RO         2888    .text               c_w.l(_printf_charcount.o)
    0x08000754   0x08000754   0x00000030   Code   RO         2890    .text               c_w.l(_printf_char_common.o)
    0x08000784   0x08000784   0x0000000a   Code   RO         2892    .text               c_w.l(_sputc.o)
    0x0800078e   0x0800078e   0x00000010   Code   RO         2894    .text               c_w.l(_snputc.o)
    0x0800079e   0x0800079e   0x00000002   PAD
    0x080007a0   0x080007a0   0x000000bc   Code   RO         2896    .text               c_w.l(_printf_wctomb.o)
    0x0800085c   0x0800085c   0x0000007c   Code   RO         2899    .text               c_w.l(_printf_longlong_dec.o)
    0x080008d8   0x080008d8   0x00000070   Code   RO         2905    .text               c_w.l(_printf_oct_int_ll.o)
    0x08000948   0x08000948   0x00000094   Code   RO         2925    .text               c_w.l(_printf_hex_int_ll_ptr.o)
    0x080009dc   0x080009dc   0x00000188   Code   RO         2945    .text               c_w.l(__printf_flags_ss_wp.o)
    0x08000b64   0x08000b64   0x00000064   Code   RO         2971    .text               c_w.l(rt_memcpy_w.o)
    0x08000bc8   0x08000bc8   0x00000044   Code   RO         2973    .text               c_w.l(rt_memclr.o)
    0x08000c0c   0x08000c0c   0x0000008a   Code   RO         3050    .text               c_w.l(lludiv10.o)
    0x08000c96   0x08000c96   0x000000b2   Code   RO         3052    .text               c_w.l(_printf_intcommon.o)
    0x08000d48   0x08000d48   0x0000041e   Code   RO         3054    .text               c_w.l(_printf_fp_dec.o)
    0x08001166   0x08001166   0x00000002   PAD
    0x08001168   0x08001168   0x000002fc   Code   RO         3056    .text               c_w.l(_printf_fp_hex.o)
    0x08001464   0x08001464   0x0000002c   Code   RO         3061    .text               c_w.l(_printf_char.o)
    0x08001490   0x08001490   0x0000002c   Code   RO         3063    .text               c_w.l(_printf_wchar.o)
    0x080014bc   0x080014bc   0x00000040   Code   RO         3066    .text               c_w.l(_wcrtomb.o)
    0x080014fc   0x080014fc   0x0000004a   Code   RO         3072    .text               c_w.l(sys_stackheap_outer.o)
    0x08001546   0x08001546   0x00000002   PAD
    0x08001548   0x08001548   0x00000010   Code   RO         3074    .text               c_w.l(rt_ctype_table.o)
    0x08001558   0x08001558   0x00000008   Code   RO         3079    .text               c_w.l(rt_locale_intlibspace.o)
    0x08001560   0x08001560   0x00000080   Code   RO         3081    .text               c_w.l(_printf_fp_infnan.o)
    0x080015e0   0x080015e0   0x000000e4   Code   RO         3083    .text               c_w.l(bigflt0.o)
    0x080016c4   0x080016c4   0x00000012   Code   RO         3111    .text               c_w.l(exit.o)
    0x080016d6   0x080016d6   0x00000002   PAD
    0x080016d8   0x080016d8   0x00000008   Code   RO         3133    .text               c_w.l(libspace.o)
    0x080016e0   0x080016e0   0x00000080   Code   RO         3153    .text               c_w.l(strcmpv7m.o)
    0x08001760   0x08001760   0x0000003e   Code   RO         3086    CL$$btod_d2e        c_w.l(btod.o)
    0x0800179e   0x0800179e   0x00000046   Code   RO         3088    CL$$btod_d2e_denorm_low  c_w.l(btod.o)
    0x080017e4   0x080017e4   0x00000060   Code   RO         3087    CL$$btod_d2e_norm_op1  c_w.l(btod.o)
    0x08001844   0x08001844   0x00000338   Code   RO         3096    CL$$btod_div_common  c_w.l(btod.o)
    0x08001b7c   0x08001b7c   0x000000dc   Code   RO         3093    CL$$btod_e2e        c_w.l(btod.o)
    0x08001c58   0x08001c58   0x0000002a   Code   RO         3090    CL$$btod_ediv       c_w.l(btod.o)
    0x08001c82   0x08001c82   0x0000002a   Code   RO         3089    CL$$btod_emul       c_w.l(btod.o)
    0x08001cac   0x08001cac   0x00000244   Code   RO         3095    CL$$btod_mult_common  c_w.l(btod.o)
    0x08001ef0   0x08001ef0   0x00000002   Code   RO          305    i.BusFault_Handler  stm32f4xx_it.o
    0x08001ef2   0x08001ef2   0x00000002   Code   RO          306    i.DebugMon_Handler  stm32f4xx_it.o
    0x08001ef4   0x08001ef4   0x00000004   Code   RO           13    i.Error_Handler     main.o
    0x08001ef8   0x08001ef8   0x00000024   Code   RO         1673    i.HAL_Delay         stm32f4xx_hal.o
    0x08001f1c   0x08001f1c   0x0000012c   Code   RO         1102    i.HAL_GPIO_DeInit   stm32f4xx_hal_gpio.o
    0x08002048   0x08002048   0x000001e0   Code   RO         1105    i.HAL_GPIO_Init     stm32f4xx_hal_gpio.o
    0x08002228   0x08002228   0x0000000a   Code   RO         1109    i.HAL_GPIO_WritePin  stm32f4xx_hal_gpio.o
    0x08002232   0x08002232   0x00000002   PAD
    0x08002234   0x08002234   0x0000000c   Code   RO         1679    i.HAL_GetTick       stm32f4xx_hal.o
    0x08002240   0x08002240   0x00000010   Code   RO         1685    i.HAL_IncTick       stm32f4xx_hal.o
    0x08002250   0x08002250   0x00000034   Code   RO         1686    i.HAL_Init          stm32f4xx_hal.o
    0x08002284   0x08002284   0x00000040   Code   RO         1687    i.HAL_InitTick      stm32f4xx_hal.o
    0x080022c4   0x080022c4   0x00000030   Code   RO          380    i.HAL_MspInit       stm32f4xx_hal_msp.o
    0x080022f4   0x080022f4   0x00000040   Code   RO         1527    i.HAL_NVIC_SetPriority  stm32f4xx_hal_cortex.o
    0x08002334   0x08002334   0x00000024   Code   RO         1528    i.HAL_NVIC_SetPriorityGrouping  stm32f4xx_hal_cortex.o
    0x08002358   0x08002358   0x00000134   Code   RO          727    i.HAL_RCC_ClockConfig  stm32f4xx_hal_rcc.o
    0x0800248c   0x0800248c   0x0000000c   Code   RO          732    i.HAL_RCC_GetHCLKFreq  stm32f4xx_hal_rcc.o
    0x08002498   0x08002498   0x00000020   Code   RO          734    i.HAL_RCC_GetPCLK1Freq  stm32f4xx_hal_rcc.o
    0x080024b8   0x080024b8   0x00000020   Code   RO          735    i.HAL_RCC_GetPCLK2Freq  stm32f4xx_hal_rcc.o
    0x080024d8   0x080024d8   0x00000060   Code   RO          736    i.HAL_RCC_GetSysClockFreq  stm32f4xx_hal_rcc.o
    0x08002538   0x08002538   0x0000036c   Code   RO          739    i.HAL_RCC_OscConfig  stm32f4xx_hal_rcc.o
    0x080028a4   0x080028a4   0x0000002e   Code   RO          410    i.HAL_SPI_DeInit    stm32f4xx_hal_spi.o
    0x080028d2   0x080028d2   0x00000006   Code   RO          413    i.HAL_SPI_GetState  stm32f4xx_hal_spi.o
    0x080028d8   0x080028d8   0x000000bc   Code   RO          415    i.HAL_SPI_Init      stm32f4xx_hal_spi.o
    0x08002994   0x08002994   0x0000003c   Code   RO          197    i.HAL_SPI_MspDeInit  spi.o
    0x080029d0   0x080029d0   0x00000090   Code   RO          198    i.HAL_SPI_MspInit   spi.o
    0x08002a60   0x08002a60   0x00000154   Code   RO          418    i.HAL_SPI_Receive   stm32f4xx_hal_spi.o
    0x08002bb4   0x08002bb4   0x00000166   Code   RO          423    i.HAL_SPI_Transmit  stm32f4xx_hal_spi.o
    0x08002d1a   0x08002d1a   0x000001f0   Code   RO          424    i.HAL_SPI_TransmitReceive  stm32f4xx_hal_spi.o
    0x08002f0a   0x08002f0a   0x00000028   Code   RO         1532    i.HAL_SYSTICK_Config  stm32f4xx_hal_cortex.o
    0x08002f32   0x08002f32   0x00000064   Code   RO         1954    i.HAL_UART_Init     stm32f4xx_hal_uart.o
    0x08002f96   0x08002f96   0x00000002   PAD
    0x08002f98   0x08002f98   0x00000068   Code   RO          240    i.HAL_UART_MspInit  usart.o
    0x08003000   0x08003000   0x000000a0   Code   RO         1962    i.HAL_UART_Transmit  stm32f4xx_hal_uart.o
    0x080030a0   0x080030a0   0x00000002   Code   RO          307    i.HardFault_Handler  stm32f4xx_it.o
    0x080030a2   0x080030a2   0x00000002   PAD
    0x080030a4   0x080030a4   0x000000a8   Code   RO          173    i.MX_GPIO_Init      gpio.o
    0x0800314c   0x0800314c   0x00000048   Code   RO          199    i.MX_SPI2_Init      spi.o
    0x08003194   0x08003194   0x00000038   Code   RO          241    i.MX_USART2_UART_Init  usart.o
    0x080031cc   0x080031cc   0x00000002   Code   RO          308    i.MemManage_Handler  stm32f4xx_it.o
    0x080031ce   0x080031ce   0x00000002   Code   RO          309    i.NMI_Handler       stm32f4xx_it.o
    0x080031d0   0x080031d0   0x00000002   Code   RO          310    i.PendSV_Handler    stm32f4xx_it.o
    0x080031d2   0x080031d2   0x0000005c   Code   RO          452    i.SPI_EndRxTransaction  stm32f4xx_hal_spi.o
    0x0800322e   0x0800322e   0x00000002   PAD
    0x08003230   0x08003230   0x0000006c   Code   RO          453    i.SPI_EndRxTxTransaction  stm32f4xx_hal_spi.o
    0x0800329c   0x0800329c   0x000000bc   Code   RO          458    i.SPI_WaitFlagStateUntilTimeout  stm32f4xx_hal_spi.o
    0x08003358   0x08003358   0x00000002   Code   RO          311    i.SVC_Handler       stm32f4xx_it.o
    0x0800335a   0x0800335a   0x00000004   Code   RO          312    i.SysTick_Handler   stm32f4xx_it.o
    0x0800335e   0x0800335e   0x00000002   PAD
    0x08003360   0x08003360   0x00000094   Code   RO           14    i.SystemClock_Config  main.o
    0x080033f4   0x080033f4   0x00000010   Code   RO         2288    i.SystemInit        system_stm32f4xx.o
    0x08003404   0x08003404   0x0000004e   Code   RO         1977    i.UART_EndRxTransfer  stm32f4xx_hal_uart.o
    0x08003452   0x08003452   0x00000002   PAD
    0x08003454   0x08003454   0x0000010c   Code   RO         1980    i.UART_SetConfig    stm32f4xx_hal_uart.o
    0x08003560   0x08003560   0x00000072   Code   RO         1983    i.UART_WaitOnFlagUntilTimeout  stm32f4xx_hal_uart.o
    0x080035d2   0x080035d2   0x00000002   Code   RO          313    i.UsageFault_Handler  stm32f4xx_it.o
    0x080035d4   0x080035d4   0x00000030   Code   RO         3129    i.__ARM_fpclassify  m_wm.l(fpclassify.o)
    0x08003604   0x08003604   0x00000020   Code   RO         1534    i.__NVIC_SetPriority  stm32f4xx_hal_cortex.o
    0x08003624   0x08003624   0x0000000e   Code   RO         2938    i._is_digit         c_w.l(__printf_wp.o)
    0x08003632   0x08003632   0x00000002   Code   RO          242    i._sys_exit         usart.o
    0x08003634   0x08003634   0x000004bc   Code   RO         2322    i.a_w25qxx_erase_sector  driver_w25qxx.o
    0x08003af0   0x08003af0   0x000004b4   Code   RO         2323    i.a_w25qxx_page_program  driver_w25qxx.o
    0x08003fa4   0x08003fa4   0x0000004e   Code   RO         2324    i.a_w25qxx_qspi_write_read  driver_w25qxx.o
    0x08003ff2   0x08003ff2   0x00000002   PAD
    0x08003ff4   0x08003ff4   0x000002d4   Code   RO         2325    i.a_w25qxx_read     driver_w25qxx.o
    0x080042c8   0x080042c8   0x00000032   Code   RO         2326    i.a_w25qxx_spi_write_read  driver_w25qxx.o
    0x080042fa   0x080042fa   0x00000002   PAD
    0x080042fc   0x080042fc   0x00000074   Code   RO         2327    i.a_w25qxx_write_no_check  driver_w25qxx.o
    0x08004370   0x08004370   0x00000018   Code   RO          244    i.fputc             usart.o
    0x08004388   0x08004388   0x0000002e   Code   RO           15    i.main              main.o
    0x080043b6   0x080043b6   0x00000002   PAD
    0x080043b8   0x080043b8   0x00000508   Code   RO         2328    i.w25qxx_block_erase_32k  driver_w25qxx.o
    0x080048c0   0x080048c0   0x00000504   Code   RO         2329    i.w25qxx_block_erase_64k  driver_w25qxx.o
    0x08004dc4   0x08004dc4   0x00000240   Code   RO         2330    i.w25qxx_chip_erase  driver_w25qxx.o
    0x08005004   0x08005004   0x0000010c   Code   RO         2331    i.w25qxx_deinit     driver_w25qxx.o
    0x08005110   0x08005110   0x000000a8   Code   RO         2332    i.w25qxx_disable_write  driver_w25qxx.o
    0x080051b8   0x080051b8   0x000000a8   Code   RO         2333    i.w25qxx_enable_reset  driver_w25qxx.o
    0x08005260   0x08005260   0x000000ac   Code   RO         2334    i.w25qxx_enable_volatile_sr_write  driver_w25qxx.o
    0x0800530c   0x0800530c   0x000000a8   Code   RO         2335    i.w25qxx_enable_write  driver_w25qxx.o
    0x080053b4   0x080053b4   0x00000144   Code   RO         2336    i.w25qxx_enter_qspi_mode  driver_w25qxx.o
    0x080054f8   0x080054f8   0x000000b0   Code   RO         2337    i.w25qxx_erase_program_resume  driver_w25qxx.o
    0x080055a8   0x080055a8   0x000000b0   Code   RO         2338    i.w25qxx_erase_program_suspend  driver_w25qxx.o
    0x08005658   0x08005658   0x000002a8   Code   RO         2339    i.w25qxx_erase_security_register  driver_w25qxx.o
    0x08005900   0x08005900   0x000000ac   Code   RO         2340    i.w25qxx_exit_qspi_mode  driver_w25qxx.o
    0x080059ac   0x080059ac   0x000002ec   Code   RO         2341    i.w25qxx_fast_read  driver_w25qxx.o
    0x08005c98   0x08005c98   0x00000214   Code   RO         2342    i.w25qxx_fast_read_dual_io  driver_w25qxx.o
    0x08005eac   0x08005eac   0x00000220   Code   RO         2343    i.w25qxx_fast_read_dual_output  driver_w25qxx.o
    0x080060cc   0x080060cc   0x0000028c   Code   RO         2344    i.w25qxx_fast_read_quad_io  driver_w25qxx.o
    0x08006358   0x08006358   0x0000021c   Code   RO         2345    i.w25qxx_fast_read_quad_output  driver_w25qxx.o
    0x08006574   0x08006574   0x00000010   Code   RO         2348    i.w25qxx_get_interface  driver_w25qxx.o
    0x08006584   0x08006584   0x000000c4   Code   RO         2349    i.w25qxx_get_jedec_id  driver_w25qxx.o
    0x08006648   0x08006648   0x000000dc   Code   RO         2350    i.w25qxx_get_manufacturer_device_id  driver_w25qxx.o
    0x08006724   0x08006724   0x00000178   Code   RO         2351    i.w25qxx_get_manufacturer_device_id_dual_io  driver_w25qxx.o
    0x0800689c   0x0800689c   0x00000184   Code   RO         2352    i.w25qxx_get_manufacturer_device_id_quad_io  driver_w25qxx.o
    0x08006a20   0x08006a20   0x000000fc   Code   RO         2353    i.w25qxx_get_sfdp   driver_w25qxx.o
    0x08006b1c   0x08006b1c   0x000000ac   Code   RO         2354    i.w25qxx_get_status1  driver_w25qxx.o
    0x08006bc8   0x08006bc8   0x000000ac   Code   RO         2355    i.w25qxx_get_status2  driver_w25qxx.o
    0x08006c74   0x08006c74   0x000000ac   Code   RO         2356    i.w25qxx_get_status3  driver_w25qxx.o
    0x08006d20   0x08006d20   0x0000000e   Code   RO         2357    i.w25qxx_get_type   driver_w25qxx.o
    0x08006d2e   0x08006d2e   0x00000002   PAD
    0x08006d30   0x08006d30   0x00000150   Code   RO         2358    i.w25qxx_get_unique_id  driver_w25qxx.o
    0x08006e80   0x08006e80   0x000000ac   Code   RO         2359    i.w25qxx_global_block_lock  driver_w25qxx.o
    0x08006f2c   0x08006f2c   0x000000b0   Code   RO         2360    i.w25qxx_global_block_unlock  driver_w25qxx.o
    0x08006fdc   0x08006fdc   0x000002e8   Code   RO         2361    i.w25qxx_individual_block_lock  driver_w25qxx.o
    0x080072c4   0x080072c4   0x000002ec   Code   RO         2362    i.w25qxx_individual_block_unlock  driver_w25qxx.o
    0x080075b0   0x080075b0   0x00000098   Code   RO         2363    i.w25qxx_info       driver_w25qxx.o
    0x08007648   0x08007648   0x000006c0   Code   RO         2364    i.w25qxx_init       driver_w25qxx.o
    0x08007d08   0x08007d08   0x0000006c   Code   RO         2737    i.w25qxx_interface_debug_print  driver_w25qxx_interface.o
    0x08007d74   0x08007d74   0x00000004   Code   RO         2738    i.w25qxx_interface_delay_ms  driver_w25qxx_interface.o
    0x08007d78   0x08007d78   0x00000050   Code   RO         2739    i.w25qxx_interface_delay_us  driver_w25qxx_interface.o
    0x08007dc8   0x08007dc8   0x00000024   Code   RO         2740    i.w25qxx_interface_spi_qspi_deinit  driver_w25qxx_interface.o
    0x08007dec   0x08007dec   0x00000070   Code   RO         2741    i.w25qxx_interface_spi_qspi_init  driver_w25qxx_interface.o
    0x08007e5c   0x08007e5c   0x0000017c   Code   RO         2742    i.w25qxx_interface_spi_qspi_write_read  driver_w25qxx_interface.o
    0x08007fd8   0x08007fd8   0x00000048   Code   RO         2743    i.w25qxx_interface_spi_transmit  driver_w25qxx_interface.o
    0x08008020   0x08008020   0x00000224   Code   RO         2365    i.w25qxx_octal_word_read_quad_io  driver_w25qxx.o
    0x08008244   0x08008244   0x000002b0   Code   RO         2366    i.w25qxx_only_spi_read  driver_w25qxx.o
    0x080084f4   0x080084f4   0x0000052c   Code   RO         2367    i.w25qxx_page_program  driver_w25qxx.o
    0x08008a20   0x08008a20   0x00000320   Code   RO         2368    i.w25qxx_page_program_quad_input  driver_w25qxx.o
    0x08008d40   0x08008d40   0x000000f4   Code   RO         2369    i.w25qxx_power_down  driver_w25qxx.o
    0x08008e34   0x08008e34   0x000002cc   Code   RO         2370    i.w25qxx_program_security_register  driver_w25qxx.o
    0x08009100   0x08009100   0x000002ec   Code   RO         2371    i.w25qxx_read       driver_w25qxx.o
    0x080093ec   0x080093ec   0x000002e4   Code   RO         2372    i.w25qxx_read_block_lock  driver_w25qxx.o
    0x080096d0   0x080096d0   0x00000164   Code   RO         2373    i.w25qxx_read_security_register  driver_w25qxx.o
    0x08009834   0x08009834   0x00001dac   Code   RO         2806    i.w25qxx_read_test  driver_w25qxx_read_test.o
    0x0800b5e0   0x0800b5e0   0x00001998   Code   RO         2828    i.w25qxx_register_test  driver_w25qxx_register_test.o
    0x0800cf78   0x0800cf78   0x000000c4   Code   RO         2374    i.w25qxx_release_power_down  driver_w25qxx.o
    0x0800d03c   0x0800d03c   0x000000a8   Code   RO         2375    i.w25qxx_reset_device  driver_w25qxx.o
    0x0800d0e4   0x0800d0e4   0x00000508   Code   RO         2376    i.w25qxx_sector_erase_4k  driver_w25qxx.o
    0x0800d5ec   0x0800d5ec   0x00000120   Code   RO         2377    i.w25qxx_set_address_mode  driver_w25qxx.o
    0x0800d70c   0x0800d70c   0x000000e0   Code   RO         2378    i.w25qxx_set_burst_with_wrap  driver_w25qxx.o
    0x0800d7ec   0x0800d7ec   0x0000000c   Code   RO         2379    i.w25qxx_set_dual_quad_spi  driver_w25qxx.o
    0x0800d7f8   0x0800d7f8   0x0000000e   Code   RO         2380    i.w25qxx_set_interface  driver_w25qxx.o
    0x0800d806   0x0800d806   0x00000002   PAD
    0x0800d808   0x0800d808   0x000000ec   Code   RO         2381    i.w25qxx_set_read_parameters  driver_w25qxx.o
    0x0800d8f4   0x0800d8f4   0x00000284   Code   RO         2382    i.w25qxx_set_status1  driver_w25qxx.o
    0x0800db78   0x0800db78   0x00000288   Code   RO         2383    i.w25qxx_set_status2  driver_w25qxx.o
    0x0800de00   0x0800de00   0x00000288   Code   RO         2384    i.w25qxx_set_status3  driver_w25qxx.o
    0x0800e088   0x0800e088   0x0000000c   Code   RO         2385    i.w25qxx_set_type   driver_w25qxx.o
    0x0800e094   0x0800e094   0x00000218   Code   RO         2386    i.w25qxx_word_read_quad_io  driver_w25qxx.o
    0x0800e2ac   0x0800e2ac   0x00000128   Code   RO         2387    i.w25qxx_write      driver_w25qxx.o
    0x0800e3d4   0x0800e3d4   0x0000002c   Code   RO         3109    locale$$code        c_w.l(lc_numeric_c.o)
    0x0800e400   0x0800e400   0x0000002c   Code   RO         3143    locale$$code        c_w.l(lc_ctype_c.o)
    0x0800e42c   0x0800e42c   0x0000000c   Code   RO         3020    x$fpl$dretinf       fz_wm.l(dretinf.o)
    0x0800e438   0x0800e438   0x00000056   Code   RO         2869    x$fpl$f2d           fz_wm.l(f2d.o)
    0x0800e48e   0x0800e48e   0x0000008c   Code   RO         3022    x$fpl$fnaninf       fz_wm.l(fnaninf.o)
    0x0800e51a   0x0800e51a   0x0000000a   Code   RO         3070    x$fpl$fpinit        fz_wm.l(fpinit.o)
    0x0800e524   0x0800e524   0x00000004   Code   RO         3024    x$fpl$printf1       fz_wm.l(printf1.o)
    0x0800e528   0x0800e528   0x00000004   Code   RO         3026    x$fpl$printf2       fz_wm.l(printf2.o)
    0x0800e52c   0x0800e52c   0x00000000   Code   RO         3032    x$fpl$usenofp       fz_wm.l(usenofp.o)
    0x0800e52c   0x0800e52c   0x00000010   Data   RO         2289    .constdata          system_stm32f4xx.o
    0x0800e53c   0x0800e53c   0x00000008   Data   RO         2290    .constdata          system_stm32f4xx.o
    0x0800e544   0x0800e544   0x00000018   Data   RO         2808    .constdata          driver_w25qxx_read_test.o
    0x0800e55c   0x0800e55c   0x00000008   Data   RO         2897    .constdata          c_w.l(_printf_wctomb.o)
    0x0800e564   0x0800e564   0x00000028   Data   RO         2926    .constdata          c_w.l(_printf_hex_int_ll_ptr.o)
    0x0800e58c   0x0800e58c   0x00000011   Data   RO         2946    .constdata          c_w.l(__printf_flags_ss_wp.o)
    0x0800e59d   0x0800e59d   0x00000026   Data   RO         3057    .constdata          c_w.l(_printf_fp_hex.o)
    0x0800e5c3   0x0800e5c3   0x00000001   PAD
    0x0800e5c4   0x0800e5c4   0x00000094   Data   RO         3084    .constdata          c_w.l(bigflt0.o)
    0x0800e658   0x0800e658   0x00000051   Data   RO         2809    .conststring        driver_w25qxx_read_test.o
    0x0800e6a9   0x0800e6a9   0x00000003   PAD
    0x0800e6ac   0x0800e6ac   0x0000004c   Data   RO         2830    .conststring        driver_w25qxx_register_test.o
    0x0800e6f8   0x0800e6f8   0x00000020   Data   RO         3208    Region$$Table       anon$$obj.o
    0x0800e718   0x0800e718   0x0000001c   Data   RO         3108    locale$$data        c_w.l(lc_numeric_c.o)
    0x0800e734   0x0800e734   0x00000110   Data   RO         3142    locale$$data        c_w.l(lc_ctype_c.o)


    Execution Region RW_IRAM1 (Exec base: 0x20000000, Load base: 0x0800e844, Size: 0x000038f8, Max: 0x00018000, ABSOLUTE)

    Exec Addr    Load Addr    Size         Type   Attr      Idx    E Section Name        Object

    0x20000000   0x0800e844   0x00000004   Data   RW          246    .data               usart.o
    0x20000004   0x0800e848   0x0000000c   Data   RW         1693    .data               stm32f4xx_hal.o
    0x20000010   0x0800e854   0x00000004   Data   RW         2291    .data               system_stm32f4xx.o
    0x20000014        -       0x00000058   Zero   RW          200    .bss                spi.o
    0x2000006c        -       0x00000048   Zero   RW          245    .bss                usart.o
    0x200000b4        -       0x000015d8   Zero   RW         2807    .bss                driver_w25qxx_read_test.o
    0x2000168c        -       0x00001128   Zero   RW         2829    .bss                driver_w25qxx_register_test.o
    0x200027b4        -       0x000000e4   Zero   RW         2856    .bss                c_w.l(rand.o)
    0x20002898        -       0x00000060   Zero   RW         3134    .bss                c_w.l(libspace.o)
    0x200028f8        -       0x00000800   Zero   RW            2    HEAP                startup_stm32f401xe.o
    0x200030f8        -       0x00000800   Zero   RW            1    STACK               startup_stm32f401xe.o


==============================================================================

Image component sizes


      Code (inc. data)   RO Data    RW Data    ZI Data      Debug   Object Name

     29428       8070          0          0          0      78813   driver_w25qxx.o
       792         50          0          0          0       8522   driver_w25qxx_interface.o
      7596       2926        105          0       5592       5951   driver_w25qxx_read_test.o
      6552       3786         76          0       4392       3423   driver_w25qxx_register_test.o
       168         14          0          0          0       1051   gpio.o
       198          8          0          0          0     393320   main.o
       276         42          0          0         88       2497   spi.o
        64         26        404          0       4096        880   startup_stm32f401xe.o
       180         28          0         12          0       9569   stm32f4xx_hal.o
       172         14          0          0          0      33330   stm32f4xx_hal_cortex.o
       790         62          0          0          0       3230   stm32f4xx_hal_gpio.o
        48          6          0          0          0        934   stm32f4xx_hal_msp.o
      1356         78          0          0          0       5996   stm32f4xx_hal_rcc.o
      1822         16          0          0          0      10062   stm32f4xx_hal_spi.o
       720         10          0          0          0       5072   stm32f4xx_hal_uart.o
        20          0          0          0          0       4502   stm32f4xx_it.o
        16          4         24          4          0       1235   system_stm32f4xx.o
       186         28          0          4         72       4262   usart.o

    ----------------------------------------------------------------------
     50406      15168        644         20      14240     572649   Object Totals
         0          0         32          0          0          0   (incl. Generated)
        22          0          3          0          0          0   (incl. Padding)

    ----------------------------------------------------------------------

      Code (inc. data)   RO Data    RW Data    ZI Data      Debug   Library Member Name

         8          0          0          0          0         68   __main.o
       392          4         17          0          0         92   __printf_flags_ss_wp.o
        14          0          0          0          0         68   __printf_wp.o
         0          0          0          0          0          0   __rtentry.o
        12          0          0          0          0          0   __rtentry2.o
         6          0          0          0          0          0   __rtentry4.o
        52          8          0          0          0          0   __scatter.o
        26          0          0          0          0          0   __scatter_copy.o
        28          0          0          0          0          0   __scatter_zi.o
         6          0          0          0          0          0   _printf_a.o
         6          0          0          0          0          0   _printf_c.o
        44          0          0          0          0        108   _printf_char.o
        48          6          0          0          0         96   _printf_char_common.o
        40          0          0          0          0         68   _printf_charcount.o
         6          0          0          0          0          0   _printf_d.o
       120         16          0          0          0         92   _printf_dec.o
         6          0          0          0          0          0   _printf_e.o
         6          0          0          0          0          0   _printf_f.o
      1054          0          0          0          0        216   _printf_fp_dec.o
       764          8         38          0          0        100   _printf_fp_hex.o
       128         16          0          0          0         84   _printf_fp_infnan.o
         6          0          0          0          0          0   _printf_g.o
       148          4         40          0          0        160   _printf_hex_int_ll_ptr.o
         6          0          0          0          0          0   _printf_i.o
       178          0          0          0          0         88   _printf_intcommon.o
        10          0          0          0          0          0   _printf_l.o
         6          0          0          0          0          0   _printf_lc.o
        10          0          0          0          0          0   _printf_ll.o
         6          0          0          0          0          0   _printf_lld.o
         6          0          0          0          0          0   _printf_lli.o
         6          0          0          0          0          0   _printf_llo.o
         6          0          0          0          0          0   _printf_llu.o
         6          0          0          0          0          0   _printf_llx.o
       124         16          0          0          0         92   _printf_longlong_dec.o
         6          0          0          0          0          0   _printf_ls.o
         6          0          0          0          0          0   _printf_n.o
         6          0          0          0          0          0   _printf_o.o
       112         10          0          0          0        124   _printf_oct_int_ll.o
         6          0          0          0          0          0   _printf_p.o
        78          0          0          0          0        108   _printf_pad.o
         0          0          0          0          0          0   _printf_percent.o
         4          0          0          0          0          0   _printf_percent_end.o
         6          0          0          0          0          0   _printf_s.o
        82          0          0          0          0         80   _printf_str.o
        36          0          0          0          0         84   _printf_truncate.o
         6          0          0          0          0          0   _printf_u.o
        44          0          0          0          0        108   _printf_wchar.o
       188          6          8          0          0         92   _printf_wctomb.o
         6          0          0          0          0          0   _printf_x.o
        16          0          0          0          0         68   _snputc.o
        10          0          0          0          0         68   _sputc.o
        64          0          0          0          0         92   _wcrtomb.o
       228          4        148          0          0         96   bigflt0.o
      1936        128          0          0          0        672   btod.o
        18          0          0          0          0         80   exit.o
         6          0          0          0          0        152   heapauxi.o
        44         10        272          0          0         76   lc_ctype_c.o
        44         10         28          0          0         76   lc_numeric_c.o
         2          0          0          0          0          0   libinit.o
        38          0          0          0          0          0   libinit2.o
         2          0          0          0          0          0   libshutdown.o
         2          0          0          0          0          0   libshutdown2.o
         8          4          0          0         96         68   libspace.o
       138          0          0          0          0         80   lludiv10.o
       238          0          0          0          0        100   lludivv7m.o
       112         18          0          0        228        160   rand.o
        16          4          0          0          0         76   rt_ctype_table.o
         8          4          0          0          0         68   rt_locale_intlibspace.o
        68          0          0          0          0         68   rt_memclr.o
        78          0          0          0          0         80   rt_memclr_w.o
       138          0          0          0          0         68   rt_memcpy_v6.o
       100          0          0          0          0         80   rt_memcpy_w.o
         2          0          0          0          0          0   rtexit.o
        10          0          0          0          0          0   rtexit2.o
       128          0          0          0          0         68   strcmpv7m.o
        86          0          0          0          0         76   strncpy.o
        74          0          0          0          0         80   sys_stackheap_outer.o
         2          0          0          0          0         68   use_no_semi.o
         2          0          0          0          0         68   use_no_semi_2.o
        52          4          0          0          0         80   vsnprintf.o
        12          0          0          0          0        116   dretinf.o
        86          4          0          0          0        132   f2d.o
       140          4          0          0          0        132   fnaninf.o
        10          0          0          0          0        116   fpinit.o
         4          0          0          0          0        116   printf1.o
         4          0          0          0          0        116   printf2.o
         0          0          0          0          0          0   usenofp.o
        48          0          0          0          0        124   fpclassify.o

    ----------------------------------------------------------------------
      7858        288        552          0        324       5448   Library Totals
        14          0          1          0          0          0   (incl. Padding)

    ----------------------------------------------------------------------

      Code (inc. data)   RO Data    RW Data    ZI Data      Debug   Library Name

      7540        280        551          0        324       4596   c_w.l
       256          8          0          0          0        728   fz_wm.l
        48          0          0          0          0        124   m_wm.l

    ----------------------------------------------------------------------
      7858        288        552          0        324       5448   Library Totals

    ----------------------------------------------------------------------

==============================================================================


      Code (inc. data)   RO Data    RW Data    ZI Data      Debug   

     58264      15456       1196         20      14564     563049   Grand Totals
     58264      15456       1196         20      14564     563049   ELF Image Totals
     58264      15456       1196         20          0          0   ROM Totals

==============================================================================

    Total RO  Size (Code + RO Data)                59460 (  58.07kB)
    Total RW  Size (RW Data + ZI Data)             14584 (  14.24kB)
    Total ROM Size (Code + RO Data + RW Data)      59480 (  58.09kB)

==============================================================================

