<!doctype html public "-//w3c//dtd html 4.0 transitional//en">
<html><head>
<title>Static Call Graph - [rocketpi_mbedtls\rocketpi_mbedtls.axf]</title></head>
<body><HR>
<H1>Static Call Graph for image rocketpi_mbedtls\rocketpi_mbedtls.axf</H1><HR>
<BR><P>#&#060CALLGRAPH&#062# ARM Linker, 5060960: Last Updated: Sun Dec 14 04:04:54 2025
<BR><P>
<H3>Maximum Stack Usage =       2948 bytes + Unknown(Cycles, Untraceable Function Pointers)</H3><H3>
Call chain for Maximum Stack Depth:</H3>
main &rArr; run_mbedtls_tests &rArr; run_rsa_test &rArr; mbedtls_rsa_pkcs1_decrypt &rArr; mbedtls_rsa_rsaes_pkcs1_v15_decrypt &rArr; mbedtls_rsa_private &rArr; rsa_prepare_blinding &rArr; mbedtls_mpi_exp_mod &rArr; mbedtls_mpi_mod_mpi &rArr; mbedtls_mpi_div_mpi &rArr; mbedtls_mpi_mul_int &rArr; mbedtls_mpi_mul_mpi &rArr; mbedtls_mpi_copy &rArr; mbedtls_mpi_grow &rArr; calloc &rArr; malloc
<P>
<H3>
Mutually Recursive functions
</H3> <LI><a href="#[1c]">ADC_IRQHandler</a>&nbsp;&nbsp;&nbsp;&rArr;&nbsp;&nbsp;&nbsp;<a href="#[1c]">ADC_IRQHandler</a><BR>
 <LI><a href="#[4]">BusFault_Handler</a>&nbsp;&nbsp;&nbsp;&rArr;&nbsp;&nbsp;&nbsp;<a href="#[4]">BusFault_Handler</a><BR>
 <LI><a href="#[2]">HardFault_Handler</a>&nbsp;&nbsp;&nbsp;&rArr;&nbsp;&nbsp;&nbsp;<a href="#[2]">HardFault_Handler</a><BR>
 <LI><a href="#[3]">MemManage_Handler</a>&nbsp;&nbsp;&nbsp;&rArr;&nbsp;&nbsp;&nbsp;<a href="#[3]">MemManage_Handler</a><BR>
 <LI><a href="#[1]">NMI_Handler</a>&nbsp;&nbsp;&nbsp;&rArr;&nbsp;&nbsp;&nbsp;<a href="#[1]">NMI_Handler</a><BR>
 <LI><a href="#[5]">UsageFault_Handler</a>&nbsp;&nbsp;&nbsp;&rArr;&nbsp;&nbsp;&nbsp;<a href="#[5]">UsageFault_Handler</a><BR>
 <LI><a href="#[72]">UART_EndRxTransfer</a>&nbsp;&nbsp;&nbsp;&rArr;&nbsp;&nbsp;&nbsp;<a href="#[72]">UART_EndRxTransfer</a><BR>
</UL>
<P>
<H3>
Function Pointers
</H3><UL>
 <LI><a href="#[1c]">ADC_IRQHandler</a> from startup_stm32f401xe.o(.text) referenced from startup_stm32f401xe.o(RESET)
 <LI><a href="#[4]">BusFault_Handler</a> from stm32f4xx_it.o(i.BusFault_Handler) referenced from startup_stm32f401xe.o(RESET)
 <LI><a href="#[15]">DMA1_Stream0_IRQHandler</a> from startup_stm32f401xe.o(.text) referenced from startup_stm32f401xe.o(RESET)
 <LI><a href="#[16]">DMA1_Stream1_IRQHandler</a> from startup_stm32f401xe.o(.text) referenced from startup_stm32f401xe.o(RESET)
 <LI><a href="#[17]">DMA1_Stream2_IRQHandler</a> from startup_stm32f401xe.o(.text) referenced from startup_stm32f401xe.o(RESET)
 <LI><a href="#[18]">DMA1_Stream3_IRQHandler</a> from startup_stm32f401xe.o(.text) referenced from startup_stm32f401xe.o(RESET)
 <LI><a href="#[19]">DMA1_Stream4_IRQHandler</a> from startup_stm32f401xe.o(.text) referenced from startup_stm32f401xe.o(RESET)
 <LI><a href="#[1a]">DMA1_Stream5_IRQHandler</a> from startup_stm32f401xe.o(.text) referenced from startup_stm32f401xe.o(RESET)
 <LI><a href="#[1b]">DMA1_Stream6_IRQHandler</a> from startup_stm32f401xe.o(.text) referenced from startup_stm32f401xe.o(RESET)
 <LI><a href="#[30]">DMA1_Stream7_IRQHandler</a> from startup_stm32f401xe.o(.text) referenced from startup_stm32f401xe.o(RESET)
 <LI><a href="#[34]">DMA2_Stream0_IRQHandler</a> from startup_stm32f401xe.o(.text) referenced from startup_stm32f401xe.o(RESET)
 <LI><a href="#[35]">DMA2_Stream1_IRQHandler</a> from startup_stm32f401xe.o(.text) referenced from startup_stm32f401xe.o(RESET)
 <LI><a href="#[36]">DMA2_Stream2_IRQHandler</a> from startup_stm32f401xe.o(.text) referenced from startup_stm32f401xe.o(RESET)
 <LI><a href="#[37]">DMA2_Stream3_IRQHandler</a> from startup_stm32f401xe.o(.text) referenced from startup_stm32f401xe.o(RESET)
 <LI><a href="#[38]">DMA2_Stream4_IRQHandler</a> from startup_stm32f401xe.o(.text) referenced from startup_stm32f401xe.o(RESET)
 <LI><a href="#[3a]">DMA2_Stream5_IRQHandler</a> from startup_stm32f401xe.o(.text) referenced from startup_stm32f401xe.o(RESET)
 <LI><a href="#[3b]">DMA2_Stream6_IRQHandler</a> from startup_stm32f401xe.o(.text) referenced from startup_stm32f401xe.o(RESET)
 <LI><a href="#[3c]">DMA2_Stream7_IRQHandler</a> from startup_stm32f401xe.o(.text) referenced from startup_stm32f401xe.o(RESET)
 <LI><a href="#[7]">DebugMon_Handler</a> from stm32f4xx_it.o(i.DebugMon_Handler) referenced from startup_stm32f401xe.o(RESET)
 <LI><a href="#[10]">EXTI0_IRQHandler</a> from startup_stm32f401xe.o(.text) referenced from startup_stm32f401xe.o(RESET)
 <LI><a href="#[2d]">EXTI15_10_IRQHandler</a> from startup_stm32f401xe.o(.text) referenced from startup_stm32f401xe.o(RESET)
 <LI><a href="#[11]">EXTI1_IRQHandler</a> from startup_stm32f401xe.o(.text) referenced from startup_stm32f401xe.o(RESET)
 <LI><a href="#[12]">EXTI2_IRQHandler</a> from startup_stm32f401xe.o(.text) referenced from startup_stm32f401xe.o(RESET)
 <LI><a href="#[13]">EXTI3_IRQHandler</a> from startup_stm32f401xe.o(.text) referenced from startup_stm32f401xe.o(RESET)
 <LI><a href="#[14]">EXTI4_IRQHandler</a> from startup_stm32f401xe.o(.text) referenced from startup_stm32f401xe.o(RESET)
 <LI><a href="#[1d]">EXTI9_5_IRQHandler</a> from startup_stm32f401xe.o(.text) referenced from startup_stm32f401xe.o(RESET)
 <LI><a href="#[e]">FLASH_IRQHandler</a> from startup_stm32f401xe.o(.text) referenced from startup_stm32f401xe.o(RESET)
 <LI><a href="#[40]">FPU_IRQHandler</a> from startup_stm32f401xe.o(.text) referenced from startup_stm32f401xe.o(RESET)
 <LI><a href="#[2]">HardFault_Handler</a> from stm32f4xx_it.o(i.HardFault_Handler) referenced from startup_stm32f401xe.o(RESET)
 <LI><a href="#[26]">I2C1_ER_IRQHandler</a> from startup_stm32f401xe.o(.text) referenced from startup_stm32f401xe.o(RESET)
 <LI><a href="#[25]">I2C1_EV_IRQHandler</a> from startup_stm32f401xe.o(.text) referenced from startup_stm32f401xe.o(RESET)
 <LI><a href="#[28]">I2C2_ER_IRQHandler</a> from startup_stm32f401xe.o(.text) referenced from startup_stm32f401xe.o(RESET)
 <LI><a href="#[27]">I2C2_EV_IRQHandler</a> from startup_stm32f401xe.o(.text) referenced from startup_stm32f401xe.o(RESET)
 <LI><a href="#[3f]">I2C3_ER_IRQHandler</a> from startup_stm32f401xe.o(.text) referenced from startup_stm32f401xe.o(RESET)
 <LI><a href="#[3e]">I2C3_EV_IRQHandler</a> from startup_stm32f401xe.o(.text) referenced from startup_stm32f401xe.o(RESET)
 <LI><a href="#[3]">MemManage_Handler</a> from stm32f4xx_it.o(i.MemManage_Handler) referenced from startup_stm32f401xe.o(RESET)
 <LI><a href="#[1]">NMI_Handler</a> from stm32f4xx_it.o(i.NMI_Handler) referenced from startup_stm32f401xe.o(RESET)
 <LI><a href="#[39]">OTG_FS_IRQHandler</a> from startup_stm32f401xe.o(.text) referenced from startup_stm32f401xe.o(RESET)
 <LI><a href="#[2f]">OTG_FS_WKUP_IRQHandler</a> from startup_stm32f401xe.o(.text) referenced from startup_stm32f401xe.o(RESET)
 <LI><a href="#[b]">PVD_IRQHandler</a> from startup_stm32f401xe.o(.text) referenced from startup_stm32f401xe.o(RESET)
 <LI><a href="#[8]">PendSV_Handler</a> from stm32f4xx_it.o(i.PendSV_Handler) referenced from startup_stm32f401xe.o(RESET)
 <LI><a href="#[f]">RCC_IRQHandler</a> from startup_stm32f401xe.o(.text) referenced from startup_stm32f401xe.o(RESET)
 <LI><a href="#[2e]">RTC_Alarm_IRQHandler</a> from startup_stm32f401xe.o(.text) referenced from startup_stm32f401xe.o(RESET)
 <LI><a href="#[d]">RTC_WKUP_IRQHandler</a> from startup_stm32f401xe.o(.text) referenced from startup_stm32f401xe.o(RESET)
 <LI><a href="#[0]">Reset_Handler</a> from startup_stm32f401xe.o(.text) referenced from startup_stm32f401xe.o(RESET)
 <LI><a href="#[31]">SDIO_IRQHandler</a> from startup_stm32f401xe.o(.text) referenced from startup_stm32f401xe.o(RESET)
 <LI><a href="#[29]">SPI1_IRQHandler</a> from startup_stm32f401xe.o(.text) referenced from startup_stm32f401xe.o(RESET)
 <LI><a href="#[2a]">SPI2_IRQHandler</a> from startup_stm32f401xe.o(.text) referenced from startup_stm32f401xe.o(RESET)
 <LI><a href="#[33]">SPI3_IRQHandler</a> from startup_stm32f401xe.o(.text) referenced from startup_stm32f401xe.o(RESET)
 <LI><a href="#[41]">SPI4_IRQHandler</a> from startup_stm32f401xe.o(.text) referenced from startup_stm32f401xe.o(RESET)
 <LI><a href="#[6]">SVC_Handler</a> from stm32f4xx_it.o(i.SVC_Handler) referenced from startup_stm32f401xe.o(RESET)
 <LI><a href="#[9]">SysTick_Handler</a> from stm32f4xx_it.o(i.SysTick_Handler) referenced from startup_stm32f401xe.o(RESET)
 <LI><a href="#[43]">SystemInit</a> from system_stm32f4xx.o(i.SystemInit) referenced from startup_stm32f401xe.o(.text)
 <LI><a href="#[c]">TAMP_STAMP_IRQHandler</a> from startup_stm32f401xe.o(.text) referenced from startup_stm32f401xe.o(RESET)
 <LI><a href="#[1e]">TIM1_BRK_TIM9_IRQHandler</a> from startup_stm32f401xe.o(.text) referenced from startup_stm32f401xe.o(RESET)
 <LI><a href="#[21]">TIM1_CC_IRQHandler</a> from startup_stm32f401xe.o(.text) referenced from startup_stm32f401xe.o(RESET)
 <LI><a href="#[20]">TIM1_TRG_COM_TIM11_IRQHandler</a> from startup_stm32f401xe.o(.text) referenced from startup_stm32f401xe.o(RESET)
 <LI><a href="#[1f]">TIM1_UP_TIM10_IRQHandler</a> from startup_stm32f401xe.o(.text) referenced from startup_stm32f401xe.o(RESET)
 <LI><a href="#[22]">TIM2_IRQHandler</a> from startup_stm32f401xe.o(.text) referenced from startup_stm32f401xe.o(RESET)
 <LI><a href="#[23]">TIM3_IRQHandler</a> from startup_stm32f401xe.o(.text) referenced from startup_stm32f401xe.o(RESET)
 <LI><a href="#[24]">TIM4_IRQHandler</a> from startup_stm32f401xe.o(.text) referenced from startup_stm32f401xe.o(RESET)
 <LI><a href="#[32]">TIM5_IRQHandler</a> from startup_stm32f401xe.o(.text) referenced from startup_stm32f401xe.o(RESET)
 <LI><a href="#[2b]">USART1_IRQHandler</a> from startup_stm32f401xe.o(.text) referenced from startup_stm32f401xe.o(RESET)
 <LI><a href="#[2c]">USART2_IRQHandler</a> from startup_stm32f401xe.o(.text) referenced from startup_stm32f401xe.o(RESET)
 <LI><a href="#[3d]">USART6_IRQHandler</a> from startup_stm32f401xe.o(.text) referenced from startup_stm32f401xe.o(RESET)
 <LI><a href="#[5]">UsageFault_Handler</a> from stm32f4xx_it.o(i.UsageFault_Handler) referenced from startup_stm32f401xe.o(RESET)
 <LI><a href="#[a]">WWDG_IRQHandler</a> from startup_stm32f401xe.o(.text) referenced from startup_stm32f401xe.o(RESET)
 <LI><a href="#[44]">__main</a> from entry.o(.ARM.Collect$$$$00000000) referenced from startup_stm32f401xe.o(.text)
 <LI><a href="#[45]">fputc</a> from debug_driver.o(i.fputc) referenced from printfa.o(i.__0printf)
 <LI><a href="#[42]">main</a> from main.o(i.main) referenced from entry9a.o(.ARM.Collect$$$$0000000B)
 <LI><a href="#[47]">memset</a> from memseta.o(.text) referenced from platform_util.o(.data)
 <LI><a href="#[46]">pseudo_entropy_source</a> from main.o(i.pseudo_entropy_source) referenced from main.o(i.run_rsa_test)
</UL>
<P>
<H3>
Global Symbols
</H3>
<P><STRONG><a name="[44]"></a>__main</STRONG> (Thumb, 0 bytes, Stack size unknown bytes, entry.o(.ARM.Collect$$$$00000000))
<BR>[Address Reference Count : 1]<UL><LI> startup_stm32f401xe.o(.text)
</UL>
<P><STRONG><a name="[d6]"></a>_main_stk</STRONG> (Thumb, 0 bytes, Stack size unknown bytes, entry2.o(.ARM.Collect$$$$00000001))

<P><STRONG><a name="[48]"></a>_main_scatterload</STRONG> (Thumb, 0 bytes, Stack size unknown bytes, entry5.o(.ARM.Collect$$$$00000004))
<BR><BR>[Calls]<UL><LI><a href="#[49]">&gt;&gt;</a>&nbsp;&nbsp;&nbsp;__scatterload
</UL>

<P><STRONG><a name="[5a]"></a>__main_after_scatterload</STRONG> (Thumb, 0 bytes, Stack size unknown bytes, entry5.o(.ARM.Collect$$$$00000004))
<BR><BR>[Called By]<UL><LI><a href="#[49]">&gt;&gt;</a>&nbsp;&nbsp;&nbsp;__scatterload
</UL>

<P><STRONG><a name="[d7]"></a>_main_clock</STRONG> (Thumb, 0 bytes, Stack size unknown bytes, entry7b.o(.ARM.Collect$$$$00000008))

<P><STRONG><a name="[d8]"></a>_main_cpp_init</STRONG> (Thumb, 0 bytes, Stack size unknown bytes, entry8b.o(.ARM.Collect$$$$0000000A))

<P><STRONG><a name="[d9]"></a>_main_init</STRONG> (Thumb, 0 bytes, Stack size unknown bytes, entry9a.o(.ARM.Collect$$$$0000000B))

<P><STRONG><a name="[da]"></a>__rt_lib_shutdown_fini</STRONG> (Thumb, 0 bytes, Stack size unknown bytes, entry12b.o(.ARM.Collect$$$$0000000E))

<P><STRONG><a name="[db]"></a>__rt_final_cpp</STRONG> (Thumb, 0 bytes, Stack size unknown bytes, entry10a.o(.ARM.Collect$$$$0000000F))

<P><STRONG><a name="[dc]"></a>__rt_final_exit</STRONG> (Thumb, 0 bytes, Stack size unknown bytes, entry11a.o(.ARM.Collect$$$$00000011))

<P><STRONG><a name="[0]"></a>Reset_Handler</STRONG> (Thumb, 8 bytes, Stack size 0 bytes, startup_stm32f401xe.o(.text))
<BR>[Address Reference Count : 1]<UL><LI> startup_stm32f401xe.o(RESET)
</UL>
<P><STRONG><a name="[1c]"></a>ADC_IRQHandler</STRONG> (Thumb, 0 bytes, Stack size 0 bytes, startup_stm32f401xe.o(.text))
<BR><BR>[Calls]<UL><LI><a href="#[1c]">&gt;&gt;</a>&nbsp;&nbsp;&nbsp;ADC_IRQHandler
</UL>
<BR>[Called By]<UL><LI><a href="#[1c]">&gt;&gt;</a>&nbsp;&nbsp;&nbsp;ADC_IRQHandler
</UL>
<BR>[Address Reference Count : 1]<UL><LI> startup_stm32f401xe.o(RESET)
</UL>
<P><STRONG><a name="[15]"></a>DMA1_Stream0_IRQHandler</STRONG> (Thumb, 0 bytes, Stack size 0 bytes, startup_stm32f401xe.o(.text))
<BR>[Address Reference Count : 1]<UL><LI> startup_stm32f401xe.o(RESET)
</UL>
<P><STRONG><a name="[16]"></a>DMA1_Stream1_IRQHandler</STRONG> (Thumb, 0 bytes, Stack size 0 bytes, startup_stm32f401xe.o(.text))
<BR>[Address Reference Count : 1]<UL><LI> startup_stm32f401xe.o(RESET)
</UL>
<P><STRONG><a name="[17]"></a>DMA1_Stream2_IRQHandler</STRONG> (Thumb, 0 bytes, Stack size 0 bytes, startup_stm32f401xe.o(.text))
<BR>[Address Reference Count : 1]<UL><LI> startup_stm32f401xe.o(RESET)
</UL>
<P><STRONG><a name="[18]"></a>DMA1_Stream3_IRQHandler</STRONG> (Thumb, 0 bytes, Stack size 0 bytes, startup_stm32f401xe.o(.text))
<BR>[Address Reference Count : 1]<UL><LI> startup_stm32f401xe.o(RESET)
</UL>
<P><STRONG><a name="[19]"></a>DMA1_Stream4_IRQHandler</STRONG> (Thumb, 0 bytes, Stack size 0 bytes, startup_stm32f401xe.o(.text))
<BR>[Address Reference Count : 1]<UL><LI> startup_stm32f401xe.o(RESET)
</UL>
<P><STRONG><a name="[1a]"></a>DMA1_Stream5_IRQHandler</STRONG> (Thumb, 0 bytes, Stack size 0 bytes, startup_stm32f401xe.o(.text))
<BR>[Address Reference Count : 1]<UL><LI> startup_stm32f401xe.o(RESET)
</UL>
<P><STRONG><a name="[1b]"></a>DMA1_Stream6_IRQHandler</STRONG> (Thumb, 0 bytes, Stack size 0 bytes, startup_stm32f401xe.o(.text))
<BR>[Address Reference Count : 1]<UL><LI> startup_stm32f401xe.o(RESET)
</UL>
<P><STRONG><a name="[30]"></a>DMA1_Stream7_IRQHandler</STRONG> (Thumb, 0 bytes, Stack size 0 bytes, startup_stm32f401xe.o(.text))
<BR>[Address Reference Count : 1]<UL><LI> startup_stm32f401xe.o(RESET)
</UL>
<P><STRONG><a name="[34]"></a>DMA2_Stream0_IRQHandler</STRONG> (Thumb, 0 bytes, Stack size 0 bytes, startup_stm32f401xe.o(.text))
<BR>[Address Reference Count : 1]<UL><LI> startup_stm32f401xe.o(RESET)
</UL>
<P><STRONG><a name="[35]"></a>DMA2_Stream1_IRQHandler</STRONG> (Thumb, 0 bytes, Stack size 0 bytes, startup_stm32f401xe.o(.text))
<BR>[Address Reference Count : 1]<UL><LI> startup_stm32f401xe.o(RESET)
</UL>
<P><STRONG><a name="[36]"></a>DMA2_Stream2_IRQHandler</STRONG> (Thumb, 0 bytes, Stack size 0 bytes, startup_stm32f401xe.o(.text))
<BR>[Address Reference Count : 1]<UL><LI> startup_stm32f401xe.o(RESET)
</UL>
<P><STRONG><a name="[37]"></a>DMA2_Stream3_IRQHandler</STRONG> (Thumb, 0 bytes, Stack size 0 bytes, startup_stm32f401xe.o(.text))
<BR>[Address Reference Count : 1]<UL><LI> startup_stm32f401xe.o(RESET)
</UL>
<P><STRONG><a name="[38]"></a>DMA2_Stream4_IRQHandler</STRONG> (Thumb, 0 bytes, Stack size 0 bytes, startup_stm32f401xe.o(.text))
<BR>[Address Reference Count : 1]<UL><LI> startup_stm32f401xe.o(RESET)
</UL>
<P><STRONG><a name="[3a]"></a>DMA2_Stream5_IRQHandler</STRONG> (Thumb, 0 bytes, Stack size 0 bytes, startup_stm32f401xe.o(.text))
<BR>[Address Reference Count : 1]<UL><LI> startup_stm32f401xe.o(RESET)
</UL>
<P><STRONG><a name="[3b]"></a>DMA2_Stream6_IRQHandler</STRONG> (Thumb, 0 bytes, Stack size 0 bytes, startup_stm32f401xe.o(.text))
<BR>[Address Reference Count : 1]<UL><LI> startup_stm32f401xe.o(RESET)
</UL>
<P><STRONG><a name="[3c]"></a>DMA2_Stream7_IRQHandler</STRONG> (Thumb, 0 bytes, Stack size 0 bytes, startup_stm32f401xe.o(.text))
<BR>[Address Reference Count : 1]<UL><LI> startup_stm32f401xe.o(RESET)
</UL>
<P><STRONG><a name="[10]"></a>EXTI0_IRQHandler</STRONG> (Thumb, 0 bytes, Stack size 0 bytes, startup_stm32f401xe.o(.text))
<BR>[Address Reference Count : 1]<UL><LI> startup_stm32f401xe.o(RESET)
</UL>
<P><STRONG><a name="[2d]"></a>EXTI15_10_IRQHandler</STRONG> (Thumb, 0 bytes, Stack size 0 bytes, startup_stm32f401xe.o(.text))
<BR>[Address Reference Count : 1]<UL><LI> startup_stm32f401xe.o(RESET)
</UL>
<P><STRONG><a name="[11]"></a>EXTI1_IRQHandler</STRONG> (Thumb, 0 bytes, Stack size 0 bytes, startup_stm32f401xe.o(.text))
<BR>[Address Reference Count : 1]<UL><LI> startup_stm32f401xe.o(RESET)
</UL>
<P><STRONG><a name="[12]"></a>EXTI2_IRQHandler</STRONG> (Thumb, 0 bytes, Stack size 0 bytes, startup_stm32f401xe.o(.text))
<BR>[Address Reference Count : 1]<UL><LI> startup_stm32f401xe.o(RESET)
</UL>
<P><STRONG><a name="[13]"></a>EXTI3_IRQHandler</STRONG> (Thumb, 0 bytes, Stack size 0 bytes, startup_stm32f401xe.o(.text))
<BR>[Address Reference Count : 1]<UL><LI> startup_stm32f401xe.o(RESET)
</UL>
<P><STRONG><a name="[14]"></a>EXTI4_IRQHandler</STRONG> (Thumb, 0 bytes, Stack size 0 bytes, startup_stm32f401xe.o(.text))
<BR>[Address Reference Count : 1]<UL><LI> startup_stm32f401xe.o(RESET)
</UL>
<P><STRONG><a name="[1d]"></a>EXTI9_5_IRQHandler</STRONG> (Thumb, 0 bytes, Stack size 0 bytes, startup_stm32f401xe.o(.text))
<BR>[Address Reference Count : 1]<UL><LI> startup_stm32f401xe.o(RESET)
</UL>
<P><STRONG><a name="[e]"></a>FLASH_IRQHandler</STRONG> (Thumb, 0 bytes, Stack size 0 bytes, startup_stm32f401xe.o(.text))
<BR>[Address Reference Count : 1]<UL><LI> startup_stm32f401xe.o(RESET)
</UL>
<P><STRONG><a name="[40]"></a>FPU_IRQHandler</STRONG> (Thumb, 0 bytes, Stack size 0 bytes, startup_stm32f401xe.o(.text))
<BR>[Address Reference Count : 1]<UL><LI> startup_stm32f401xe.o(RESET)
</UL>
<P><STRONG><a name="[26]"></a>I2C1_ER_IRQHandler</STRONG> (Thumb, 0 bytes, Stack size 0 bytes, startup_stm32f401xe.o(.text))
<BR>[Address Reference Count : 1]<UL><LI> startup_stm32f401xe.o(RESET)
</UL>
<P><STRONG><a name="[25]"></a>I2C1_EV_IRQHandler</STRONG> (Thumb, 0 bytes, Stack size 0 bytes, startup_stm32f401xe.o(.text))
<BR>[Address Reference Count : 1]<UL><LI> startup_stm32f401xe.o(RESET)
</UL>
<P><STRONG><a name="[28]"></a>I2C2_ER_IRQHandler</STRONG> (Thumb, 0 bytes, Stack size 0 bytes, startup_stm32f401xe.o(.text))
<BR>[Address Reference Count : 1]<UL><LI> startup_stm32f401xe.o(RESET)
</UL>
<P><STRONG><a name="[27]"></a>I2C2_EV_IRQHandler</STRONG> (Thumb, 0 bytes, Stack size 0 bytes, startup_stm32f401xe.o(.text))
<BR>[Address Reference Count : 1]<UL><LI> startup_stm32f401xe.o(RESET)
</UL>
<P><STRONG><a name="[3f]"></a>I2C3_ER_IRQHandler</STRONG> (Thumb, 0 bytes, Stack size 0 bytes, startup_stm32f401xe.o(.text))
<BR>[Address Reference Count : 1]<UL><LI> startup_stm32f401xe.o(RESET)
</UL>
<P><STRONG><a name="[3e]"></a>I2C3_EV_IRQHandler</STRONG> (Thumb, 0 bytes, Stack size 0 bytes, startup_stm32f401xe.o(.text))
<BR>[Address Reference Count : 1]<UL><LI> startup_stm32f401xe.o(RESET)
</UL>
<P><STRONG><a name="[39]"></a>OTG_FS_IRQHandler</STRONG> (Thumb, 0 bytes, Stack size 0 bytes, startup_stm32f401xe.o(.text))
<BR>[Address Reference Count : 1]<UL><LI> startup_stm32f401xe.o(RESET)
</UL>
<P><STRONG><a name="[2f]"></a>OTG_FS_WKUP_IRQHandler</STRONG> (Thumb, 0 bytes, Stack size 0 bytes, startup_stm32f401xe.o(.text))
<BR>[Address Reference Count : 1]<UL><LI> startup_stm32f401xe.o(RESET)
</UL>
<P><STRONG><a name="[b]"></a>PVD_IRQHandler</STRONG> (Thumb, 0 bytes, Stack size 0 bytes, startup_stm32f401xe.o(.text))
<BR>[Address Reference Count : 1]<UL><LI> startup_stm32f401xe.o(RESET)
</UL>
<P><STRONG><a name="[f]"></a>RCC_IRQHandler</STRONG> (Thumb, 0 bytes, Stack size 0 bytes, startup_stm32f401xe.o(.text))
<BR>[Address Reference Count : 1]<UL><LI> startup_stm32f401xe.o(RESET)
</UL>
<P><STRONG><a name="[2e]"></a>RTC_Alarm_IRQHandler</STRONG> (Thumb, 0 bytes, Stack size 0 bytes, startup_stm32f401xe.o(.text))
<BR>[Address Reference Count : 1]<UL><LI> startup_stm32f401xe.o(RESET)
</UL>
<P><STRONG><a name="[d]"></a>RTC_WKUP_IRQHandler</STRONG> (Thumb, 0 bytes, Stack size 0 bytes, startup_stm32f401xe.o(.text))
<BR>[Address Reference Count : 1]<UL><LI> startup_stm32f401xe.o(RESET)
</UL>
<P><STRONG><a name="[31]"></a>SDIO_IRQHandler</STRONG> (Thumb, 0 bytes, Stack size 0 bytes, startup_stm32f401xe.o(.text))
<BR>[Address Reference Count : 1]<UL><LI> startup_stm32f401xe.o(RESET)
</UL>
<P><STRONG><a name="[29]"></a>SPI1_IRQHandler</STRONG> (Thumb, 0 bytes, Stack size 0 bytes, startup_stm32f401xe.o(.text))
<BR>[Address Reference Count : 1]<UL><LI> startup_stm32f401xe.o(RESET)
</UL>
<P><STRONG><a name="[2a]"></a>SPI2_IRQHandler</STRONG> (Thumb, 0 bytes, Stack size 0 bytes, startup_stm32f401xe.o(.text))
<BR>[Address Reference Count : 1]<UL><LI> startup_stm32f401xe.o(RESET)
</UL>
<P><STRONG><a name="[33]"></a>SPI3_IRQHandler</STRONG> (Thumb, 0 bytes, Stack size 0 bytes, startup_stm32f401xe.o(.text))
<BR>[Address Reference Count : 1]<UL><LI> startup_stm32f401xe.o(RESET)
</UL>
<P><STRONG><a name="[41]"></a>SPI4_IRQHandler</STRONG> (Thumb, 0 bytes, Stack size 0 bytes, startup_stm32f401xe.o(.text))
<BR>[Address Reference Count : 1]<UL><LI> startup_stm32f401xe.o(RESET)
</UL>
<P><STRONG><a name="[c]"></a>TAMP_STAMP_IRQHandler</STRONG> (Thumb, 0 bytes, Stack size 0 bytes, startup_stm32f401xe.o(.text))
<BR>[Address Reference Count : 1]<UL><LI> startup_stm32f401xe.o(RESET)
</UL>
<P><STRONG><a name="[1e]"></a>TIM1_BRK_TIM9_IRQHandler</STRONG> (Thumb, 0 bytes, Stack size 0 bytes, startup_stm32f401xe.o(.text))
<BR>[Address Reference Count : 1]<UL><LI> startup_stm32f401xe.o(RESET)
</UL>
<P><STRONG><a name="[21]"></a>TIM1_CC_IRQHandler</STRONG> (Thumb, 0 bytes, Stack size 0 bytes, startup_stm32f401xe.o(.text))
<BR>[Address Reference Count : 1]<UL><LI> startup_stm32f401xe.o(RESET)
</UL>
<P><STRONG><a name="[20]"></a>TIM1_TRG_COM_TIM11_IRQHandler</STRONG> (Thumb, 0 bytes, Stack size 0 bytes, startup_stm32f401xe.o(.text))
<BR>[Address Reference Count : 1]<UL><LI> startup_stm32f401xe.o(RESET)
</UL>
<P><STRONG><a name="[1f]"></a>TIM1_UP_TIM10_IRQHandler</STRONG> (Thumb, 0 bytes, Stack size 0 bytes, startup_stm32f401xe.o(.text))
<BR>[Address Reference Count : 1]<UL><LI> startup_stm32f401xe.o(RESET)
</UL>
<P><STRONG><a name="[22]"></a>TIM2_IRQHandler</STRONG> (Thumb, 0 bytes, Stack size 0 bytes, startup_stm32f401xe.o(.text))
<BR>[Address Reference Count : 1]<UL><LI> startup_stm32f401xe.o(RESET)
</UL>
<P><STRONG><a name="[23]"></a>TIM3_IRQHandler</STRONG> (Thumb, 0 bytes, Stack size 0 bytes, startup_stm32f401xe.o(.text))
<BR>[Address Reference Count : 1]<UL><LI> startup_stm32f401xe.o(RESET)
</UL>
<P><STRONG><a name="[24]"></a>TIM4_IRQHandler</STRONG> (Thumb, 0 bytes, Stack size 0 bytes, startup_stm32f401xe.o(.text))
<BR>[Address Reference Count : 1]<UL><LI> startup_stm32f401xe.o(RESET)
</UL>
<P><STRONG><a name="[32]"></a>TIM5_IRQHandler</STRONG> (Thumb, 0 bytes, Stack size 0 bytes, startup_stm32f401xe.o(.text))
<BR>[Address Reference Count : 1]<UL><LI> startup_stm32f401xe.o(RESET)
</UL>
<P><STRONG><a name="[2b]"></a>USART1_IRQHandler</STRONG> (Thumb, 0 bytes, Stack size 0 bytes, startup_stm32f401xe.o(.text))
<BR>[Address Reference Count : 1]<UL><LI> startup_stm32f401xe.o(RESET)
</UL>
<P><STRONG><a name="[2c]"></a>USART2_IRQHandler</STRONG> (Thumb, 0 bytes, Stack size 0 bytes, startup_stm32f401xe.o(.text))
<BR>[Address Reference Count : 1]<UL><LI> startup_stm32f401xe.o(RESET)
</UL>
<P><STRONG><a name="[3d]"></a>USART6_IRQHandler</STRONG> (Thumb, 0 bytes, Stack size 0 bytes, startup_stm32f401xe.o(.text))
<BR>[Address Reference Count : 1]<UL><LI> startup_stm32f401xe.o(RESET)
</UL>
<P><STRONG><a name="[a]"></a>WWDG_IRQHandler</STRONG> (Thumb, 0 bytes, Stack size 0 bytes, startup_stm32f401xe.o(.text))
<BR>[Address Reference Count : 1]<UL><LI> startup_stm32f401xe.o(RESET)
</UL>
<P><STRONG><a name="[4a]"></a>__aeabi_uldivmod</STRONG> (Thumb, 98 bytes, Stack size 40 bytes, uldiv.o(.text))
<BR><BR>[Stack]<UL><LI>Max Depth = 40<LI>Call Chain = __aeabi_uldivmod
</UL>
<BR>[Calls]<UL><LI><a href="#[4b]">&gt;&gt;</a>&nbsp;&nbsp;&nbsp;__aeabi_llsr
<LI><a href="#[4c]">&gt;&gt;</a>&nbsp;&nbsp;&nbsp;__aeabi_llsl
</UL>
<BR>[Called By]<UL><LI><a href="#[65]">&gt;&gt;</a>&nbsp;&nbsp;&nbsp;HAL_RCC_GetSysClockFreq
<LI><a href="#[69]">&gt;&gt;</a>&nbsp;&nbsp;&nbsp;UART_SetConfig
<LI><a href="#[76]">&gt;&gt;</a>&nbsp;&nbsp;&nbsp;_printf_core
<LI><a href="#[77]">&gt;&gt;</a>&nbsp;&nbsp;&nbsp;_fp_digits
</UL>

<P><STRONG><a name="[dd]"></a>___aeabi_memcpy8$move</STRONG> (Thumb, 0 bytes, Stack size 8 bytes, memmovea.o(.text), UNUSED)

<P><STRONG><a name="[ac]"></a>__aeabi_memcpy</STRONG> (Thumb, 64 bytes, Stack size 8 bytes, memmovea.o(.text))
<BR><BR>[Stack]<UL><LI>Max Depth = 8<LI>Call Chain = __aeabi_memcpy
</UL>
<BR>[Called By]<UL><LI><a href="#[ce]">&gt;&gt;</a>&nbsp;&nbsp;&nbsp;mbedtls_sha256_update_ret
<LI><a href="#[ab]">&gt;&gt;</a>&nbsp;&nbsp;&nbsp;mbedtls_mpi_read_binary
<LI><a href="#[c4]">&gt;&gt;</a>&nbsp;&nbsp;&nbsp;mbedtls_rsa_rsaes_pkcs1_v15_encrypt
<LI><a href="#[c2]">&gt;&gt;</a>&nbsp;&nbsp;&nbsp;mbedtls_rsa_rsaes_pkcs1_v15_decrypt
</UL>

<P><STRONG><a name="[96]"></a>__aeabi_memcpy4</STRONG> (Thumb, 0 bytes, Stack size 8 bytes, memmovea.o(.text))
<BR><BR>[Stack]<UL><LI>Max Depth = 8<LI>Call Chain = __aeabi_memcpy4
</UL>
<BR>[Called By]<UL><LI><a href="#[d4]">&gt;&gt;</a>&nbsp;&nbsp;&nbsp;run_sha256_test
<LI><a href="#[d3]">&gt;&gt;</a>&nbsp;&nbsp;&nbsp;run_rsa_test
<LI><a href="#[bb]">&gt;&gt;</a>&nbsp;&nbsp;&nbsp;mbedtls_rsa_deduce_primes
<LI><a href="#[8c]">&gt;&gt;</a>&nbsp;&nbsp;&nbsp;mbedtls_mpi_copy
<LI><a href="#[8d]">&gt;&gt;</a>&nbsp;&nbsp;&nbsp;mbedtls_mpi_grow
<LI><a href="#[a0]">&gt;&gt;</a>&nbsp;&nbsp;&nbsp;mpi_montmul
</UL>

<P><STRONG><a name="[de]"></a>__aeabi_memmove</STRONG> (Thumb, 0 bytes, Stack size 8 bytes, memmovea.o(.text), UNUSED)

<P><STRONG><a name="[df]"></a>__aeabi_memmove4</STRONG> (Thumb, 0 bytes, Stack size 8 bytes, memmovea.o(.text), UNUSED)

<P><STRONG><a name="[e0]"></a>__aeabi_memmove8</STRONG> (Thumb, 0 bytes, Stack size 8 bytes, memmovea.o(.text), UNUSED)

<P><STRONG><a name="[4e]"></a>__aeabi_memset</STRONG> (Thumb, 14 bytes, Stack size 0 bytes, memseta.o(.text))
<BR><BR>[Called By]<UL><LI><a href="#[47]">&gt;&gt;</a>&nbsp;&nbsp;&nbsp;memset
<LI><a href="#[4d]">&gt;&gt;</a>&nbsp;&nbsp;&nbsp;__aeabi_memclr
</UL>

<P><STRONG><a name="[e1]"></a>__aeabi_memset4</STRONG> (Thumb, 0 bytes, Stack size 0 bytes, memseta.o(.text), UNUSED)

<P><STRONG><a name="[e2]"></a>__aeabi_memset8</STRONG> (Thumb, 0 bytes, Stack size 0 bytes, memseta.o(.text), UNUSED)

<P><STRONG><a name="[4d]"></a>__aeabi_memclr</STRONG> (Thumb, 4 bytes, Stack size 0 bytes, memseta.o(.text))
<BR><BR>[Calls]<UL><LI><a href="#[4e]">&gt;&gt;</a>&nbsp;&nbsp;&nbsp;__aeabi_memset
</UL>
<BR>[Called By]<UL><LI><a href="#[ca]">&gt;&gt;</a>&nbsp;&nbsp;&nbsp;mbedtls_sha256_finish_ret
<LI><a href="#[b3]">&gt;&gt;</a>&nbsp;&nbsp;&nbsp;mbedtls_mpi_write_binary
</UL>

<P><STRONG><a name="[6a]"></a>__aeabi_memclr4</STRONG> (Thumb, 0 bytes, Stack size 0 bytes, memseta.o(.text))
<BR><BR>[Called By]<UL><LI><a href="#[68]">&gt;&gt;</a>&nbsp;&nbsp;&nbsp;HAL_UART_MspInit
<LI><a href="#[cd]">&gt;&gt;</a>&nbsp;&nbsp;&nbsp;mbedtls_sha256_init
<LI><a href="#[ca]">&gt;&gt;</a>&nbsp;&nbsp;&nbsp;mbedtls_sha256_finish_ret
<LI><a href="#[c0]">&gt;&gt;</a>&nbsp;&nbsp;&nbsp;mbedtls_rsa_init
<LI><a href="#[86]">&gt;&gt;</a>&nbsp;&nbsp;&nbsp;mbedtls_aes_init
<LI><a href="#[71]">&gt;&gt;</a>&nbsp;&nbsp;&nbsp;SystemClock_Config
<LI><a href="#[9e]">&gt;&gt;</a>&nbsp;&nbsp;&nbsp;mbedtls_mpi_exp_mod
<LI><a href="#[8c]">&gt;&gt;</a>&nbsp;&nbsp;&nbsp;mbedtls_mpi_copy
<LI><a href="#[99]">&gt;&gt;</a>&nbsp;&nbsp;&nbsp;mbedtls_mpi_lset
<LI><a href="#[a0]">&gt;&gt;</a>&nbsp;&nbsp;&nbsp;mpi_montmul
</UL>

<P><STRONG><a name="[e3]"></a>__aeabi_memclr8</STRONG> (Thumb, 0 bytes, Stack size 0 bytes, memseta.o(.text), UNUSED)

<P><STRONG><a name="[47]"></a>memset</STRONG> (Thumb, 18 bytes, Stack size 8 bytes, memseta.o(.text))
<BR><BR>[Stack]<UL><LI>Max Depth = 8<LI>Call Chain = memset
</UL>
<BR>[Calls]<UL><LI><a href="#[4e]">&gt;&gt;</a>&nbsp;&nbsp;&nbsp;__aeabi_memset
</UL>
<BR>[Address Reference Count : 1]<UL><LI> platform_util.o(.data)
</UL>
<P><STRONG><a name="[ae]"></a>strlen</STRONG> (Thumb, 14 bytes, Stack size 0 bytes, strlen.o(.text))
<BR><BR>[Called By]<UL><LI><a href="#[ad]">&gt;&gt;</a>&nbsp;&nbsp;&nbsp;mbedtls_mpi_read_string
</UL>

<P><STRONG><a name="[d2]"></a>memcmp</STRONG> (Thumb, 26 bytes, Stack size 12 bytes, memcmp.o(.text))
<BR><BR>[Stack]<UL><LI>Max Depth = 12<LI>Call Chain = memcmp
</UL>
<BR>[Called By]<UL><LI><a href="#[d4]">&gt;&gt;</a>&nbsp;&nbsp;&nbsp;run_sha256_test
<LI><a href="#[d3]">&gt;&gt;</a>&nbsp;&nbsp;&nbsp;run_rsa_test
<LI><a href="#[d1]">&gt;&gt;</a>&nbsp;&nbsp;&nbsp;run_aes_test
</UL>

<P><STRONG><a name="[4f]"></a>calloc</STRONG> (Thumb, 28 bytes, Stack size 8 bytes, calloc.o(.text))
<BR><BR>[Stack]<UL><LI>Max Depth = 28<LI>Call Chain = calloc &rArr; malloc
</UL>
<BR>[Calls]<UL><LI><a href="#[50]">&gt;&gt;</a>&nbsp;&nbsp;&nbsp;malloc
</UL>
<BR>[Called By]<UL><LI><a href="#[8d]">&gt;&gt;</a>&nbsp;&nbsp;&nbsp;mbedtls_mpi_grow
</UL>

<P><STRONG><a name="[e4]"></a>__aeabi_uidiv</STRONG> (Thumb, 0 bytes, Stack size 12 bytes, uidiv.o(.text), UNUSED)

<P><STRONG><a name="[7b]"></a>__aeabi_uidivmod</STRONG> (Thumb, 44 bytes, Stack size 12 bytes, uidiv.o(.text), UNUSED)
<BR><BR>[Called By]<UL><LI><a href="#[76]">&gt;&gt;</a>&nbsp;&nbsp;&nbsp;_printf_core
</UL>

<P><STRONG><a name="[4c]"></a>__aeabi_llsl</STRONG> (Thumb, 30 bytes, Stack size 0 bytes, llshl.o(.text))
<BR><BR>[Called By]<UL><LI><a href="#[51]">&gt;&gt;</a>&nbsp;&nbsp;&nbsp;__aeabi_dadd
<LI><a href="#[59]">&gt;&gt;</a>&nbsp;&nbsp;&nbsp;__aeabi_d2ulz
<LI><a href="#[4a]">&gt;&gt;</a>&nbsp;&nbsp;&nbsp;__aeabi_uldivmod
<LI><a href="#[53]">&gt;&gt;</a>&nbsp;&nbsp;&nbsp;_double_epilogue
</UL>

<P><STRONG><a name="[e5]"></a>_ll_shift_l</STRONG> (Thumb, 0 bytes, Stack size 0 bytes, llshl.o(.text), UNUSED)

<P><STRONG><a name="[4b]"></a>__aeabi_llsr</STRONG> (Thumb, 32 bytes, Stack size 0 bytes, llushr.o(.text))
<BR><BR>[Called By]<UL><LI><a href="#[59]">&gt;&gt;</a>&nbsp;&nbsp;&nbsp;__aeabi_d2ulz
<LI><a href="#[4a]">&gt;&gt;</a>&nbsp;&nbsp;&nbsp;__aeabi_uldivmod
<LI><a href="#[53]">&gt;&gt;</a>&nbsp;&nbsp;&nbsp;_double_epilogue
</UL>

<P><STRONG><a name="[e6]"></a>_ll_ushift_r</STRONG> (Thumb, 0 bytes, Stack size 0 bytes, llushr.o(.text), UNUSED)

<P><STRONG><a name="[e7]"></a>__I$use$fp</STRONG> (Thumb, 0 bytes, Stack size 48 bytes, iusefp.o(.text), UNUSED)

<P><STRONG><a name="[51]"></a>__aeabi_dadd</STRONG> (Thumb, 322 bytes, Stack size 48 bytes, dadd.o(.text), UNUSED)
<BR><BR>[Calls]<UL><LI><a href="#[52]">&gt;&gt;</a>&nbsp;&nbsp;&nbsp;__aeabi_lasr
<LI><a href="#[54]">&gt;&gt;</a>&nbsp;&nbsp;&nbsp;_double_round
<LI><a href="#[53]">&gt;&gt;</a>&nbsp;&nbsp;&nbsp;_double_epilogue
<LI><a href="#[4c]">&gt;&gt;</a>&nbsp;&nbsp;&nbsp;__aeabi_llsl
</UL>
<BR>[Called By]<UL><LI><a href="#[77]">&gt;&gt;</a>&nbsp;&nbsp;&nbsp;_fp_digits
<LI><a href="#[56]">&gt;&gt;</a>&nbsp;&nbsp;&nbsp;__aeabi_drsub
<LI><a href="#[55]">&gt;&gt;</a>&nbsp;&nbsp;&nbsp;__aeabi_dsub
</UL>

<P><STRONG><a name="[55]"></a>__aeabi_dsub</STRONG> (Thumb, 6 bytes, Stack size 0 bytes, dadd.o(.text), UNUSED)
<BR><BR>[Calls]<UL><LI><a href="#[51]">&gt;&gt;</a>&nbsp;&nbsp;&nbsp;__aeabi_dadd
</UL>

<P><STRONG><a name="[56]"></a>__aeabi_drsub</STRONG> (Thumb, 6 bytes, Stack size 0 bytes, dadd.o(.text), UNUSED)
<BR><BR>[Calls]<UL><LI><a href="#[51]">&gt;&gt;</a>&nbsp;&nbsp;&nbsp;__aeabi_dadd
</UL>

<P><STRONG><a name="[57]"></a>__aeabi_dmul</STRONG> (Thumb, 228 bytes, Stack size 48 bytes, dmul.o(.text), UNUSED)
<BR><BR>[Calls]<UL><LI><a href="#[53]">&gt;&gt;</a>&nbsp;&nbsp;&nbsp;_double_epilogue
</UL>
<BR>[Called By]<UL><LI><a href="#[77]">&gt;&gt;</a>&nbsp;&nbsp;&nbsp;_fp_digits
</UL>

<P><STRONG><a name="[58]"></a>__aeabi_ddiv</STRONG> (Thumb, 222 bytes, Stack size 32 bytes, ddiv.o(.text), UNUSED)
<BR><BR>[Calls]<UL><LI><a href="#[54]">&gt;&gt;</a>&nbsp;&nbsp;&nbsp;_double_round
</UL>
<BR>[Called By]<UL><LI><a href="#[77]">&gt;&gt;</a>&nbsp;&nbsp;&nbsp;_fp_digits
</UL>

<P><STRONG><a name="[59]"></a>__aeabi_d2ulz</STRONG> (Thumb, 48 bytes, Stack size 0 bytes, dfixul.o(.text), UNUSED)
<BR><BR>[Calls]<UL><LI><a href="#[4b]">&gt;&gt;</a>&nbsp;&nbsp;&nbsp;__aeabi_llsr
<LI><a href="#[4c]">&gt;&gt;</a>&nbsp;&nbsp;&nbsp;__aeabi_llsl
</UL>
<BR>[Called By]<UL><LI><a href="#[77]">&gt;&gt;</a>&nbsp;&nbsp;&nbsp;_fp_digits
</UL>

<P><STRONG><a name="[78]"></a>__aeabi_cdrcmple</STRONG> (Thumb, 48 bytes, Stack size 0 bytes, cdrcmple.o(.text), UNUSED)
<BR><BR>[Called By]<UL><LI><a href="#[77]">&gt;&gt;</a>&nbsp;&nbsp;&nbsp;_fp_digits
</UL>

<P><STRONG><a name="[49]"></a>__scatterload</STRONG> (Thumb, 28 bytes, Stack size 0 bytes, init.o(.text))
<BR><BR>[Calls]<UL><LI><a href="#[5a]">&gt;&gt;</a>&nbsp;&nbsp;&nbsp;__main_after_scatterload
</UL>
<BR>[Called By]<UL><LI><a href="#[48]">&gt;&gt;</a>&nbsp;&nbsp;&nbsp;_main_scatterload
</UL>

<P><STRONG><a name="[e8]"></a>__scatterload_rt2</STRONG> (Thumb, 0 bytes, Stack size 0 bytes, init.o(.text), UNUSED)

<P><STRONG><a name="[52]"></a>__aeabi_lasr</STRONG> (Thumb, 36 bytes, Stack size 0 bytes, llsshr.o(.text), UNUSED)
<BR><BR>[Called By]<UL><LI><a href="#[51]">&gt;&gt;</a>&nbsp;&nbsp;&nbsp;__aeabi_dadd
</UL>

<P><STRONG><a name="[e9]"></a>_ll_sshift_r</STRONG> (Thumb, 0 bytes, Stack size 0 bytes, llsshr.o(.text), UNUSED)

<P><STRONG><a name="[54]"></a>_double_round</STRONG> (Thumb, 30 bytes, Stack size 8 bytes, depilogue.o(.text), UNUSED)
<BR><BR>[Called By]<UL><LI><a href="#[58]">&gt;&gt;</a>&nbsp;&nbsp;&nbsp;__aeabi_ddiv
<LI><a href="#[51]">&gt;&gt;</a>&nbsp;&nbsp;&nbsp;__aeabi_dadd
<LI><a href="#[53]">&gt;&gt;</a>&nbsp;&nbsp;&nbsp;_double_epilogue
</UL>

<P><STRONG><a name="[53]"></a>_double_epilogue</STRONG> (Thumb, 156 bytes, Stack size 32 bytes, depilogue.o(.text), UNUSED)
<BR><BR>[Calls]<UL><LI><a href="#[54]">&gt;&gt;</a>&nbsp;&nbsp;&nbsp;_double_round
<LI><a href="#[4b]">&gt;&gt;</a>&nbsp;&nbsp;&nbsp;__aeabi_llsr
<LI><a href="#[4c]">&gt;&gt;</a>&nbsp;&nbsp;&nbsp;__aeabi_llsl
</UL>
<BR>[Called By]<UL><LI><a href="#[57]">&gt;&gt;</a>&nbsp;&nbsp;&nbsp;__aeabi_dmul
<LI><a href="#[51]">&gt;&gt;</a>&nbsp;&nbsp;&nbsp;__aeabi_dadd
</UL>

<P><STRONG><a name="[4]"></a>BusFault_Handler</STRONG> (Thumb, 2 bytes, Stack size 0 bytes, stm32f4xx_it.o(i.BusFault_Handler))
<BR><BR>[Calls]<UL><LI><a href="#[4]">&gt;&gt;</a>&nbsp;&nbsp;&nbsp;BusFault_Handler
</UL>
<BR>[Called By]<UL><LI><a href="#[4]">&gt;&gt;</a>&nbsp;&nbsp;&nbsp;BusFault_Handler
</UL>
<BR>[Address Reference Count : 1]<UL><LI> startup_stm32f401xe.o(RESET)
</UL>
<P><STRONG><a name="[7]"></a>DebugMon_Handler</STRONG> (Thumb, 2 bytes, Stack size 0 bytes, stm32f4xx_it.o(i.DebugMon_Handler))
<BR>[Address Reference Count : 1]<UL><LI> startup_stm32f401xe.o(RESET)
</UL>
<P><STRONG><a name="[6f]"></a>Error_Handler</STRONG> (Thumb, 4 bytes, Stack size 0 bytes, main.o(i.Error_Handler))
<BR><BR>[Called By]<UL><LI><a href="#[6e]">&gt;&gt;</a>&nbsp;&nbsp;&nbsp;MX_USART2_UART_Init
</UL>

<P><STRONG><a name="[5b]"></a>HAL_Delay</STRONG> (Thumb, 32 bytes, Stack size 16 bytes, stm32f4xx_hal.o(i.HAL_Delay))
<BR><BR>[Stack]<UL><LI>Max Depth = 16<LI>Call Chain = HAL_Delay
</UL>
<BR>[Calls]<UL><LI><a href="#[5c]">&gt;&gt;</a>&nbsp;&nbsp;&nbsp;HAL_GetTick
</UL>
<BR>[Called By]<UL><LI><a href="#[42]">&gt;&gt;</a>&nbsp;&nbsp;&nbsp;main
</UL>

<P><STRONG><a name="[6b]"></a>HAL_GPIO_Init</STRONG> (Thumb, 446 bytes, Stack size 40 bytes, stm32f4xx_hal_gpio.o(i.HAL_GPIO_Init))
<BR><BR>[Stack]<UL><LI>Max Depth = 40<LI>Call Chain = HAL_GPIO_Init
</UL>
<BR>[Called By]<UL><LI><a href="#[68]">&gt;&gt;</a>&nbsp;&nbsp;&nbsp;HAL_UART_MspInit
</UL>

<P><STRONG><a name="[5c]"></a>HAL_GetTick</STRONG> (Thumb, 6 bytes, Stack size 0 bytes, stm32f4xx_hal.o(i.HAL_GetTick))
<BR><BR>[Called By]<UL><LI><a href="#[66]">&gt;&gt;</a>&nbsp;&nbsp;&nbsp;HAL_RCC_OscConfig
<LI><a href="#[64]">&gt;&gt;</a>&nbsp;&nbsp;&nbsp;HAL_RCC_ClockConfig
<LI><a href="#[5b]">&gt;&gt;</a>&nbsp;&nbsp;&nbsp;HAL_Delay
<LI><a href="#[6c]">&gt;&gt;</a>&nbsp;&nbsp;&nbsp;HAL_UART_Transmit
<LI><a href="#[6d]">&gt;&gt;</a>&nbsp;&nbsp;&nbsp;UART_WaitOnFlagUntilTimeout
</UL>

<P><STRONG><a name="[70]"></a>HAL_IncTick</STRONG> (Thumb, 12 bytes, Stack size 0 bytes, stm32f4xx_hal.o(i.HAL_IncTick))
<BR><BR>[Called By]<UL><LI><a href="#[9]">&gt;&gt;</a>&nbsp;&nbsp;&nbsp;SysTick_Handler
</UL>

<P><STRONG><a name="[5d]"></a>HAL_Init</STRONG> (Thumb, 48 bytes, Stack size 8 bytes, stm32f4xx_hal.o(i.HAL_Init))
<BR><BR>[Stack]<UL><LI>Max Depth = 40<LI>Call Chain = HAL_Init &rArr; HAL_InitTick &rArr; HAL_NVIC_SetPriority
</UL>
<BR>[Calls]<UL><LI><a href="#[5f]">&gt;&gt;</a>&nbsp;&nbsp;&nbsp;HAL_InitTick
<LI><a href="#[60]">&gt;&gt;</a>&nbsp;&nbsp;&nbsp;HAL_MspInit
<LI><a href="#[5e]">&gt;&gt;</a>&nbsp;&nbsp;&nbsp;HAL_NVIC_SetPriorityGrouping
</UL>
<BR>[Called By]<UL><LI><a href="#[42]">&gt;&gt;</a>&nbsp;&nbsp;&nbsp;main
</UL>

<P><STRONG><a name="[5f]"></a>HAL_InitTick</STRONG> (Thumb, 54 bytes, Stack size 16 bytes, stm32f4xx_hal.o(i.HAL_InitTick))
<BR><BR>[Stack]<UL><LI>Max Depth = 32<LI>Call Chain = HAL_InitTick &rArr; HAL_NVIC_SetPriority
</UL>
<BR>[Calls]<UL><LI><a href="#[61]">&gt;&gt;</a>&nbsp;&nbsp;&nbsp;HAL_SYSTICK_Config
<LI><a href="#[62]">&gt;&gt;</a>&nbsp;&nbsp;&nbsp;HAL_NVIC_SetPriority
</UL>
<BR>[Called By]<UL><LI><a href="#[64]">&gt;&gt;</a>&nbsp;&nbsp;&nbsp;HAL_RCC_ClockConfig
<LI><a href="#[5d]">&gt;&gt;</a>&nbsp;&nbsp;&nbsp;HAL_Init
</UL>

<P><STRONG><a name="[60]"></a>HAL_MspInit</STRONG> (Thumb, 42 bytes, Stack size 8 bytes, stm32f4xx_hal_msp.o(i.HAL_MspInit))
<BR><BR>[Stack]<UL><LI>Max Depth = 8<LI>Call Chain = HAL_MspInit
</UL>
<BR>[Called By]<UL><LI><a href="#[5d]">&gt;&gt;</a>&nbsp;&nbsp;&nbsp;HAL_Init
</UL>

<P><STRONG><a name="[62]"></a>HAL_NVIC_SetPriority</STRONG> (Thumb, 60 bytes, Stack size 16 bytes, stm32f4xx_hal_cortex.o(i.HAL_NVIC_SetPriority))
<BR><BR>[Stack]<UL><LI>Max Depth = 16<LI>Call Chain = HAL_NVIC_SetPriority
</UL>
<BR>[Calls]<UL><LI><a href="#[63]">&gt;&gt;</a>&nbsp;&nbsp;&nbsp;__NVIC_SetPriority
</UL>
<BR>[Called By]<UL><LI><a href="#[5f]">&gt;&gt;</a>&nbsp;&nbsp;&nbsp;HAL_InitTick
</UL>

<P><STRONG><a name="[5e]"></a>HAL_NVIC_SetPriorityGrouping</STRONG> (Thumb, 26 bytes, Stack size 0 bytes, stm32f4xx_hal_cortex.o(i.HAL_NVIC_SetPriorityGrouping))
<BR><BR>[Called By]<UL><LI><a href="#[5d]">&gt;&gt;</a>&nbsp;&nbsp;&nbsp;HAL_Init
</UL>

<P><STRONG><a name="[64]"></a>HAL_RCC_ClockConfig</STRONG> (Thumb, 288 bytes, Stack size 32 bytes, stm32f4xx_hal_rcc.o(i.HAL_RCC_ClockConfig))
<BR><BR>[Stack]<UL><LI>Max Depth = 80<LI>Call Chain = HAL_RCC_ClockConfig &rArr; HAL_RCC_GetSysClockFreq &rArr; __aeabi_uldivmod
</UL>
<BR>[Calls]<UL><LI><a href="#[65]">&gt;&gt;</a>&nbsp;&nbsp;&nbsp;HAL_RCC_GetSysClockFreq
<LI><a href="#[5f]">&gt;&gt;</a>&nbsp;&nbsp;&nbsp;HAL_InitTick
<LI><a href="#[5c]">&gt;&gt;</a>&nbsp;&nbsp;&nbsp;HAL_GetTick
</UL>
<BR>[Called By]<UL><LI><a href="#[71]">&gt;&gt;</a>&nbsp;&nbsp;&nbsp;SystemClock_Config
</UL>

<P><STRONG><a name="[74]"></a>HAL_RCC_GetPCLK1Freq</STRONG> (Thumb, 20 bytes, Stack size 0 bytes, stm32f4xx_hal_rcc.o(i.HAL_RCC_GetPCLK1Freq))
<BR><BR>[Called By]<UL><LI><a href="#[69]">&gt;&gt;</a>&nbsp;&nbsp;&nbsp;UART_SetConfig
</UL>

<P><STRONG><a name="[73]"></a>HAL_RCC_GetPCLK2Freq</STRONG> (Thumb, 20 bytes, Stack size 0 bytes, stm32f4xx_hal_rcc.o(i.HAL_RCC_GetPCLK2Freq))
<BR><BR>[Called By]<UL><LI><a href="#[69]">&gt;&gt;</a>&nbsp;&nbsp;&nbsp;UART_SetConfig
</UL>

<P><STRONG><a name="[65]"></a>HAL_RCC_GetSysClockFreq</STRONG> (Thumb, 88 bytes, Stack size 8 bytes, stm32f4xx_hal_rcc.o(i.HAL_RCC_GetSysClockFreq))
<BR><BR>[Stack]<UL><LI>Max Depth = 48<LI>Call Chain = HAL_RCC_GetSysClockFreq &rArr; __aeabi_uldivmod
</UL>
<BR>[Calls]<UL><LI><a href="#[4a]">&gt;&gt;</a>&nbsp;&nbsp;&nbsp;__aeabi_uldivmod
</UL>
<BR>[Called By]<UL><LI><a href="#[64]">&gt;&gt;</a>&nbsp;&nbsp;&nbsp;HAL_RCC_ClockConfig
</UL>

<P><STRONG><a name="[66]"></a>HAL_RCC_OscConfig</STRONG> (Thumb, 856 bytes, Stack size 40 bytes, stm32f4xx_hal_rcc.o(i.HAL_RCC_OscConfig))
<BR><BR>[Stack]<UL><LI>Max Depth = 40<LI>Call Chain = HAL_RCC_OscConfig
</UL>
<BR>[Calls]<UL><LI><a href="#[5c]">&gt;&gt;</a>&nbsp;&nbsp;&nbsp;HAL_GetTick
</UL>
<BR>[Called By]<UL><LI><a href="#[71]">&gt;&gt;</a>&nbsp;&nbsp;&nbsp;SystemClock_Config
</UL>

<P><STRONG><a name="[61]"></a>HAL_SYSTICK_Config</STRONG> (Thumb, 40 bytes, Stack size 8 bytes, stm32f4xx_hal_cortex.o(i.HAL_SYSTICK_Config))
<BR><BR>[Stack]<UL><LI>Max Depth = 8<LI>Call Chain = HAL_SYSTICK_Config
</UL>
<BR>[Calls]<UL><LI><a href="#[63]">&gt;&gt;</a>&nbsp;&nbsp;&nbsp;__NVIC_SetPriority
</UL>
<BR>[Called By]<UL><LI><a href="#[5f]">&gt;&gt;</a>&nbsp;&nbsp;&nbsp;HAL_InitTick
</UL>

<P><STRONG><a name="[67]"></a>HAL_UART_Init</STRONG> (Thumb, 100 bytes, Stack size 16 bytes, stm32f4xx_hal_uart.o(i.HAL_UART_Init))
<BR><BR>[Stack]<UL><LI>Max Depth = 88<LI>Call Chain = HAL_UART_Init &rArr; HAL_UART_MspInit &rArr; HAL_GPIO_Init
</UL>
<BR>[Calls]<UL><LI><a href="#[68]">&gt;&gt;</a>&nbsp;&nbsp;&nbsp;HAL_UART_MspInit
<LI><a href="#[69]">&gt;&gt;</a>&nbsp;&nbsp;&nbsp;UART_SetConfig
</UL>
<BR>[Called By]<UL><LI><a href="#[6e]">&gt;&gt;</a>&nbsp;&nbsp;&nbsp;MX_USART2_UART_Init
</UL>

<P><STRONG><a name="[68]"></a>HAL_UART_MspInit</STRONG> (Thumb, 92 bytes, Stack size 32 bytes, usart.o(i.HAL_UART_MspInit))
<BR><BR>[Stack]<UL><LI>Max Depth = 72<LI>Call Chain = HAL_UART_MspInit &rArr; HAL_GPIO_Init
</UL>
<BR>[Calls]<UL><LI><a href="#[6b]">&gt;&gt;</a>&nbsp;&nbsp;&nbsp;HAL_GPIO_Init
<LI><a href="#[6a]">&gt;&gt;</a>&nbsp;&nbsp;&nbsp;__aeabi_memclr4
</UL>
<BR>[Called By]<UL><LI><a href="#[67]">&gt;&gt;</a>&nbsp;&nbsp;&nbsp;HAL_UART_Init
</UL>

<P><STRONG><a name="[6c]"></a>HAL_UART_Transmit</STRONG> (Thumb, 160 bytes, Stack size 32 bytes, stm32f4xx_hal_uart.o(i.HAL_UART_Transmit))
<BR><BR>[Stack]<UL><LI>Max Depth = 64<LI>Call Chain = HAL_UART_Transmit &rArr; UART_WaitOnFlagUntilTimeout
</UL>
<BR>[Calls]<UL><LI><a href="#[5c]">&gt;&gt;</a>&nbsp;&nbsp;&nbsp;HAL_GetTick
<LI><a href="#[6d]">&gt;&gt;</a>&nbsp;&nbsp;&nbsp;UART_WaitOnFlagUntilTimeout
</UL>
<BR>[Called By]<UL><LI><a href="#[45]">&gt;&gt;</a>&nbsp;&nbsp;&nbsp;fputc
</UL>

<P><STRONG><a name="[2]"></a>HardFault_Handler</STRONG> (Thumb, 2 bytes, Stack size 0 bytes, stm32f4xx_it.o(i.HardFault_Handler))
<BR><BR>[Calls]<UL><LI><a href="#[2]">&gt;&gt;</a>&nbsp;&nbsp;&nbsp;HardFault_Handler
</UL>
<BR>[Called By]<UL><LI><a href="#[2]">&gt;&gt;</a>&nbsp;&nbsp;&nbsp;HardFault_Handler
</UL>
<BR>[Address Reference Count : 1]<UL><LI> startup_stm32f401xe.o(RESET)
</UL>
<P><STRONG><a name="[7e]"></a>MX_GPIO_Init</STRONG> (Thumb, 38 bytes, Stack size 8 bytes, gpio.o(i.MX_GPIO_Init))
<BR><BR>[Stack]<UL><LI>Max Depth = 8<LI>Call Chain = MX_GPIO_Init
</UL>
<BR>[Called By]<UL><LI><a href="#[42]">&gt;&gt;</a>&nbsp;&nbsp;&nbsp;main
</UL>

<P><STRONG><a name="[7f]"></a>MX_MBEDTLS_Init</STRONG> (Thumb, 2 bytes, Stack size 0 bytes, mbedtls.o(i.MX_MBEDTLS_Init))
<BR><BR>[Called By]<UL><LI><a href="#[42]">&gt;&gt;</a>&nbsp;&nbsp;&nbsp;main
</UL>

<P><STRONG><a name="[6e]"></a>MX_USART2_UART_Init</STRONG> (Thumb, 48 bytes, Stack size 8 bytes, usart.o(i.MX_USART2_UART_Init))
<BR><BR>[Stack]<UL><LI>Max Depth = 96<LI>Call Chain = MX_USART2_UART_Init &rArr; HAL_UART_Init &rArr; HAL_UART_MspInit &rArr; HAL_GPIO_Init
</UL>
<BR>[Calls]<UL><LI><a href="#[67]">&gt;&gt;</a>&nbsp;&nbsp;&nbsp;HAL_UART_Init
<LI><a href="#[6f]">&gt;&gt;</a>&nbsp;&nbsp;&nbsp;Error_Handler
</UL>
<BR>[Called By]<UL><LI><a href="#[42]">&gt;&gt;</a>&nbsp;&nbsp;&nbsp;main
</UL>

<P><STRONG><a name="[3]"></a>MemManage_Handler</STRONG> (Thumb, 2 bytes, Stack size 0 bytes, stm32f4xx_it.o(i.MemManage_Handler))
<BR><BR>[Calls]<UL><LI><a href="#[3]">&gt;&gt;</a>&nbsp;&nbsp;&nbsp;MemManage_Handler
</UL>
<BR>[Called By]<UL><LI><a href="#[3]">&gt;&gt;</a>&nbsp;&nbsp;&nbsp;MemManage_Handler
</UL>
<BR>[Address Reference Count : 1]<UL><LI> startup_stm32f401xe.o(RESET)
</UL>
<P><STRONG><a name="[1]"></a>NMI_Handler</STRONG> (Thumb, 2 bytes, Stack size 0 bytes, stm32f4xx_it.o(i.NMI_Handler))
<BR><BR>[Calls]<UL><LI><a href="#[1]">&gt;&gt;</a>&nbsp;&nbsp;&nbsp;NMI_Handler
</UL>
<BR>[Called By]<UL><LI><a href="#[1]">&gt;&gt;</a>&nbsp;&nbsp;&nbsp;NMI_Handler
</UL>
<BR>[Address Reference Count : 1]<UL><LI> startup_stm32f401xe.o(RESET)
</UL>
<P><STRONG><a name="[8]"></a>PendSV_Handler</STRONG> (Thumb, 2 bytes, Stack size 0 bytes, stm32f4xx_it.o(i.PendSV_Handler))
<BR>[Address Reference Count : 1]<UL><LI> startup_stm32f401xe.o(RESET)
</UL>
<P><STRONG><a name="[6]"></a>SVC_Handler</STRONG> (Thumb, 2 bytes, Stack size 0 bytes, stm32f4xx_it.o(i.SVC_Handler))
<BR>[Address Reference Count : 1]<UL><LI> startup_stm32f401xe.o(RESET)
</UL>
<P><STRONG><a name="[9]"></a>SysTick_Handler</STRONG> (Thumb, 4 bytes, Stack size 0 bytes, stm32f4xx_it.o(i.SysTick_Handler))
<BR><BR>[Calls]<UL><LI><a href="#[70]">&gt;&gt;</a>&nbsp;&nbsp;&nbsp;HAL_IncTick
</UL>
<BR>[Address Reference Count : 1]<UL><LI> startup_stm32f401xe.o(RESET)
</UL>
<P><STRONG><a name="[71]"></a>SystemClock_Config</STRONG> (Thumb, 138 bytes, Stack size 88 bytes, main.o(i.SystemClock_Config))
<BR><BR>[Stack]<UL><LI>Max Depth = 168<LI>Call Chain = SystemClock_Config &rArr; HAL_RCC_ClockConfig &rArr; HAL_RCC_GetSysClockFreq &rArr; __aeabi_uldivmod
</UL>
<BR>[Calls]<UL><LI><a href="#[66]">&gt;&gt;</a>&nbsp;&nbsp;&nbsp;HAL_RCC_OscConfig
<LI><a href="#[64]">&gt;&gt;</a>&nbsp;&nbsp;&nbsp;HAL_RCC_ClockConfig
<LI><a href="#[6a]">&gt;&gt;</a>&nbsp;&nbsp;&nbsp;__aeabi_memclr4
</UL>
<BR>[Called By]<UL><LI><a href="#[42]">&gt;&gt;</a>&nbsp;&nbsp;&nbsp;main
</UL>

<P><STRONG><a name="[43]"></a>SystemInit</STRONG> (Thumb, 12 bytes, Stack size 0 bytes, system_stm32f4xx.o(i.SystemInit))
<BR>[Address Reference Count : 1]<UL><LI> startup_stm32f401xe.o(.text)
</UL>
<P><STRONG><a name="[5]"></a>UsageFault_Handler</STRONG> (Thumb, 2 bytes, Stack size 0 bytes, stm32f4xx_it.o(i.UsageFault_Handler))
<BR><BR>[Calls]<UL><LI><a href="#[5]">&gt;&gt;</a>&nbsp;&nbsp;&nbsp;UsageFault_Handler
</UL>
<BR>[Called By]<UL><LI><a href="#[5]">&gt;&gt;</a>&nbsp;&nbsp;&nbsp;UsageFault_Handler
</UL>
<BR>[Address Reference Count : 1]<UL><LI> startup_stm32f401xe.o(RESET)
</UL>
<P><STRONG><a name="[75]"></a>__0printf</STRONG> (Thumb, 22 bytes, Stack size 24 bytes, printfa.o(i.__0printf), UNUSED)
<BR><BR>[Calls]<UL><LI><a href="#[76]">&gt;&gt;</a>&nbsp;&nbsp;&nbsp;_printf_core
</UL>

<P><STRONG><a name="[ea]"></a>__1printf</STRONG> (Thumb, 0 bytes, Stack size 24 bytes, printfa.o(i.__0printf), UNUSED)

<P><STRONG><a name="[7d]"></a>__2printf</STRONG> (Thumb, 0 bytes, Stack size 24 bytes, printfa.o(i.__0printf))
<BR><BR>[Stack]<UL><LI>Max Depth = 24<LI>Call Chain = __2printf
</UL>
<BR>[Called By]<UL><LI><a href="#[d3]">&gt;&gt;</a>&nbsp;&nbsp;&nbsp;run_rsa_test
<LI><a href="#[80]">&gt;&gt;</a>&nbsp;&nbsp;&nbsp;run_mbedtls_tests
<LI><a href="#[d0]">&gt;&gt;</a>&nbsp;&nbsp;&nbsp;print_hex
<LI><a href="#[7c]">&gt;&gt;</a>&nbsp;&nbsp;&nbsp;log_status
</UL>

<P><STRONG><a name="[eb]"></a>__c89printf</STRONG> (Thumb, 0 bytes, Stack size 24 bytes, printfa.o(i.__0printf), UNUSED)

<P><STRONG><a name="[ec]"></a>printf</STRONG> (Thumb, 0 bytes, Stack size 24 bytes, printfa.o(i.__0printf), UNUSED)

<P><STRONG><a name="[ed]"></a>__scatterload_copy</STRONG> (Thumb, 14 bytes, Stack size unknown bytes, handlers.o(i.__scatterload_copy), UNUSED)

<P><STRONG><a name="[ee]"></a>__scatterload_null</STRONG> (Thumb, 2 bytes, Stack size unknown bytes, handlers.o(i.__scatterload_null), UNUSED)

<P><STRONG><a name="[ef]"></a>__scatterload_zeroinit</STRONG> (Thumb, 14 bytes, Stack size unknown bytes, handlers.o(i.__scatterload_zeroinit), UNUSED)

<P><STRONG><a name="[45]"></a>fputc</STRONG> (Thumb, 26 bytes, Stack size 16 bytes, debug_driver.o(i.fputc))
<BR><BR>[Stack]<UL><LI>Max Depth = 80<LI>Call Chain = fputc &rArr; HAL_UART_Transmit &rArr; UART_WaitOnFlagUntilTimeout
</UL>
<BR>[Calls]<UL><LI><a href="#[6c]">&gt;&gt;</a>&nbsp;&nbsp;&nbsp;HAL_UART_Transmit
</UL>
<BR>[Address Reference Count : 1]<UL><LI> printfa.o(i.__0printf)
</UL>
<P><STRONG><a name="[a5]"></a>free</STRONG> (Thumb, 76 bytes, Stack size 8 bytes, malloc.o(i.free))
<BR><BR>[Stack]<UL><LI>Max Depth = 8<LI>Call Chain = free
</UL>
<BR>[Called By]<UL><LI><a href="#[95]">&gt;&gt;</a>&nbsp;&nbsp;&nbsp;mbedtls_mpi_free
<LI><a href="#[8d]">&gt;&gt;</a>&nbsp;&nbsp;&nbsp;mbedtls_mpi_grow
</UL>

<P><STRONG><a name="[42]"></a>main</STRONG> (Thumb, 36 bytes, Stack size 0 bytes, main.o(i.main))
<BR><BR>[Stack]<UL><LI>Max Depth = 2948<LI>Call Chain = main &rArr; run_mbedtls_tests &rArr; run_rsa_test &rArr; mbedtls_rsa_pkcs1_decrypt &rArr; mbedtls_rsa_rsaes_pkcs1_v15_decrypt &rArr; mbedtls_rsa_private &rArr; rsa_prepare_blinding &rArr; mbedtls_mpi_exp_mod &rArr; mbedtls_mpi_mod_mpi &rArr; mbedtls_mpi_div_mpi &rArr; mbedtls_mpi_mul_int &rArr; mbedtls_mpi_mul_mpi &rArr; mbedtls_mpi_copy &rArr; mbedtls_mpi_grow &rArr; calloc &rArr; malloc
</UL>
<BR>[Calls]<UL><LI><a href="#[6e]">&gt;&gt;</a>&nbsp;&nbsp;&nbsp;MX_USART2_UART_Init
<LI><a href="#[7f]">&gt;&gt;</a>&nbsp;&nbsp;&nbsp;MX_MBEDTLS_Init
<LI><a href="#[7e]">&gt;&gt;</a>&nbsp;&nbsp;&nbsp;MX_GPIO_Init
<LI><a href="#[5d]">&gt;&gt;</a>&nbsp;&nbsp;&nbsp;HAL_Init
<LI><a href="#[5b]">&gt;&gt;</a>&nbsp;&nbsp;&nbsp;HAL_Delay
<LI><a href="#[71]">&gt;&gt;</a>&nbsp;&nbsp;&nbsp;SystemClock_Config
<LI><a href="#[80]">&gt;&gt;</a>&nbsp;&nbsp;&nbsp;run_mbedtls_tests
</UL>
<BR>[Address Reference Count : 1]<UL><LI> entry9a.o(.ARM.Collect$$$$0000000B)
</UL>
<P><STRONG><a name="[50]"></a>malloc</STRONG> (Thumb, 92 bytes, Stack size 20 bytes, malloc.o(i.malloc))
<BR><BR>[Stack]<UL><LI>Max Depth = 20<LI>Call Chain = malloc
</UL>
<BR>[Called By]<UL><LI><a href="#[4f]">&gt;&gt;</a>&nbsp;&nbsp;&nbsp;calloc
</UL>

<P><STRONG><a name="[81]"></a>mbedtls_aes_crypt_ecb</STRONG> (Thumb, 24 bytes, Stack size 4 bytes, aes.o(i.mbedtls_aes_crypt_ecb))
<BR><BR>[Stack]<UL><LI>Max Depth = 44<LI>Call Chain = mbedtls_aes_crypt_ecb &rArr; mbedtls_internal_aes_encrypt
</UL>
<BR>[Calls]<UL><LI><a href="#[83]">&gt;&gt;</a>&nbsp;&nbsp;&nbsp;mbedtls_internal_aes_encrypt
<LI><a href="#[82]">&gt;&gt;</a>&nbsp;&nbsp;&nbsp;mbedtls_internal_aes_decrypt
</UL>
<BR>[Called By]<UL><LI><a href="#[d1]">&gt;&gt;</a>&nbsp;&nbsp;&nbsp;run_aes_test
</UL>

<P><STRONG><a name="[84]"></a>mbedtls_aes_free</STRONG> (Thumb, 14 bytes, Stack size 0 bytes, aes.o(i.mbedtls_aes_free))
<BR><BR>[Calls]<UL><LI><a href="#[85]">&gt;&gt;</a>&nbsp;&nbsp;&nbsp;mbedtls_platform_zeroize
</UL>
<BR>[Called By]<UL><LI><a href="#[87]">&gt;&gt;</a>&nbsp;&nbsp;&nbsp;mbedtls_aes_setkey_dec
<LI><a href="#[d1]">&gt;&gt;</a>&nbsp;&nbsp;&nbsp;run_aes_test
</UL>

<P><STRONG><a name="[86]"></a>mbedtls_aes_init</STRONG> (Thumb, 8 bytes, Stack size 0 bytes, aes.o(i.mbedtls_aes_init))
<BR><BR>[Calls]<UL><LI><a href="#[6a]">&gt;&gt;</a>&nbsp;&nbsp;&nbsp;__aeabi_memclr4
</UL>
<BR>[Called By]<UL><LI><a href="#[87]">&gt;&gt;</a>&nbsp;&nbsp;&nbsp;mbedtls_aes_setkey_dec
<LI><a href="#[d1]">&gt;&gt;</a>&nbsp;&nbsp;&nbsp;run_aes_test
</UL>

<P><STRONG><a name="[87]"></a>mbedtls_aes_setkey_dec</STRONG> (Thumb, 198 bytes, Stack size 320 bytes, aes.o(i.mbedtls_aes_setkey_dec))
<BR><BR>[Stack]<UL><LI>Max Depth = 340<LI>Call Chain = mbedtls_aes_setkey_dec &rArr; mbedtls_aes_setkey_enc
</UL>
<BR>[Calls]<UL><LI><a href="#[88]">&gt;&gt;</a>&nbsp;&nbsp;&nbsp;mbedtls_aes_setkey_enc
<LI><a href="#[86]">&gt;&gt;</a>&nbsp;&nbsp;&nbsp;mbedtls_aes_init
<LI><a href="#[84]">&gt;&gt;</a>&nbsp;&nbsp;&nbsp;mbedtls_aes_free
</UL>
<BR>[Called By]<UL><LI><a href="#[d1]">&gt;&gt;</a>&nbsp;&nbsp;&nbsp;run_aes_test
</UL>

<P><STRONG><a name="[88]"></a>mbedtls_aes_setkey_enc</STRONG> (Thumb, 416 bytes, Stack size 20 bytes, aes.o(i.mbedtls_aes_setkey_enc))
<BR><BR>[Stack]<UL><LI>Max Depth = 20<LI>Call Chain = mbedtls_aes_setkey_enc
</UL>
<BR>[Called By]<UL><LI><a href="#[87]">&gt;&gt;</a>&nbsp;&nbsp;&nbsp;mbedtls_aes_setkey_dec
<LI><a href="#[d1]">&gt;&gt;</a>&nbsp;&nbsp;&nbsp;run_aes_test
</UL>

<P><STRONG><a name="[82]"></a>mbedtls_internal_aes_decrypt</STRONG> (Thumb, 980 bytes, Stack size 40 bytes, aes.o(i.mbedtls_internal_aes_decrypt))
<BR><BR>[Stack]<UL><LI>Max Depth = 40<LI>Call Chain = mbedtls_internal_aes_decrypt
</UL>
<BR>[Called By]<UL><LI><a href="#[81]">&gt;&gt;</a>&nbsp;&nbsp;&nbsp;mbedtls_aes_crypt_ecb
</UL>

<P><STRONG><a name="[83]"></a>mbedtls_internal_aes_encrypt</STRONG> (Thumb, 980 bytes, Stack size 40 bytes, aes.o(i.mbedtls_internal_aes_encrypt))
<BR><BR>[Stack]<UL><LI>Max Depth = 40<LI>Call Chain = mbedtls_internal_aes_encrypt
</UL>
<BR>[Called By]<UL><LI><a href="#[81]">&gt;&gt;</a>&nbsp;&nbsp;&nbsp;mbedtls_aes_crypt_ecb
</UL>

<P><STRONG><a name="[cb]"></a>mbedtls_internal_sha256_process</STRONG> (Thumb, 2108 bytes, Stack size 324 bytes, sha256.o(i.mbedtls_internal_sha256_process))
<BR><BR>[Stack]<UL><LI>Max Depth = 324<LI>Call Chain = mbedtls_internal_sha256_process
</UL>
<BR>[Called By]<UL><LI><a href="#[ce]">&gt;&gt;</a>&nbsp;&nbsp;&nbsp;mbedtls_sha256_update_ret
<LI><a href="#[ca]">&gt;&gt;</a>&nbsp;&nbsp;&nbsp;mbedtls_sha256_finish_ret
</UL>

<P><STRONG><a name="[8b]"></a>mbedtls_mpi_add_abs</STRONG> (Thumb, 182 bytes, Stack size 24 bytes, bignum.o(i.mbedtls_mpi_add_abs))
<BR><BR>[Stack]<UL><LI>Max Depth = 100<LI>Call Chain = mbedtls_mpi_add_abs &rArr; mbedtls_mpi_copy &rArr; mbedtls_mpi_grow &rArr; calloc &rArr; malloc
</UL>
<BR>[Calls]<UL><LI><a href="#[8c]">&gt;&gt;</a>&nbsp;&nbsp;&nbsp;mbedtls_mpi_copy
<LI><a href="#[8d]">&gt;&gt;</a>&nbsp;&nbsp;&nbsp;mbedtls_mpi_grow
</UL>
<BR>[Called By]<UL><LI><a href="#[9b]">&gt;&gt;</a>&nbsp;&nbsp;&nbsp;mbedtls_mpi_sub_mpi
<LI><a href="#[8f]">&gt;&gt;</a>&nbsp;&nbsp;&nbsp;mbedtls_mpi_add_mpi
</UL>

<P><STRONG><a name="[8e]"></a>mbedtls_mpi_add_int</STRONG> (Thumb, 48 bytes, Stack size 24 bytes, bignum.o(i.mbedtls_mpi_add_int))
<BR><BR>[Stack]<UL><LI>Max Depth = 156<LI>Call Chain = mbedtls_mpi_add_int &rArr; mbedtls_mpi_add_mpi &rArr; mbedtls_mpi_sub_abs &rArr; mbedtls_mpi_copy &rArr; mbedtls_mpi_grow &rArr; calloc &rArr; malloc
</UL>
<BR>[Calls]<UL><LI><a href="#[8f]">&gt;&gt;</a>&nbsp;&nbsp;&nbsp;mbedtls_mpi_add_mpi
</UL>
<BR>[Called By]<UL><LI><a href="#[ad]">&gt;&gt;</a>&nbsp;&nbsp;&nbsp;mbedtls_mpi_read_string
<LI><a href="#[bb]">&gt;&gt;</a>&nbsp;&nbsp;&nbsp;mbedtls_rsa_deduce_primes
</UL>

<P><STRONG><a name="[8f]"></a>mbedtls_mpi_add_mpi</STRONG> (Thumb, 78 bytes, Stack size 24 bytes, bignum.o(i.mbedtls_mpi_add_mpi))
<BR><BR>[Stack]<UL><LI>Max Depth = 132<LI>Call Chain = mbedtls_mpi_add_mpi &rArr; mbedtls_mpi_sub_abs &rArr; mbedtls_mpi_copy &rArr; mbedtls_mpi_grow &rArr; calloc &rArr; malloc
</UL>
<BR>[Calls]<UL><LI><a href="#[91]">&gt;&gt;</a>&nbsp;&nbsp;&nbsp;mbedtls_mpi_sub_abs
<LI><a href="#[90]">&gt;&gt;</a>&nbsp;&nbsp;&nbsp;mbedtls_mpi_cmp_abs
<LI><a href="#[8b]">&gt;&gt;</a>&nbsp;&nbsp;&nbsp;mbedtls_mpi_add_abs
</UL>
<BR>[Called By]<UL><LI><a href="#[9f]">&gt;&gt;</a>&nbsp;&nbsp;&nbsp;mbedtls_mpi_mod_mpi
<LI><a href="#[a8]">&gt;&gt;</a>&nbsp;&nbsp;&nbsp;mbedtls_mpi_inv_mod
<LI><a href="#[9e]">&gt;&gt;</a>&nbsp;&nbsp;&nbsp;mbedtls_mpi_exp_mod
<LI><a href="#[c5]">&gt;&gt;</a>&nbsp;&nbsp;&nbsp;mbedtls_rsa_private
<LI><a href="#[97]">&gt;&gt;</a>&nbsp;&nbsp;&nbsp;mbedtls_mpi_div_mpi
<LI><a href="#[8e]">&gt;&gt;</a>&nbsp;&nbsp;&nbsp;mbedtls_mpi_add_int
</UL>

<P><STRONG><a name="[92]"></a>mbedtls_mpi_bitlen</STRONG> (Thumb, 48 bytes, Stack size 8 bytes, bignum.o(i.mbedtls_mpi_bitlen))
<BR><BR>[Stack]<UL><LI>Max Depth = 8<LI>Call Chain = mbedtls_mpi_bitlen
</UL>
<BR>[Calls]<UL><LI><a href="#[8a]">&gt;&gt;</a>&nbsp;&nbsp;&nbsp;mbedtls_clz
</UL>
<BR>[Called By]<UL><LI><a href="#[b5]">&gt;&gt;</a>&nbsp;&nbsp;&nbsp;mbedtls_rsa_check_pubkey
<LI><a href="#[b1]">&gt;&gt;</a>&nbsp;&nbsp;&nbsp;mbedtls_mpi_size
<LI><a href="#[9e]">&gt;&gt;</a>&nbsp;&nbsp;&nbsp;mbedtls_mpi_exp_mod
<LI><a href="#[9a]">&gt;&gt;</a>&nbsp;&nbsp;&nbsp;mbedtls_mpi_shift_l
<LI><a href="#[97]">&gt;&gt;</a>&nbsp;&nbsp;&nbsp;mbedtls_mpi_div_mpi
</UL>

<P><STRONG><a name="[90]"></a>mbedtls_mpi_cmp_abs</STRONG> (Thumb, 100 bytes, Stack size 16 bytes, bignum.o(i.mbedtls_mpi_cmp_abs))
<BR><BR>[Stack]<UL><LI>Max Depth = 16<LI>Call Chain = mbedtls_mpi_cmp_abs
</UL>
<BR>[Called By]<UL><LI><a href="#[9b]">&gt;&gt;</a>&nbsp;&nbsp;&nbsp;mbedtls_mpi_sub_mpi
<LI><a href="#[8f]">&gt;&gt;</a>&nbsp;&nbsp;&nbsp;mbedtls_mpi_add_mpi
<LI><a href="#[91]">&gt;&gt;</a>&nbsp;&nbsp;&nbsp;mbedtls_mpi_sub_abs
<LI><a href="#[97]">&gt;&gt;</a>&nbsp;&nbsp;&nbsp;mbedtls_mpi_div_mpi
<LI><a href="#[a0]">&gt;&gt;</a>&nbsp;&nbsp;&nbsp;mpi_montmul
</UL>

<P><STRONG><a name="[93]"></a>mbedtls_mpi_cmp_int</STRONG> (Thumb, 48 bytes, Stack size 20 bytes, bignum.o(i.mbedtls_mpi_cmp_int))
<BR><BR>[Stack]<UL><LI>Max Depth = 36<LI>Call Chain = mbedtls_mpi_cmp_int &rArr; mbedtls_mpi_cmp_mpi
</UL>
<BR>[Calls]<UL><LI><a href="#[94]">&gt;&gt;</a>&nbsp;&nbsp;&nbsp;mbedtls_mpi_cmp_mpi
</UL>
<BR>[Called By]<UL><LI><a href="#[ba]">&gt;&gt;</a>&nbsp;&nbsp;&nbsp;mbedtls_rsa_complete
<LI><a href="#[b7]">&gt;&gt;</a>&nbsp;&nbsp;&nbsp;mbedtls_rsa_validate_params
<LI><a href="#[b8]">&gt;&gt;</a>&nbsp;&nbsp;&nbsp;mbedtls_rsa_validate_crt
<LI><a href="#[bc]">&gt;&gt;</a>&nbsp;&nbsp;&nbsp;mbedtls_rsa_deduce_private_exponent
<LI><a href="#[bb]">&gt;&gt;</a>&nbsp;&nbsp;&nbsp;mbedtls_rsa_deduce_primes
<LI><a href="#[9f]">&gt;&gt;</a>&nbsp;&nbsp;&nbsp;mbedtls_mpi_mod_mpi
<LI><a href="#[a8]">&gt;&gt;</a>&nbsp;&nbsp;&nbsp;mbedtls_mpi_inv_mod
<LI><a href="#[a6]">&gt;&gt;</a>&nbsp;&nbsp;&nbsp;mbedtls_mpi_gcd
<LI><a href="#[9e]">&gt;&gt;</a>&nbsp;&nbsp;&nbsp;mbedtls_mpi_exp_mod
<LI><a href="#[c6]">&gt;&gt;</a>&nbsp;&nbsp;&nbsp;rsa_prepare_blinding
<LI><a href="#[b6]">&gt;&gt;</a>&nbsp;&nbsp;&nbsp;rsa_check_context
<LI><a href="#[97]">&gt;&gt;</a>&nbsp;&nbsp;&nbsp;mbedtls_mpi_div_mpi
</UL>

<P><STRONG><a name="[94]"></a>mbedtls_mpi_cmp_mpi</STRONG> (Thumb, 140 bytes, Stack size 16 bytes, bignum.o(i.mbedtls_mpi_cmp_mpi))
<BR><BR>[Stack]<UL><LI>Max Depth = 16<LI>Call Chain = mbedtls_mpi_cmp_mpi
</UL>
<BR>[Called By]<UL><LI><a href="#[b5]">&gt;&gt;</a>&nbsp;&nbsp;&nbsp;mbedtls_rsa_check_pubkey
<LI><a href="#[b7]">&gt;&gt;</a>&nbsp;&nbsp;&nbsp;mbedtls_rsa_validate_params
<LI><a href="#[bb]">&gt;&gt;</a>&nbsp;&nbsp;&nbsp;mbedtls_rsa_deduce_primes
<LI><a href="#[9f]">&gt;&gt;</a>&nbsp;&nbsp;&nbsp;mbedtls_mpi_mod_mpi
<LI><a href="#[a8]">&gt;&gt;</a>&nbsp;&nbsp;&nbsp;mbedtls_mpi_inv_mod
<LI><a href="#[a6]">&gt;&gt;</a>&nbsp;&nbsp;&nbsp;mbedtls_mpi_gcd
<LI><a href="#[9e]">&gt;&gt;</a>&nbsp;&nbsp;&nbsp;mbedtls_mpi_exp_mod
<LI><a href="#[93]">&gt;&gt;</a>&nbsp;&nbsp;&nbsp;mbedtls_mpi_cmp_int
<LI><a href="#[c7]">&gt;&gt;</a>&nbsp;&nbsp;&nbsp;mbedtls_rsa_public
<LI><a href="#[c5]">&gt;&gt;</a>&nbsp;&nbsp;&nbsp;mbedtls_rsa_private
<LI><a href="#[97]">&gt;&gt;</a>&nbsp;&nbsp;&nbsp;mbedtls_mpi_div_mpi
</UL>

<P><STRONG><a name="[8c]"></a>mbedtls_mpi_copy</STRONG> (Thumb, 100 bytes, Stack size 24 bytes, bignum.o(i.mbedtls_mpi_copy))
<BR><BR>[Stack]<UL><LI>Max Depth = 76<LI>Call Chain = mbedtls_mpi_copy &rArr; mbedtls_mpi_grow &rArr; calloc &rArr; malloc
</UL>
<BR>[Calls]<UL><LI><a href="#[95]">&gt;&gt;</a>&nbsp;&nbsp;&nbsp;mbedtls_mpi_free
<LI><a href="#[8d]">&gt;&gt;</a>&nbsp;&nbsp;&nbsp;mbedtls_mpi_grow
<LI><a href="#[6a]">&gt;&gt;</a>&nbsp;&nbsp;&nbsp;__aeabi_memclr4
<LI><a href="#[96]">&gt;&gt;</a>&nbsp;&nbsp;&nbsp;__aeabi_memcpy4
</UL>
<BR>[Called By]<UL><LI><a href="#[bf]">&gt;&gt;</a>&nbsp;&nbsp;&nbsp;mbedtls_rsa_import
<LI><a href="#[a9]">&gt;&gt;</a>&nbsp;&nbsp;&nbsp;mbedtls_mpi_mul_mpi
<LI><a href="#[a8]">&gt;&gt;</a>&nbsp;&nbsp;&nbsp;mbedtls_mpi_inv_mod
<LI><a href="#[a6]">&gt;&gt;</a>&nbsp;&nbsp;&nbsp;mbedtls_mpi_gcd
<LI><a href="#[9e]">&gt;&gt;</a>&nbsp;&nbsp;&nbsp;mbedtls_mpi_exp_mod
<LI><a href="#[c5]">&gt;&gt;</a>&nbsp;&nbsp;&nbsp;mbedtls_rsa_private
<LI><a href="#[91]">&gt;&gt;</a>&nbsp;&nbsp;&nbsp;mbedtls_mpi_sub_abs
<LI><a href="#[97]">&gt;&gt;</a>&nbsp;&nbsp;&nbsp;mbedtls_mpi_div_mpi
<LI><a href="#[8b]">&gt;&gt;</a>&nbsp;&nbsp;&nbsp;mbedtls_mpi_add_abs
</UL>

<P><STRONG><a name="[97]"></a>mbedtls_mpi_div_mpi</STRONG> (Thumb, 778 bytes, Stack size 120 bytes, bignum.o(i.mbedtls_mpi_div_mpi))
<BR><BR>[Stack]<UL><LI>Max Depth = 276<LI>Call Chain = mbedtls_mpi_div_mpi &rArr; mbedtls_mpi_mul_int &rArr; mbedtls_mpi_mul_mpi &rArr; mbedtls_mpi_copy &rArr; mbedtls_mpi_grow &rArr; calloc &rArr; malloc
</UL>
<BR>[Calls]<UL><LI><a href="#[98]">&gt;&gt;</a>&nbsp;&nbsp;&nbsp;mbedtls_mpi_init
<LI><a href="#[95]">&gt;&gt;</a>&nbsp;&nbsp;&nbsp;mbedtls_mpi_free
<LI><a href="#[9b]">&gt;&gt;</a>&nbsp;&nbsp;&nbsp;mbedtls_mpi_sub_mpi
<LI><a href="#[8c]">&gt;&gt;</a>&nbsp;&nbsp;&nbsp;mbedtls_mpi_copy
<LI><a href="#[94]">&gt;&gt;</a>&nbsp;&nbsp;&nbsp;mbedtls_mpi_cmp_mpi
<LI><a href="#[93]">&gt;&gt;</a>&nbsp;&nbsp;&nbsp;mbedtls_mpi_cmp_int
<LI><a href="#[92]">&gt;&gt;</a>&nbsp;&nbsp;&nbsp;mbedtls_mpi_bitlen
<LI><a href="#[8f]">&gt;&gt;</a>&nbsp;&nbsp;&nbsp;mbedtls_mpi_add_mpi
<LI><a href="#[9c]">&gt;&gt;</a>&nbsp;&nbsp;&nbsp;mbedtls_mpi_shift_r
<LI><a href="#[9a]">&gt;&gt;</a>&nbsp;&nbsp;&nbsp;mbedtls_mpi_shift_l
<LI><a href="#[9d]">&gt;&gt;</a>&nbsp;&nbsp;&nbsp;mbedtls_mpi_mul_int
<LI><a href="#[99]">&gt;&gt;</a>&nbsp;&nbsp;&nbsp;mbedtls_mpi_lset
<LI><a href="#[8d]">&gt;&gt;</a>&nbsp;&nbsp;&nbsp;mbedtls_mpi_grow
<LI><a href="#[90]">&gt;&gt;</a>&nbsp;&nbsp;&nbsp;mbedtls_mpi_cmp_abs
<LI><a href="#[89]">&gt;&gt;</a>&nbsp;&nbsp;&nbsp;mbedtls_int_div_int
</UL>
<BR>[Called By]<UL><LI><a href="#[bc]">&gt;&gt;</a>&nbsp;&nbsp;&nbsp;mbedtls_rsa_deduce_private_exponent
<LI><a href="#[bb]">&gt;&gt;</a>&nbsp;&nbsp;&nbsp;mbedtls_rsa_deduce_primes
<LI><a href="#[9f]">&gt;&gt;</a>&nbsp;&nbsp;&nbsp;mbedtls_mpi_mod_mpi
</UL>

<P><STRONG><a name="[9e]"></a>mbedtls_mpi_exp_mod</STRONG> (Thumb, 1142 bytes, Stack size 1672 bytes, bignum.o(i.mbedtls_mpi_exp_mod))
<BR><BR>[Stack]<UL><LI>Max Depth = 1964<LI>Call Chain = mbedtls_mpi_exp_mod &rArr; mbedtls_mpi_mod_mpi &rArr; mbedtls_mpi_div_mpi &rArr; mbedtls_mpi_mul_int &rArr; mbedtls_mpi_mul_mpi &rArr; mbedtls_mpi_copy &rArr; mbedtls_mpi_grow &rArr; calloc &rArr; malloc
</UL>
<BR>[Calls]<UL><LI><a href="#[98]">&gt;&gt;</a>&nbsp;&nbsp;&nbsp;mbedtls_mpi_init
<LI><a href="#[95]">&gt;&gt;</a>&nbsp;&nbsp;&nbsp;mbedtls_mpi_free
<LI><a href="#[9f]">&gt;&gt;</a>&nbsp;&nbsp;&nbsp;mbedtls_mpi_mod_mpi
<LI><a href="#[8c]">&gt;&gt;</a>&nbsp;&nbsp;&nbsp;mbedtls_mpi_copy
<LI><a href="#[94]">&gt;&gt;</a>&nbsp;&nbsp;&nbsp;mbedtls_mpi_cmp_mpi
<LI><a href="#[93]">&gt;&gt;</a>&nbsp;&nbsp;&nbsp;mbedtls_mpi_cmp_int
<LI><a href="#[92]">&gt;&gt;</a>&nbsp;&nbsp;&nbsp;mbedtls_mpi_bitlen
<LI><a href="#[8f]">&gt;&gt;</a>&nbsp;&nbsp;&nbsp;mbedtls_mpi_add_mpi
<LI><a href="#[9a]">&gt;&gt;</a>&nbsp;&nbsp;&nbsp;mbedtls_mpi_shift_l
<LI><a href="#[99]">&gt;&gt;</a>&nbsp;&nbsp;&nbsp;mbedtls_mpi_lset
<LI><a href="#[8d]">&gt;&gt;</a>&nbsp;&nbsp;&nbsp;mbedtls_mpi_grow
<LI><a href="#[a1]">&gt;&gt;</a>&nbsp;&nbsp;&nbsp;mpi_montred
<LI><a href="#[a0]">&gt;&gt;</a>&nbsp;&nbsp;&nbsp;mpi_montmul
<LI><a href="#[6a]">&gt;&gt;</a>&nbsp;&nbsp;&nbsp;__aeabi_memclr4
</UL>
<BR>[Called By]<UL><LI><a href="#[bb]">&gt;&gt;</a>&nbsp;&nbsp;&nbsp;mbedtls_rsa_deduce_primes
<LI><a href="#[c7]">&gt;&gt;</a>&nbsp;&nbsp;&nbsp;mbedtls_rsa_public
<LI><a href="#[c5]">&gt;&gt;</a>&nbsp;&nbsp;&nbsp;mbedtls_rsa_private
<LI><a href="#[c6]">&gt;&gt;</a>&nbsp;&nbsp;&nbsp;rsa_prepare_blinding
</UL>

<P><STRONG><a name="[a2]"></a>mbedtls_mpi_fill_random</STRONG> (Thumb, 96 bytes, Stack size 32 bytes, bignum.o(i.mbedtls_mpi_fill_random))
<BR><BR>[Stack]<UL><LI>Max Depth = 100<LI>Call Chain = mbedtls_mpi_fill_random &rArr; mbedtls_mpi_lset &rArr; mbedtls_mpi_grow &rArr; calloc &rArr; malloc
</UL>
<BR>[Calls]<UL><LI><a href="#[98]">&gt;&gt;</a>&nbsp;&nbsp;&nbsp;mbedtls_mpi_init
<LI><a href="#[95]">&gt;&gt;</a>&nbsp;&nbsp;&nbsp;mbedtls_mpi_free
<LI><a href="#[99]">&gt;&gt;</a>&nbsp;&nbsp;&nbsp;mbedtls_mpi_lset
<LI><a href="#[8d]">&gt;&gt;</a>&nbsp;&nbsp;&nbsp;mbedtls_mpi_grow
<LI><a href="#[a3]">&gt;&gt;</a>&nbsp;&nbsp;&nbsp;mpi_bigendian_to_host
</UL>
<BR>[Called By]<UL><LI><a href="#[c5]">&gt;&gt;</a>&nbsp;&nbsp;&nbsp;mbedtls_rsa_private
<LI><a href="#[c6]">&gt;&gt;</a>&nbsp;&nbsp;&nbsp;rsa_prepare_blinding
</UL>

<P><STRONG><a name="[95]"></a>mbedtls_mpi_free</STRONG> (Thumb, 34 bytes, Stack size 8 bytes, bignum.o(i.mbedtls_mpi_free))
<BR><BR>[Stack]<UL><LI>Max Depth = 16<LI>Call Chain = mbedtls_mpi_free &rArr; free
</UL>
<BR>[Calls]<UL><LI><a href="#[a4]">&gt;&gt;</a>&nbsp;&nbsp;&nbsp;mbedtls_mpi_zeroize
<LI><a href="#[a5]">&gt;&gt;</a>&nbsp;&nbsp;&nbsp;free
</UL>
<BR>[Called By]<UL><LI><a href="#[be]">&gt;&gt;</a>&nbsp;&nbsp;&nbsp;mbedtls_rsa_free
<LI><a href="#[ad]">&gt;&gt;</a>&nbsp;&nbsp;&nbsp;mbedtls_mpi_read_string
<LI><a href="#[d3]">&gt;&gt;</a>&nbsp;&nbsp;&nbsp;run_rsa_test
<LI><a href="#[b7]">&gt;&gt;</a>&nbsp;&nbsp;&nbsp;mbedtls_rsa_validate_params
<LI><a href="#[b8]">&gt;&gt;</a>&nbsp;&nbsp;&nbsp;mbedtls_rsa_validate_crt
<LI><a href="#[bc]">&gt;&gt;</a>&nbsp;&nbsp;&nbsp;mbedtls_rsa_deduce_private_exponent
<LI><a href="#[bb]">&gt;&gt;</a>&nbsp;&nbsp;&nbsp;mbedtls_rsa_deduce_primes
<LI><a href="#[bd]">&gt;&gt;</a>&nbsp;&nbsp;&nbsp;mbedtls_rsa_deduce_crt
<LI><a href="#[ab]">&gt;&gt;</a>&nbsp;&nbsp;&nbsp;mbedtls_mpi_read_binary
<LI><a href="#[a9]">&gt;&gt;</a>&nbsp;&nbsp;&nbsp;mbedtls_mpi_mul_mpi
<LI><a href="#[a8]">&gt;&gt;</a>&nbsp;&nbsp;&nbsp;mbedtls_mpi_inv_mod
<LI><a href="#[a6]">&gt;&gt;</a>&nbsp;&nbsp;&nbsp;mbedtls_mpi_gcd
<LI><a href="#[a2]">&gt;&gt;</a>&nbsp;&nbsp;&nbsp;mbedtls_mpi_fill_random
<LI><a href="#[9e]">&gt;&gt;</a>&nbsp;&nbsp;&nbsp;mbedtls_mpi_exp_mod
<LI><a href="#[8c]">&gt;&gt;</a>&nbsp;&nbsp;&nbsp;mbedtls_mpi_copy
<LI><a href="#[c7]">&gt;&gt;</a>&nbsp;&nbsp;&nbsp;mbedtls_rsa_public
<LI><a href="#[c5]">&gt;&gt;</a>&nbsp;&nbsp;&nbsp;mbedtls_rsa_private
<LI><a href="#[91]">&gt;&gt;</a>&nbsp;&nbsp;&nbsp;mbedtls_mpi_sub_abs
<LI><a href="#[97]">&gt;&gt;</a>&nbsp;&nbsp;&nbsp;mbedtls_mpi_div_mpi
</UL>

<P><STRONG><a name="[a6]"></a>mbedtls_mpi_gcd</STRONG> (Thumb, 256 bytes, Stack size 56 bytes, bignum.o(i.mbedtls_mpi_gcd))
<BR><BR>[Stack]<UL><LI>Max Depth = 164<LI>Call Chain = mbedtls_mpi_gcd &rArr; mbedtls_mpi_sub_abs &rArr; mbedtls_mpi_copy &rArr; mbedtls_mpi_grow &rArr; calloc &rArr; malloc
</UL>
<BR>[Calls]<UL><LI><a href="#[98]">&gt;&gt;</a>&nbsp;&nbsp;&nbsp;mbedtls_mpi_init
<LI><a href="#[95]">&gt;&gt;</a>&nbsp;&nbsp;&nbsp;mbedtls_mpi_free
<LI><a href="#[8c]">&gt;&gt;</a>&nbsp;&nbsp;&nbsp;mbedtls_mpi_copy
<LI><a href="#[94]">&gt;&gt;</a>&nbsp;&nbsp;&nbsp;mbedtls_mpi_cmp_mpi
<LI><a href="#[93]">&gt;&gt;</a>&nbsp;&nbsp;&nbsp;mbedtls_mpi_cmp_int
<LI><a href="#[91]">&gt;&gt;</a>&nbsp;&nbsp;&nbsp;mbedtls_mpi_sub_abs
<LI><a href="#[9c]">&gt;&gt;</a>&nbsp;&nbsp;&nbsp;mbedtls_mpi_shift_r
<LI><a href="#[9a]">&gt;&gt;</a>&nbsp;&nbsp;&nbsp;mbedtls_mpi_shift_l
<LI><a href="#[a7]">&gt;&gt;</a>&nbsp;&nbsp;&nbsp;mbedtls_mpi_lsb
</UL>
<BR>[Called By]<UL><LI><a href="#[bc]">&gt;&gt;</a>&nbsp;&nbsp;&nbsp;mbedtls_rsa_deduce_private_exponent
<LI><a href="#[bb]">&gt;&gt;</a>&nbsp;&nbsp;&nbsp;mbedtls_rsa_deduce_primes
<LI><a href="#[a8]">&gt;&gt;</a>&nbsp;&nbsp;&nbsp;mbedtls_mpi_inv_mod
<LI><a href="#[c6]">&gt;&gt;</a>&nbsp;&nbsp;&nbsp;rsa_prepare_blinding
</UL>

<P><STRONG><a name="[b9]"></a>mbedtls_mpi_get_bit</STRONG> (Thumb, 32 bytes, Stack size 0 bytes, bignum.o(i.mbedtls_mpi_get_bit))
<BR><BR>[Called By]<UL><LI><a href="#[b5]">&gt;&gt;</a>&nbsp;&nbsp;&nbsp;mbedtls_rsa_check_pubkey
<LI><a href="#[b6]">&gt;&gt;</a>&nbsp;&nbsp;&nbsp;rsa_check_context
</UL>

<P><STRONG><a name="[8d]"></a>mbedtls_mpi_grow</STRONG> (Thumb, 80 bytes, Stack size 24 bytes, bignum.o(i.mbedtls_mpi_grow))
<BR><BR>[Stack]<UL><LI>Max Depth = 52<LI>Call Chain = mbedtls_mpi_grow &rArr; calloc &rArr; malloc
</UL>
<BR>[Calls]<UL><LI><a href="#[a4]">&gt;&gt;</a>&nbsp;&nbsp;&nbsp;mbedtls_mpi_zeroize
<LI><a href="#[96]">&gt;&gt;</a>&nbsp;&nbsp;&nbsp;__aeabi_memcpy4
<LI><a href="#[4f]">&gt;&gt;</a>&nbsp;&nbsp;&nbsp;calloc
<LI><a href="#[a5]">&gt;&gt;</a>&nbsp;&nbsp;&nbsp;free
</UL>
<BR>[Called By]<UL><LI><a href="#[ad]">&gt;&gt;</a>&nbsp;&nbsp;&nbsp;mbedtls_mpi_read_string
<LI><a href="#[ab]">&gt;&gt;</a>&nbsp;&nbsp;&nbsp;mbedtls_mpi_read_binary
<LI><a href="#[a9]">&gt;&gt;</a>&nbsp;&nbsp;&nbsp;mbedtls_mpi_mul_mpi
<LI><a href="#[a2]">&gt;&gt;</a>&nbsp;&nbsp;&nbsp;mbedtls_mpi_fill_random
<LI><a href="#[9e]">&gt;&gt;</a>&nbsp;&nbsp;&nbsp;mbedtls_mpi_exp_mod
<LI><a href="#[8c]">&gt;&gt;</a>&nbsp;&nbsp;&nbsp;mbedtls_mpi_copy
<LI><a href="#[9a]">&gt;&gt;</a>&nbsp;&nbsp;&nbsp;mbedtls_mpi_shift_l
<LI><a href="#[99]">&gt;&gt;</a>&nbsp;&nbsp;&nbsp;mbedtls_mpi_lset
<LI><a href="#[97]">&gt;&gt;</a>&nbsp;&nbsp;&nbsp;mbedtls_mpi_div_mpi
<LI><a href="#[8b]">&gt;&gt;</a>&nbsp;&nbsp;&nbsp;mbedtls_mpi_add_abs
</UL>

<P><STRONG><a name="[98]"></a>mbedtls_mpi_init</STRONG> (Thumb, 12 bytes, Stack size 0 bytes, bignum.o(i.mbedtls_mpi_init))
<BR><BR>[Called By]<UL><LI><a href="#[ad]">&gt;&gt;</a>&nbsp;&nbsp;&nbsp;mbedtls_mpi_read_string
<LI><a href="#[d3]">&gt;&gt;</a>&nbsp;&nbsp;&nbsp;run_rsa_test
<LI><a href="#[b7]">&gt;&gt;</a>&nbsp;&nbsp;&nbsp;mbedtls_rsa_validate_params
<LI><a href="#[b8]">&gt;&gt;</a>&nbsp;&nbsp;&nbsp;mbedtls_rsa_validate_crt
<LI><a href="#[bc]">&gt;&gt;</a>&nbsp;&nbsp;&nbsp;mbedtls_rsa_deduce_private_exponent
<LI><a href="#[bb]">&gt;&gt;</a>&nbsp;&nbsp;&nbsp;mbedtls_rsa_deduce_primes
<LI><a href="#[bd]">&gt;&gt;</a>&nbsp;&nbsp;&nbsp;mbedtls_rsa_deduce_crt
<LI><a href="#[ab]">&gt;&gt;</a>&nbsp;&nbsp;&nbsp;mbedtls_mpi_read_binary
<LI><a href="#[a9]">&gt;&gt;</a>&nbsp;&nbsp;&nbsp;mbedtls_mpi_mul_mpi
<LI><a href="#[a8]">&gt;&gt;</a>&nbsp;&nbsp;&nbsp;mbedtls_mpi_inv_mod
<LI><a href="#[a6]">&gt;&gt;</a>&nbsp;&nbsp;&nbsp;mbedtls_mpi_gcd
<LI><a href="#[a2]">&gt;&gt;</a>&nbsp;&nbsp;&nbsp;mbedtls_mpi_fill_random
<LI><a href="#[9e]">&gt;&gt;</a>&nbsp;&nbsp;&nbsp;mbedtls_mpi_exp_mod
<LI><a href="#[c7]">&gt;&gt;</a>&nbsp;&nbsp;&nbsp;mbedtls_rsa_public
<LI><a href="#[c5]">&gt;&gt;</a>&nbsp;&nbsp;&nbsp;mbedtls_rsa_private
<LI><a href="#[91]">&gt;&gt;</a>&nbsp;&nbsp;&nbsp;mbedtls_mpi_sub_abs
<LI><a href="#[97]">&gt;&gt;</a>&nbsp;&nbsp;&nbsp;mbedtls_mpi_div_mpi
</UL>

<P><STRONG><a name="[a8]"></a>mbedtls_mpi_inv_mod</STRONG> (Thumb, 616 bytes, Stack size 128 bytes, bignum.o(i.mbedtls_mpi_inv_mod))
<BR><BR>[Stack]<UL><LI>Max Depth = 420<LI>Call Chain = mbedtls_mpi_inv_mod &rArr; mbedtls_mpi_mod_mpi &rArr; mbedtls_mpi_div_mpi &rArr; mbedtls_mpi_mul_int &rArr; mbedtls_mpi_mul_mpi &rArr; mbedtls_mpi_copy &rArr; mbedtls_mpi_grow &rArr; calloc &rArr; malloc
</UL>
<BR>[Calls]<UL><LI><a href="#[98]">&gt;&gt;</a>&nbsp;&nbsp;&nbsp;mbedtls_mpi_init
<LI><a href="#[95]">&gt;&gt;</a>&nbsp;&nbsp;&nbsp;mbedtls_mpi_free
<LI><a href="#[9b]">&gt;&gt;</a>&nbsp;&nbsp;&nbsp;mbedtls_mpi_sub_mpi
<LI><a href="#[9f]">&gt;&gt;</a>&nbsp;&nbsp;&nbsp;mbedtls_mpi_mod_mpi
<LI><a href="#[a6]">&gt;&gt;</a>&nbsp;&nbsp;&nbsp;mbedtls_mpi_gcd
<LI><a href="#[8c]">&gt;&gt;</a>&nbsp;&nbsp;&nbsp;mbedtls_mpi_copy
<LI><a href="#[94]">&gt;&gt;</a>&nbsp;&nbsp;&nbsp;mbedtls_mpi_cmp_mpi
<LI><a href="#[93]">&gt;&gt;</a>&nbsp;&nbsp;&nbsp;mbedtls_mpi_cmp_int
<LI><a href="#[8f]">&gt;&gt;</a>&nbsp;&nbsp;&nbsp;mbedtls_mpi_add_mpi
<LI><a href="#[9c]">&gt;&gt;</a>&nbsp;&nbsp;&nbsp;mbedtls_mpi_shift_r
<LI><a href="#[99]">&gt;&gt;</a>&nbsp;&nbsp;&nbsp;mbedtls_mpi_lset
</UL>
<BR>[Called By]<UL><LI><a href="#[bc]">&gt;&gt;</a>&nbsp;&nbsp;&nbsp;mbedtls_rsa_deduce_private_exponent
<LI><a href="#[bd]">&gt;&gt;</a>&nbsp;&nbsp;&nbsp;mbedtls_rsa_deduce_crt
<LI><a href="#[c6]">&gt;&gt;</a>&nbsp;&nbsp;&nbsp;rsa_prepare_blinding
</UL>

<P><STRONG><a name="[a7]"></a>mbedtls_mpi_lsb</STRONG> (Thumb, 46 bytes, Stack size 16 bytes, bignum.o(i.mbedtls_mpi_lsb))
<BR><BR>[Stack]<UL><LI>Max Depth = 16<LI>Call Chain = mbedtls_mpi_lsb
</UL>
<BR>[Called By]<UL><LI><a href="#[bb]">&gt;&gt;</a>&nbsp;&nbsp;&nbsp;mbedtls_rsa_deduce_primes
<LI><a href="#[a6]">&gt;&gt;</a>&nbsp;&nbsp;&nbsp;mbedtls_mpi_gcd
</UL>

<P><STRONG><a name="[99]"></a>mbedtls_mpi_lset</STRONG> (Thumb, 58 bytes, Stack size 16 bytes, bignum.o(i.mbedtls_mpi_lset))
<BR><BR>[Stack]<UL><LI>Max Depth = 68<LI>Call Chain = mbedtls_mpi_lset &rArr; mbedtls_mpi_grow &rArr; calloc &rArr; malloc
</UL>
<BR>[Calls]<UL><LI><a href="#[8d]">&gt;&gt;</a>&nbsp;&nbsp;&nbsp;mbedtls_mpi_grow
<LI><a href="#[6a]">&gt;&gt;</a>&nbsp;&nbsp;&nbsp;__aeabi_memclr4
</UL>
<BR>[Called By]<UL><LI><a href="#[ad]">&gt;&gt;</a>&nbsp;&nbsp;&nbsp;mbedtls_mpi_read_string
<LI><a href="#[bb]">&gt;&gt;</a>&nbsp;&nbsp;&nbsp;mbedtls_rsa_deduce_primes
<LI><a href="#[ab]">&gt;&gt;</a>&nbsp;&nbsp;&nbsp;mbedtls_mpi_read_binary
<LI><a href="#[a9]">&gt;&gt;</a>&nbsp;&nbsp;&nbsp;mbedtls_mpi_mul_mpi
<LI><a href="#[a8]">&gt;&gt;</a>&nbsp;&nbsp;&nbsp;mbedtls_mpi_inv_mod
<LI><a href="#[a2]">&gt;&gt;</a>&nbsp;&nbsp;&nbsp;mbedtls_mpi_fill_random
<LI><a href="#[9e]">&gt;&gt;</a>&nbsp;&nbsp;&nbsp;mbedtls_mpi_exp_mod
<LI><a href="#[9c]">&gt;&gt;</a>&nbsp;&nbsp;&nbsp;mbedtls_mpi_shift_r
<LI><a href="#[97]">&gt;&gt;</a>&nbsp;&nbsp;&nbsp;mbedtls_mpi_div_mpi
</UL>

<P><STRONG><a name="[9f]"></a>mbedtls_mpi_mod_mpi</STRONG> (Thumb, 98 bytes, Stack size 16 bytes, bignum.o(i.mbedtls_mpi_mod_mpi))
<BR><BR>[Stack]<UL><LI>Max Depth = 292<LI>Call Chain = mbedtls_mpi_mod_mpi &rArr; mbedtls_mpi_div_mpi &rArr; mbedtls_mpi_mul_int &rArr; mbedtls_mpi_mul_mpi &rArr; mbedtls_mpi_copy &rArr; mbedtls_mpi_grow &rArr; calloc &rArr; malloc
</UL>
<BR>[Calls]<UL><LI><a href="#[9b]">&gt;&gt;</a>&nbsp;&nbsp;&nbsp;mbedtls_mpi_sub_mpi
<LI><a href="#[94]">&gt;&gt;</a>&nbsp;&nbsp;&nbsp;mbedtls_mpi_cmp_mpi
<LI><a href="#[93]">&gt;&gt;</a>&nbsp;&nbsp;&nbsp;mbedtls_mpi_cmp_int
<LI><a href="#[8f]">&gt;&gt;</a>&nbsp;&nbsp;&nbsp;mbedtls_mpi_add_mpi
<LI><a href="#[97]">&gt;&gt;</a>&nbsp;&nbsp;&nbsp;mbedtls_mpi_div_mpi
</UL>
<BR>[Called By]<UL><LI><a href="#[b7]">&gt;&gt;</a>&nbsp;&nbsp;&nbsp;mbedtls_rsa_validate_params
<LI><a href="#[b8]">&gt;&gt;</a>&nbsp;&nbsp;&nbsp;mbedtls_rsa_validate_crt
<LI><a href="#[bb]">&gt;&gt;</a>&nbsp;&nbsp;&nbsp;mbedtls_rsa_deduce_primes
<LI><a href="#[bd]">&gt;&gt;</a>&nbsp;&nbsp;&nbsp;mbedtls_rsa_deduce_crt
<LI><a href="#[a8]">&gt;&gt;</a>&nbsp;&nbsp;&nbsp;mbedtls_mpi_inv_mod
<LI><a href="#[9e]">&gt;&gt;</a>&nbsp;&nbsp;&nbsp;mbedtls_mpi_exp_mod
<LI><a href="#[c5]">&gt;&gt;</a>&nbsp;&nbsp;&nbsp;mbedtls_rsa_private
<LI><a href="#[c6]">&gt;&gt;</a>&nbsp;&nbsp;&nbsp;rsa_prepare_blinding
</UL>

<P><STRONG><a name="[9d]"></a>mbedtls_mpi_mul_int</STRONG> (Thumb, 24 bytes, Stack size 24 bytes, bignum.o(i.mbedtls_mpi_mul_int))
<BR><BR>[Stack]<UL><LI>Max Depth = 156<LI>Call Chain = mbedtls_mpi_mul_int &rArr; mbedtls_mpi_mul_mpi &rArr; mbedtls_mpi_copy &rArr; mbedtls_mpi_grow &rArr; calloc &rArr; malloc
</UL>
<BR>[Calls]<UL><LI><a href="#[a9]">&gt;&gt;</a>&nbsp;&nbsp;&nbsp;mbedtls_mpi_mul_mpi
</UL>
<BR>[Called By]<UL><LI><a href="#[ad]">&gt;&gt;</a>&nbsp;&nbsp;&nbsp;mbedtls_mpi_read_string
<LI><a href="#[97]">&gt;&gt;</a>&nbsp;&nbsp;&nbsp;mbedtls_mpi_div_mpi
</UL>

<P><STRONG><a name="[a9]"></a>mbedtls_mpi_mul_mpi</STRONG> (Thumb, 194 bytes, Stack size 56 bytes, bignum.o(i.mbedtls_mpi_mul_mpi))
<BR><BR>[Stack]<UL><LI>Max Depth = 132<LI>Call Chain = mbedtls_mpi_mul_mpi &rArr; mbedtls_mpi_copy &rArr; mbedtls_mpi_grow &rArr; calloc &rArr; malloc
</UL>
<BR>[Calls]<UL><LI><a href="#[98]">&gt;&gt;</a>&nbsp;&nbsp;&nbsp;mbedtls_mpi_init
<LI><a href="#[95]">&gt;&gt;</a>&nbsp;&nbsp;&nbsp;mbedtls_mpi_free
<LI><a href="#[8c]">&gt;&gt;</a>&nbsp;&nbsp;&nbsp;mbedtls_mpi_copy
<LI><a href="#[99]">&gt;&gt;</a>&nbsp;&nbsp;&nbsp;mbedtls_mpi_lset
<LI><a href="#[8d]">&gt;&gt;</a>&nbsp;&nbsp;&nbsp;mbedtls_mpi_grow
<LI><a href="#[aa]">&gt;&gt;</a>&nbsp;&nbsp;&nbsp;mpi_mul_hlp
</UL>
<BR>[Called By]<UL><LI><a href="#[ba]">&gt;&gt;</a>&nbsp;&nbsp;&nbsp;mbedtls_rsa_complete
<LI><a href="#[b7]">&gt;&gt;</a>&nbsp;&nbsp;&nbsp;mbedtls_rsa_validate_params
<LI><a href="#[b8]">&gt;&gt;</a>&nbsp;&nbsp;&nbsp;mbedtls_rsa_validate_crt
<LI><a href="#[bc]">&gt;&gt;</a>&nbsp;&nbsp;&nbsp;mbedtls_rsa_deduce_private_exponent
<LI><a href="#[bb]">&gt;&gt;</a>&nbsp;&nbsp;&nbsp;mbedtls_rsa_deduce_primes
<LI><a href="#[c5]">&gt;&gt;</a>&nbsp;&nbsp;&nbsp;mbedtls_rsa_private
<LI><a href="#[c6]">&gt;&gt;</a>&nbsp;&nbsp;&nbsp;rsa_prepare_blinding
<LI><a href="#[9d]">&gt;&gt;</a>&nbsp;&nbsp;&nbsp;mbedtls_mpi_mul_int
</UL>

<P><STRONG><a name="[ab]"></a>mbedtls_mpi_read_binary</STRONG> (Thumb, 98 bytes, Stack size 32 bytes, bignum.o(i.mbedtls_mpi_read_binary))
<BR><BR>[Stack]<UL><LI>Max Depth = 100<LI>Call Chain = mbedtls_mpi_read_binary &rArr; mbedtls_mpi_lset &rArr; mbedtls_mpi_grow &rArr; calloc &rArr; malloc
</UL>
<BR>[Calls]<UL><LI><a href="#[98]">&gt;&gt;</a>&nbsp;&nbsp;&nbsp;mbedtls_mpi_init
<LI><a href="#[95]">&gt;&gt;</a>&nbsp;&nbsp;&nbsp;mbedtls_mpi_free
<LI><a href="#[99]">&gt;&gt;</a>&nbsp;&nbsp;&nbsp;mbedtls_mpi_lset
<LI><a href="#[8d]">&gt;&gt;</a>&nbsp;&nbsp;&nbsp;mbedtls_mpi_grow
<LI><a href="#[a3]">&gt;&gt;</a>&nbsp;&nbsp;&nbsp;mpi_bigendian_to_host
<LI><a href="#[ac]">&gt;&gt;</a>&nbsp;&nbsp;&nbsp;__aeabi_memcpy
</UL>
<BR>[Called By]<UL><LI><a href="#[c7]">&gt;&gt;</a>&nbsp;&nbsp;&nbsp;mbedtls_rsa_public
<LI><a href="#[c5]">&gt;&gt;</a>&nbsp;&nbsp;&nbsp;mbedtls_rsa_private
</UL>

<P><STRONG><a name="[ad]"></a>mbedtls_mpi_read_string</STRONG> (Thumb, 280 bytes, Stack size 48 bytes, bignum.o(i.mbedtls_mpi_read_string))
<BR><BR>[Stack]<UL><LI>Max Depth = 204<LI>Call Chain = mbedtls_mpi_read_string &rArr; mbedtls_mpi_sub_int &rArr; mbedtls_mpi_sub_mpi &rArr; mbedtls_mpi_sub_abs &rArr; mbedtls_mpi_copy &rArr; mbedtls_mpi_grow &rArr; calloc &rArr; malloc
</UL>
<BR>[Calls]<UL><LI><a href="#[98]">&gt;&gt;</a>&nbsp;&nbsp;&nbsp;mbedtls_mpi_init
<LI><a href="#[95]">&gt;&gt;</a>&nbsp;&nbsp;&nbsp;mbedtls_mpi_free
<LI><a href="#[b0]">&gt;&gt;</a>&nbsp;&nbsp;&nbsp;mbedtls_mpi_sub_int
<LI><a href="#[9d]">&gt;&gt;</a>&nbsp;&nbsp;&nbsp;mbedtls_mpi_mul_int
<LI><a href="#[99]">&gt;&gt;</a>&nbsp;&nbsp;&nbsp;mbedtls_mpi_lset
<LI><a href="#[8d]">&gt;&gt;</a>&nbsp;&nbsp;&nbsp;mbedtls_mpi_grow
<LI><a href="#[8e]">&gt;&gt;</a>&nbsp;&nbsp;&nbsp;mbedtls_mpi_add_int
<LI><a href="#[af]">&gt;&gt;</a>&nbsp;&nbsp;&nbsp;mpi_get_digit
<LI><a href="#[ae]">&gt;&gt;</a>&nbsp;&nbsp;&nbsp;strlen
</UL>
<BR>[Called By]<UL><LI><a href="#[d3]">&gt;&gt;</a>&nbsp;&nbsp;&nbsp;run_rsa_test
</UL>

<P><STRONG><a name="[9a]"></a>mbedtls_mpi_shift_l</STRONG> (Thumb, 158 bytes, Stack size 24 bytes, bignum.o(i.mbedtls_mpi_shift_l))
<BR><BR>[Stack]<UL><LI>Max Depth = 76<LI>Call Chain = mbedtls_mpi_shift_l &rArr; mbedtls_mpi_grow &rArr; calloc &rArr; malloc
</UL>
<BR>[Calls]<UL><LI><a href="#[92]">&gt;&gt;</a>&nbsp;&nbsp;&nbsp;mbedtls_mpi_bitlen
<LI><a href="#[8d]">&gt;&gt;</a>&nbsp;&nbsp;&nbsp;mbedtls_mpi_grow
</UL>
<BR>[Called By]<UL><LI><a href="#[a6]">&gt;&gt;</a>&nbsp;&nbsp;&nbsp;mbedtls_mpi_gcd
<LI><a href="#[9e]">&gt;&gt;</a>&nbsp;&nbsp;&nbsp;mbedtls_mpi_exp_mod
<LI><a href="#[97]">&gt;&gt;</a>&nbsp;&nbsp;&nbsp;mbedtls_mpi_div_mpi
</UL>

<P><STRONG><a name="[9c]"></a>mbedtls_mpi_shift_r</STRONG> (Thumb, 130 bytes, Stack size 24 bytes, bignum.o(i.mbedtls_mpi_shift_r))
<BR><BR>[Stack]<UL><LI>Max Depth = 92<LI>Call Chain = mbedtls_mpi_shift_r &rArr; mbedtls_mpi_lset &rArr; mbedtls_mpi_grow &rArr; calloc &rArr; malloc
</UL>
<BR>[Calls]<UL><LI><a href="#[99]">&gt;&gt;</a>&nbsp;&nbsp;&nbsp;mbedtls_mpi_lset
</UL>
<BR>[Called By]<UL><LI><a href="#[bb]">&gt;&gt;</a>&nbsp;&nbsp;&nbsp;mbedtls_rsa_deduce_primes
<LI><a href="#[a8]">&gt;&gt;</a>&nbsp;&nbsp;&nbsp;mbedtls_mpi_inv_mod
<LI><a href="#[a6]">&gt;&gt;</a>&nbsp;&nbsp;&nbsp;mbedtls_mpi_gcd
<LI><a href="#[97]">&gt;&gt;</a>&nbsp;&nbsp;&nbsp;mbedtls_mpi_div_mpi
</UL>

<P><STRONG><a name="[b1]"></a>mbedtls_mpi_size</STRONG> (Thumb, 12 bytes, Stack size 8 bytes, bignum.o(i.mbedtls_mpi_size))
<BR><BR>[Stack]<UL><LI>Max Depth = 16<LI>Call Chain = mbedtls_mpi_size &rArr; mbedtls_mpi_bitlen
[...]
</UL>
<BR>[Calls]<UL><LI><a href="#[c7]">&gt;&gt;</a>&nbsp;&nbsp;&nbsp;mbedtls_rsa_public
<LI><a href="#[c5]">&gt;&gt;</a>&nbsp;&nbsp;&nbsp;mbedtls_rsa_private
<LI><a href="#[ac]">&gt;&gt;</a>&nbsp;&nbsp;&nbsp;__aeabi_memcpy
</UL>
<BR>[Called By]<UL><LI><a href="#[c3]">&gt;&gt;</a>&nbsp;&nbsp;&nbsp;mbedtls_rsa_pkcs1_encrypt
</UL>

<P><STRONG><a name="[b8]"></a>mbedtls_rsa_validate_crt</STRONG> (Thumb, 274 bytes, Stack size 80 bytes, rsa_internal.o(i.mbedtls_rsa_validate_crt))
<BR><BR>[Stack]<UL><LI>Max Depth = 372<LI>Call Chain = mbedtls_rsa_validate_crt &rArr; mbedtls_mpi_mod_mpi &rArr; mbedtls_mpi_div_mpi &rArr; mbedtls_mpi_mul_int &rArr; mbedtls_mpi_mul_mpi &rArr; mbedtls_mpi_copy &rArr; mbedtls_mpi_grow &rArr; calloc &rArr; malloc
</UL>
<BR>[Calls]<UL><LI><a href="#[98]">&gt;&gt;</a>&nbsp;&nbsp;&nbsp;mbedtls_mpi_init
<LI><a href="#[95]">&gt;&gt;</a>&nbsp;&nbsp;&nbsp;mbedtls_mpi_free
<LI><a href="#[9b]">&gt;&gt;</a>&nbsp;&nbsp;&nbsp;mbedtls_mpi_sub_mpi
<LI><a href="#[b0]">&gt;&gt;</a>&nbsp;&nbsp;&nbsp;mbedtls_mpi_sub_int
<LI><a href="#[a9]">&gt;&gt;</a>&nbsp;&nbsp;&nbsp;mbedtls_mpi_mul_mpi
<LI><a href="#[9f]">&gt;&gt;</a>&nbsp;&nbsp;&nbsp;mbedtls_mpi_mod_mpi
<LI><a href="#[93]">&gt;&gt;</a>&nbsp;&nbsp;&nbsp;mbedtls_mpi_cmp_int
</UL>
<BR>[Called By]<UL><LI><a href="#[b4]">&gt;&gt;</a>&nbsp;&nbsp;&nbsp;mbedtls_rsa_check_privkey
</UL>

<P><STRONG><a name="[b7]"></a>mbedtls_rsa_validate_params</STRONG> (Thumb, 372 bytes, Stack size 56 bytes, rsa_internal.o(i.mbedtls_rsa_validate_params))
<BR><BR>[Stack]<UL><LI>Max Depth = 348<LI>Call Chain = mbedtls_rsa_validate_params &rArr; mbedtls_mpi_mod_mpi &rArr; mbedtls_mpi_div_mpi &rArr; mbedtls_mpi_mul_int &rArr; mbedtls_mpi_mul_mpi &rArr; mbedtls_mpi_copy &rArr; mbedtls_mpi_grow &rArr; calloc &rArr; malloc
</UL>
<BR>[Calls]<UL><LI><a href="#[98]">&gt;&gt;</a>&nbsp;&nbsp;&nbsp;mbedtls_mpi_init
<LI><a href="#[95]">&gt;&gt;</a>&nbsp;&nbsp;&nbsp;mbedtls_mpi_free
<LI><a href="#[b0]">&gt;&gt;</a>&nbsp;&nbsp;&nbsp;mbedtls_mpi_sub_int
<LI><a href="#[a9]">&gt;&gt;</a>&nbsp;&nbsp;&nbsp;mbedtls_mpi_mul_mpi
<LI><a href="#[9f]">&gt;&gt;</a>&nbsp;&nbsp;&nbsp;mbedtls_mpi_mod_mpi
<LI><a href="#[94]">&gt;&gt;</a>&nbsp;&nbsp;&nbsp;mbedtls_mpi_cmp_mpi
<LI><a href="#[93]">&gt;&gt;</a>&nbsp;&nbsp;&nbsp;mbedtls_mpi_cmp_int
</UL>
<BR>[Called By]<UL><LI><a href="#[b4]">&gt;&gt;</a>&nbsp;&nbsp;&nbsp;mbedtls_rsa_check_privkey
</UL>

<P><STRONG><a name="[ca]"></a>mbedtls_sha256_finish_ret</STRONG> (Thumb, 326 bytes, Stack size 16 bytes, sha256.o(i.mbedtls_sha256_finish_ret))
<BR><BR>[Stack]<UL><LI>Max Depth = 340<LI>Call Chain = mbedtls_sha256_finish_ret &rArr; mbedtls_internal_sha256_process
</UL>
<BR>[Calls]<UL><LI><a href="#[cb]">&gt;&gt;</a>&nbsp;&nbsp;&nbsp;mbedtls_internal_sha256_process
<LI><a href="#[6a]">&gt;&gt;</a>&nbsp;&nbsp;&nbsp;__aeabi_memclr4
<LI><a href="#[4d]">&gt;&gt;</a>&nbsp;&nbsp;&nbsp;__aeabi_memclr
</UL>
<BR>[Called By]<UL><LI><a href="#[d4]">&gt;&gt;</a>&nbsp;&nbsp;&nbsp;run_sha256_test
</UL>

<P><STRONG><a name="[cc]"></a>mbedtls_sha256_free</STRONG> (Thumb, 12 bytes, Stack size 0 bytes, sha256.o(i.mbedtls_sha256_free))
<BR><BR>[Calls]<UL><LI><a href="#[85]">&gt;&gt;</a>&nbsp;&nbsp;&nbsp;mbedtls_platform_zeroize
</UL>
<BR>[Called By]<UL><LI><a href="#[d4]">&gt;&gt;</a>&nbsp;&nbsp;&nbsp;run_sha256_test
</UL>

<P><STRONG><a name="[cd]"></a>mbedtls_sha256_init</STRONG> (Thumb, 6 bytes, Stack size 0 bytes, sha256.o(i.mbedtls_sha256_init))
<BR><BR>[Calls]<UL><LI><a href="#[6a]">&gt;&gt;</a>&nbsp;&nbsp;&nbsp;__aeabi_memclr4
</UL>
<BR>[Called By]<UL><LI><a href="#[d4]">&gt;&gt;</a>&nbsp;&nbsp;&nbsp;run_sha256_test
</UL>

<P><STRONG><a name="[d5]"></a>mbedtls_sha256_starts_ret</STRONG> (Thumb, 78 bytes, Stack size 0 bytes, sha256.o(i.mbedtls_sha256_starts_ret))
<BR><BR>[Called By]<UL><LI><a href="#[d4]">&gt;&gt;</a>&nbsp;&nbsp;&nbsp;run_sha256_test
</UL>

<P><STRONG><a name="[ce]"></a>mbedtls_sha256_update_ret</STRONG> (Thumb, 116 bytes, Stack size 24 bytes, sha256.o(i.mbedtls_sha256_update_ret))
<BR><BR>[Stack]<UL><LI>Max Depth = 348<LI>Call Chain = mbedtls_sha256_update_ret &rArr; mbedtls_internal_sha256_process
</UL>
<BR>[Calls]<UL><LI><a href="#[cb]">&gt;&gt;</a>&nbsp;&nbsp;&nbsp;mbedtls_internal_sha256_process
<LI><a href="#[ac]">&gt;&gt;</a>&nbsp;&nbsp;&nbsp;__aeabi_memcpy
</UL>
<BR>[Called By]<UL><LI><a href="#[d4]">&gt;&gt;</a>&nbsp;&nbsp;&nbsp;run_sha256_test
</UL>
<P>
<H3>
Local Symbols
</H3>
<P><STRONG><a name="[7c]"></a>log_status</STRONG> (Thumb, 20 bytes, Stack size 0 bytes, main.o(i.log_status))
<BR><BR>[Stack]<UL><LI>Max Depth = 24<LI>Call Chain = log_status &rArr; __2printf
</UL>
<BR>[Calls]<UL><LI><a href="#[7d]">&gt;&gt;</a>&nbsp;&nbsp;&nbsp;__2printf
</UL>
<BR>[Called By]<UL><LI><a href="#[80]">&gt;&gt;</a>&nbsp;&nbsp;&nbsp;run_mbedtls_tests
</UL>

<P><STRONG><a name="[d0]"></a>print_hex</STRONG> (Thumb, 42 bytes, Stack size 16 bytes, main.o(i.print_hex))
<BR><BR>[Stack]<UL><LI>Max Depth = 40<LI>Call Chain = print_hex &rArr; __2printf
</UL>
<BR>[Calls]<UL><LI><a href="#[7d]">&gt;&gt;</a>&nbsp;&nbsp;&nbsp;__2printf
</UL>
<BR>[Called By]<UL><LI><a href="#[d4]">&gt;&gt;</a>&nbsp;&nbsp;&nbsp;run_sha256_test
<LI><a href="#[d1]">&gt;&gt;</a>&nbsp;&nbsp;&nbsp;run_aes_test
</UL>

<P><STRONG><a name="[46]"></a>pseudo_entropy_source</STRONG> (Thumb, 32 bytes, Stack size 16 bytes, main.o(i.pseudo_entropy_source))
<BR><BR>[Stack]<UL><LI>Max Depth = 16<LI>Call Chain = pseudo_entropy_source
</UL>
<BR>[Address Reference Count : 1]<UL><LI> main.o(i.run_rsa_test)
</UL>
<P><STRONG><a name="[d1]"></a>run_aes_test</STRONG> (Thumb, 152 bytes, Stack size 376 bytes, main.o(i.run_aes_test))
<BR><BR>[Stack]<UL><LI>Max Depth = 716<LI>Call Chain = run_aes_test &rArr; mbedtls_aes_setkey_dec &rArr; mbedtls_aes_setkey_enc
</UL>
<BR>[Calls]<UL><LI><a href="#[88]">&gt;&gt;</a>&nbsp;&nbsp;&nbsp;mbedtls_aes_setkey_enc
<LI><a href="#[87]">&gt;&gt;</a>&nbsp;&nbsp;&nbsp;mbedtls_aes_setkey_dec
<LI><a href="#[86]">&gt;&gt;</a>&nbsp;&nbsp;&nbsp;mbedtls_aes_init
<LI><a href="#[84]">&gt;&gt;</a>&nbsp;&nbsp;&nbsp;mbedtls_aes_free
<LI><a href="#[81]">&gt;&gt;</a>&nbsp;&nbsp;&nbsp;mbedtls_aes_crypt_ecb
<LI><a href="#[d0]">&gt;&gt;</a>&nbsp;&nbsp;&nbsp;print_hex
<LI><a href="#[d2]">&gt;&gt;</a>&nbsp;&nbsp;&nbsp;memcmp
</UL>
<BR>[Called By]<UL><LI><a href="#[80]">&gt;&gt;</a>&nbsp;&nbsp;&nbsp;run_mbedtls_tests
</UL>

<P><STRONG><a name="[80]"></a>run_mbedtls_tests</STRONG> (Thumb, 54 bytes, Stack size 8 bytes, main.o(i.run_mbedtls_tests))
<BR><BR>[Stack]<UL><LI>Max Depth = 2948<LI>Call Chain = run_mbedtls_tests &rArr; run_rsa_test &rArr; mbedtls_rsa_pkcs1_decrypt &rArr; mbedtls_rsa_rsaes_pkcs1_v15_decrypt &rArr; mbedtls_rsa_private &rArr; rsa_prepare_blinding &rArr; mbedtls_mpi_exp_mod &rArr; mbedtls_mpi_mod_mpi &rArr; mbedtls_mpi_div_mpi &rArr; mbedtls_mpi_mul_int &rArr; mbedtls_mpi_mul_mpi &rArr; mbedtls_mpi_copy &rArr; mbedtls_mpi_grow &rArr; calloc &rArr; malloc
</UL>
<BR>[Calls]<UL><LI><a href="#[d4]">&gt;&gt;</a>&nbsp;&nbsp;&nbsp;run_sha256_test
<LI><a href="#[d3]">&gt;&gt;</a>&nbsp;&nbsp;&nbsp;run_rsa_test
<LI><a href="#[d1]">&gt;&gt;</a>&nbsp;&nbsp;&nbsp;run_aes_test
<LI><a href="#[7c]">&gt;&gt;</a>&nbsp;&nbsp;&nbsp;log_status
<LI><a href="#[7d]">&gt;&gt;</a>&nbsp;&nbsp;&nbsp;__2printf
</UL>
<BR>[Called By]<UL><LI><a href="#[42]">&gt;&gt;</a>&nbsp;&nbsp;&nbsp;main
</UL>

<P><STRONG><a name="[d3]"></a>run_rsa_test</STRONG> (Thumb, 442 bytes, Stack size 400 bytes, main.o(i.run_rsa_test))
<BR><BR>[Stack]<UL><LI>Max Depth = 2940<LI>Call Chain = run_rsa_test &rArr; mbedtls_rsa_pkcs1_decrypt &rArr; mbedtls_rsa_rsaes_pkcs1_v15_decrypt &rArr; mbedtls_rsa_private &rArr; rsa_prepare_blinding &rArr; mbedtls_mpi_exp_mod &rArr; mbedtls_mpi_mod_mpi &rArr; mbedtls_mpi_div_mpi &rArr; mbedtls_mpi_mul_int &rArr; mbedtls_mpi_mul_mpi &rArr; mbedtls_mpi_copy &rArr; mbedtls_mpi_grow &rArr; calloc &rArr; malloc
</UL>
<BR>[Calls]<UL><LI><a href="#[c3]">&gt;&gt;</a>&nbsp;&nbsp;&nbsp;mbedtls_rsa_pkcs1_encrypt
<LI><a href="#[c1]">&gt;&gt;</a>&nbsp;&nbsp;&nbsp;mbedtls_rsa_pkcs1_decrypt
<LI><a href="#[c0]">&gt;&gt;</a>&nbsp;&nbsp;&nbsp;mbedtls_rsa_init
<LI><a href="#[bf]">&gt;&gt;</a>&nbsp;&nbsp;&nbsp;mbedtls_rsa_import
<LI><a href="#[be]">&gt;&gt;</a>&nbsp;&nbsp;&nbsp;mbedtls_rsa_free
<LI><a href="#[ba]">&gt;&gt;</a>&nbsp;&nbsp;&nbsp;mbedtls_rsa_complete
<LI><a href="#[b5]">&gt;&gt;</a>&nbsp;&nbsp;&nbsp;mbedtls_rsa_check_pubkey
<LI><a href="#[b4]">&gt;&gt;</a>&nbsp;&nbsp;&nbsp;mbedtls_rsa_check_privkey
<LI><a href="#[ad]">&gt;&gt;</a>&nbsp;&nbsp;&nbsp;mbedtls_mpi_read_string
<LI><a href="#[98]">&gt;&gt;</a>&nbsp;&nbsp;&nbsp;mbedtls_mpi_init
<LI><a href="#[95]">&gt;&gt;</a>&nbsp;&nbsp;&nbsp;mbedtls_mpi_free
<LI><a href="#[7d]">&gt;&gt;</a>&nbsp;&nbsp;&nbsp;__2printf
<LI><a href="#[d2]">&gt;&gt;</a>&nbsp;&nbsp;&nbsp;memcmp
<LI><a href="#[96]">&gt;&gt;</a>&nbsp;&nbsp;&nbsp;__aeabi_memcpy4
</UL>
<BR>[Called By]<UL><LI><a href="#[80]">&gt;&gt;</a>&nbsp;&nbsp;&nbsp;run_mbedtls_tests
</UL>

<P><STRONG><a name="[d4]"></a>run_sha256_test</STRONG> (Thumb, 106 bytes, Stack size 200 bytes, main.o(i.run_sha256_test))
<BR><BR>[Stack]<UL><LI>Max Depth = 548<LI>Call Chain = run_sha256_test &rArr; mbedtls_sha256_update_ret &rArr; mbedtls_internal_sha256_process
</UL>
<BR>[Calls]<UL><LI><a href="#[ce]">&gt;&gt;</a>&nbsp;&nbsp;&nbsp;mbedtls_sha256_update_ret
<LI><a href="#[d5]">&gt;&gt;</a>&nbsp;&nbsp;&nbsp;mbedtls_sha256_starts_ret
<LI><a href="#[cd]">&gt;&gt;</a>&nbsp;&nbsp;&nbsp;mbedtls_sha256_init
<LI><a href="#[cc]">&gt;&gt;</a>&nbsp;&nbsp;&nbsp;mbedtls_sha256_free
<LI><a href="#[ca]">&gt;&gt;</a>&nbsp;&nbsp;&nbsp;mbedtls_sha256_finish_ret
<LI><a href="#[d0]">&gt;&gt;</a>&nbsp;&nbsp;&nbsp;print_hex
<LI><a href="#[d2]">&gt;&gt;</a>&nbsp;&nbsp;&nbsp;memcmp
<LI><a href="#[96]">&gt;&gt;</a>&nbsp;&nbsp;&nbsp;__aeabi_memcpy4
</UL>
<BR>[Called By]<UL><LI><a href="#[80]">&gt;&gt;</a>&nbsp;&nbsp;&nbsp;run_mbedtls_tests
</UL>

<P><STRONG><a name="[63]"></a>__NVIC_SetPriority</STRONG> (Thumb, 32 bytes, Stack size 0 bytes, stm32f4xx_hal_cortex.o(i.__NVIC_SetPriority))
<BR><BR>[Called By]<UL><LI><a href="#[61]">&gt;&gt;</a>&nbsp;&nbsp;&nbsp;HAL_SYSTICK_Config
<LI><a href="#[62]">&gt;&gt;</a>&nbsp;&nbsp;&nbsp;HAL_NVIC_SetPriority
</UL>

<P><STRONG><a name="[72]"></a>UART_EndRxTransfer</STRONG> (Thumb, 78 bytes, Stack size 0 bytes, stm32f4xx_hal_uart.o(i.UART_EndRxTransfer))
<BR><BR>[Calls]<UL><LI><a href="#[72]">&gt;&gt;</a>&nbsp;&nbsp;&nbsp;UART_EndRxTransfer
</UL>
<BR>[Called By]<UL><LI><a href="#[6d]">&gt;&gt;</a>&nbsp;&nbsp;&nbsp;UART_WaitOnFlagUntilTimeout
<LI><a href="#[72]">&gt;&gt;</a>&nbsp;&nbsp;&nbsp;UART_EndRxTransfer
</UL>

<P><STRONG><a name="[69]"></a>UART_SetConfig</STRONG> (Thumb, 258 bytes, Stack size 16 bytes, stm32f4xx_hal_uart.o(i.UART_SetConfig))
<BR><BR>[Stack]<UL><LI>Max Depth = 56<LI>Call Chain = UART_SetConfig &rArr; __aeabi_uldivmod
</UL>
<BR>[Calls]<UL><LI><a href="#[73]">&gt;&gt;</a>&nbsp;&nbsp;&nbsp;HAL_RCC_GetPCLK2Freq
<LI><a href="#[74]">&gt;&gt;</a>&nbsp;&nbsp;&nbsp;HAL_RCC_GetPCLK1Freq
<LI><a href="#[4a]">&gt;&gt;</a>&nbsp;&nbsp;&nbsp;__aeabi_uldivmod
</UL>
<BR>[Called By]<UL><LI><a href="#[67]">&gt;&gt;</a>&nbsp;&nbsp;&nbsp;HAL_UART_Init
</UL>

<P><STRONG><a name="[6d]"></a>UART_WaitOnFlagUntilTimeout</STRONG> (Thumb, 114 bytes, Stack size 32 bytes, stm32f4xx_hal_uart.o(i.UART_WaitOnFlagUntilTimeout))
<BR><BR>[Stack]<UL><LI>Max Depth = 32<LI>Call Chain = UART_WaitOnFlagUntilTimeout
</UL>
<BR>[Calls]<UL><LI><a href="#[5c]">&gt;&gt;</a>&nbsp;&nbsp;&nbsp;HAL_GetTick
<LI><a href="#[72]">&gt;&gt;</a>&nbsp;&nbsp;&nbsp;UART_EndRxTransfer
</UL>
<BR>[Called By]<UL><LI><a href="#[6c]">&gt;&gt;</a>&nbsp;&nbsp;&nbsp;HAL_UART_Transmit
</UL>

<P><STRONG><a name="[c8]"></a>if_int</STRONG> (Thumb, 16 bytes, Stack size 0 bytes, rsa.o(i.if_int))
<BR><BR>[Called By]<UL><LI><a href="#[c2]">&gt;&gt;</a>&nbsp;&nbsp;&nbsp;mbedtls_rsa_rsaes_pkcs1_v15_decrypt
</UL>

<P><STRONG><a name="[c9]"></a>mbedtls_zeroize</STRONG> (Thumb, 14 bytes, Stack size 0 bytes, rsa.o(i.mbedtls_zeroize))
<BR><BR>[Called By]<UL><LI><a href="#[c2]">&gt;&gt;</a>&nbsp;&nbsp;&nbsp;mbedtls_rsa_rsaes_pkcs1_v15_decrypt
</UL>

<P><STRONG><a name="[b6]"></a>rsa_check_context</STRONG> (Thumb, 176 bytes, Stack size 24 bytes, rsa.o(i.rsa_check_context))
<BR><BR>[Stack]<UL><LI>Max Depth = 60<LI>Call Chain = rsa_check_context &rArr; mbedtls_mpi_cmp_int &rArr; mbedtls_mpi_cmp_mpi
</UL>
<BR>[Calls]<UL><LI><a href="#[b1]">&gt;&gt;</a>&nbsp;&nbsp;&nbsp;mbedtls_mpi_size
<LI><a href="#[b9]">&gt;&gt;</a>&nbsp;&nbsp;&nbsp;mbedtls_mpi_get_bit
<LI><a href="#[93]">&gt;&gt;</a>&nbsp;&nbsp;&nbsp;mbedtls_mpi_cmp_int
</UL>
<BR>[Called By]<UL><LI><a href="#[ba]">&gt;&gt;</a>&nbsp;&nbsp;&nbsp;mbedtls_rsa_complete
<LI><a href="#[b5]">&gt;&gt;</a>&nbsp;&nbsp;&nbsp;mbedtls_rsa_check_pubkey
<LI><a href="#[b4]">&gt;&gt;</a>&nbsp;&nbsp;&nbsp;mbedtls_rsa_check_privkey
<LI><a href="#[c7]">&gt;&gt;</a>&nbsp;&nbsp;&nbsp;mbedtls_rsa_public
<LI><a href="#[c5]">&gt;&gt;</a>&nbsp;&nbsp;&nbsp;mbedtls_rsa_private
</UL>

<P><STRONG><a name="[c6]"></a>rsa_prepare_blinding</STRONG> (Thumb, 180 bytes, Stack size 40 bytes, rsa.o(i.rsa_prepare_blinding))
<BR><BR>[Stack]<UL><LI>Max Depth = 2004<LI>Call Chain = rsa_prepare_blinding &rArr; mbedtls_mpi_exp_mod &rArr; mbedtls_mpi_mod_mpi &rArr; mbedtls_mpi_div_mpi &rArr; mbedtls_mpi_mul_int &rArr; mbedtls_mpi_mul_mpi &rArr; mbedtls_mpi_copy &rArr; mbedtls_mpi_grow &rArr; calloc &rArr; malloc
</UL>
<BR>[Calls]<UL><LI><a href="#[a9]">&gt;&gt;</a>&nbsp;&nbsp;&nbsp;mbedtls_mpi_mul_mpi
<LI><a href="#[9f]">&gt;&gt;</a>&nbsp;&nbsp;&nbsp;mbedtls_mpi_mod_mpi
<LI><a href="#[a8]">&gt;&gt;</a>&nbsp;&nbsp;&nbsp;mbedtls_mpi_inv_mod
<LI><a href="#[a6]">&gt;&gt;</a>&nbsp;&nbsp;&nbsp;mbedtls_mpi_gcd
<LI><a href="#[a2]">&gt;&gt;</a>&nbsp;&nbsp;&nbsp;mbedtls_mpi_fill_random
<LI><a href="#[9e]">&gt;&gt;</a>&nbsp;&nbsp;&nbsp;mbedtls_mpi_exp_mod
<LI><a href="#[93]">&gt;&gt;</a>&nbsp;&nbsp;&nbsp;mbedtls_mpi_cmp_int
</UL>
<BR>[Called By]<UL><LI><a href="#[c5]">&gt;&gt;</a>&nbsp;&nbsp;&nbsp;mbedtls_rsa_private
</UL>

<P><STRONG><a name="[8a]"></a>mbedtls_clz</STRONG> (Thumb, 22 bytes, Stack size 0 bytes, bignum.o(i.mbedtls_clz))
<BR><BR>[Called By]<UL><LI><a href="#[92]">&gt;&gt;</a>&nbsp;&nbsp;&nbsp;mbedtls_mpi_bitlen
<LI><a href="#[89]">&gt;&gt;</a>&nbsp;&nbsp;&nbsp;mbedtls_int_div_int
</UL>

<P><STRONG><a name="[89]"></a>mbedtls_int_div_int</STRONG> (Thumb, 180 bytes, Stack size 40 bytes, bignum.o(i.mbedtls_int_div_int))
<BR><BR>[Stack]<UL><LI>Max Depth = 40<LI>Call Chain = mbedtls_int_div_int
</UL>
<BR>[Calls]<UL><LI><a href="#[8a]">&gt;&gt;</a>&nbsp;&nbsp;&nbsp;mbedtls_clz
</UL>
<BR>[Called By]<UL><LI><a href="#[97]">&gt;&gt;</a>&nbsp;&nbsp;&nbsp;mbedtls_mpi_div_mpi
</UL>

<P><STRONG><a name="[a4]"></a>mbedtls_mpi_zeroize</STRONG> (Thumb, 6 bytes, Stack size 0 bytes, bignum.o(i.mbedtls_mpi_zeroize))
<BR><BR>[Calls]<UL><LI><a href="#[85]">&gt;&gt;</a>&nbsp;&nbsp;&nbsp;mbedtls_platform_zeroize
</UL>
<BR>[Called By]<UL><LI><a href="#[95]">&gt;&gt;</a>&nbsp;&nbsp;&nbsp;mbedtls_mpi_free
<LI><a href="#[8d]">&gt;&gt;</a>&nbsp;&nbsp;&nbsp;mbedtls_mpi_grow
</UL>

<P><STRONG><a name="[a3]"></a>mpi_bigendian_to_host</STRONG> (Thumb, 42 bytes, Stack size 16 bytes, bignum.o(i.mpi_bigendian_to_host))
<BR><BR>[Stack]<UL><LI>Max Depth = 24<LI>Call Chain = mpi_bigendian_to_host &rArr; mpi_uint_bigendian_to_host
</UL>
<BR>[Calls]<UL><LI><a href="#[cf]">&gt;&gt;</a>&nbsp;&nbsp;&nbsp;mpi_uint_bigendian_to_host
</UL>
<BR>[Called By]<UL><LI><a href="#[ab]">&gt;&gt;</a>&nbsp;&nbsp;&nbsp;mbedtls_mpi_read_binary
<LI><a href="#[a2]">&gt;&gt;</a>&nbsp;&nbsp;&nbsp;mbedtls_mpi_fill_random
</UL>

<P><STRONG><a name="[af]"></a>mpi_get_digit</STRONG> (Thumb, 54 bytes, Stack size 0 bytes, bignum.o(i.mpi_get_digit))
<BR><BR>[Called By]<UL><LI><a href="#[ad]">&gt;&gt;</a>&nbsp;&nbsp;&nbsp;mbedtls_mpi_read_string
</UL>

<P><STRONG><a name="[a0]"></a>mpi_montmul</STRONG> (Thumb, 190 bytes, Stack size 64 bytes, bignum.o(i.mpi_montmul))
<BR><BR>[Stack]<UL><LI>Max Depth = 100<LI>Call Chain = mpi_montmul &rArr; mpi_mul_hlp
</UL>
<BR>[Calls]<UL><LI><a href="#[90]">&gt;&gt;</a>&nbsp;&nbsp;&nbsp;mbedtls_mpi_cmp_abs
<LI><a href="#[b2]">&gt;&gt;</a>&nbsp;&nbsp;&nbsp;mpi_sub_hlp
<LI><a href="#[aa]">&gt;&gt;</a>&nbsp;&nbsp;&nbsp;mpi_mul_hlp
<LI><a href="#[6a]">&gt;&gt;</a>&nbsp;&nbsp;&nbsp;__aeabi_memclr4
<LI><a href="#[96]">&gt;&gt;</a>&nbsp;&nbsp;&nbsp;__aeabi_memcpy4
</UL>
<BR>[Called By]<UL><LI><a href="#[9e]">&gt;&gt;</a>&nbsp;&nbsp;&nbsp;mbedtls_mpi_exp_mod
<LI><a href="#[a1]">&gt;&gt;</a>&nbsp;&nbsp;&nbsp;mpi_montred
</UL>

<P><STRONG><a name="[a1]"></a>mpi_montred</STRONG> (Thumb, 32 bytes, Stack size 32 bytes, bignum.o(i.mpi_montred))
<BR><BR>[Stack]<UL><LI>Max Depth = 132<LI>Call Chain = mpi_montred &rArr; mpi_montmul &rArr; mpi_mul_hlp
</UL>
<BR>[Calls]<UL><LI><a href="#[a0]">&gt;&gt;</a>&nbsp;&nbsp;&nbsp;mpi_montmul
</UL>
<BR>[Called By]<UL><LI><a href="#[9e]">&gt;&gt;</a>&nbsp;&nbsp;&nbsp;mbedtls_mpi_exp_mod
</UL>

<P><STRONG><a name="[aa]"></a>mpi_mul_hlp</STRONG> (Thumb, 2724 bytes, Stack size 36 bytes, bignum.o(i.mpi_mul_hlp))
<BR><BR>[Stack]<UL><LI>Max Depth = 36<LI>Call Chain = mpi_mul_hlp
</UL>
<BR>[Called By]<UL><LI><a href="#[a9]">&gt;&gt;</a>&nbsp;&nbsp;&nbsp;mbedtls_mpi_mul_mpi
<LI><a href="#[a0]">&gt;&gt;</a>&nbsp;&nbsp;&nbsp;mpi_montmul
</UL>

<P><STRONG><a name="[b2]"></a>mpi_sub_hlp</STRONG> (Thumb, 76 bytes, Stack size 20 bytes, bignum.o(i.mpi_sub_hlp))
<BR><BR>[Stack]<UL><LI>Max Depth = 20<LI>Call Chain = mpi_sub_hlp
</UL>
<BR>[Called By]<UL><LI><a href="#[91]">&gt;&gt;</a>&nbsp;&nbsp;&nbsp;mbedtls_mpi_sub_abs
<LI><a href="#[a0]">&gt;&gt;</a>&nbsp;&nbsp;&nbsp;mpi_montmul
</UL>

<P><STRONG><a name="[cf]"></a>mpi_uint_bigendian_to_host</STRONG> (Thumb, 32 bytes, Stack size 8 bytes, bignum.o(i.mpi_uint_bigendian_to_host))
<BR><BR>[Stack]<UL><LI>Max Depth = 8<LI>Call Chain = mpi_uint_bigendian_to_host
</UL>
<BR>[Called By]<UL><LI><a href="#[a3]">&gt;&gt;</a>&nbsp;&nbsp;&nbsp;mpi_bigendian_to_host
</UL>

<P><STRONG><a name="[77]"></a>_fp_digits</STRONG> (Thumb, 366 bytes, Stack size 64 bytes, printfa.o(i._fp_digits), UNUSED)
<BR><BR>[Calls]<UL><LI><a href="#[57]">&gt;&gt;</a>&nbsp;&nbsp;&nbsp;__aeabi_dmul
<LI><a href="#[58]">&gt;&gt;</a>&nbsp;&nbsp;&nbsp;__aeabi_ddiv
<LI><a href="#[51]">&gt;&gt;</a>&nbsp;&nbsp;&nbsp;__aeabi_dadd
<LI><a href="#[59]">&gt;&gt;</a>&nbsp;&nbsp;&nbsp;__aeabi_d2ulz
<LI><a href="#[78]">&gt;&gt;</a>&nbsp;&nbsp;&nbsp;__aeabi_cdrcmple
<LI><a href="#[4a]">&gt;&gt;</a>&nbsp;&nbsp;&nbsp;__aeabi_uldivmod
</UL>
<BR>[Called By]<UL><LI><a href="#[76]">&gt;&gt;</a>&nbsp;&nbsp;&nbsp;_printf_core
</UL>

<P><STRONG><a name="[76]"></a>_printf_core</STRONG> (Thumb, 1704 bytes, Stack size 136 bytes, printfa.o(i._printf_core), UNUSED)
<BR><BR>[Calls]<UL><LI><a href="#[79]">&gt;&gt;</a>&nbsp;&nbsp;&nbsp;_printf_pre_padding
<LI><a href="#[7a]">&gt;&gt;</a>&nbsp;&nbsp;&nbsp;_printf_post_padding
<LI><a href="#[77]">&gt;&gt;</a>&nbsp;&nbsp;&nbsp;_fp_digits
<LI><a href="#[4a]">&gt;&gt;</a>&nbsp;&nbsp;&nbsp;__aeabi_uldivmod
<LI><a href="#[7b]">&gt;&gt;</a>&nbsp;&nbsp;&nbsp;__aeabi_uidivmod
</UL>
<BR>[Called By]<UL><LI><a href="#[75]">&gt;&gt;</a>&nbsp;&nbsp;&nbsp;__0printf
</UL>

<P><STRONG><a name="[7a]"></a>_printf_post_padding</STRONG> (Thumb, 36 bytes, Stack size 24 bytes, printfa.o(i._printf_post_padding), UNUSED)
<BR><BR>[Called By]<UL><LI><a href="#[76]">&gt;&gt;</a>&nbsp;&nbsp;&nbsp;_printf_core
</UL>

<P><STRONG><a name="[79]"></a>_printf_pre_padding</STRONG> (Thumb, 46 bytes, Stack size 24 bytes, printfa.o(i._printf_pre_padding), UNUSED)
<BR><BR>[Called By]<UL><LI><a href="#[76]">&gt;&gt;</a>&nbsp;&nbsp;&nbsp;_printf_core
</UL>
<P>
<H3>
Undefined Global Symbols
</H3><HR></body></html>
