<html>
<body>
<pre>
<h1>µVision Build Log</h1>
<h2>Tool Versions:</h2>
IDE-Version: ¦ÌVision V5.41.0.0
Copyright (C) 2024 ARM Ltd and ARM Germany GmbH. All rights reserved.
License Information: 1 1, 1, LIC=YA39H-WMC3A-HLLCL-095KD-Y9SMV-RJG1B
 
Tool Versions:
Toolchain:       MDK-ARM Plus  Version: 5.41.0.0
Toolchain Path:  G:\software_work\keil5.32\ARM\ARMCC\Bin
C Compiler:      Armcc.exe V5.06 update 7 (build 960)
Assembler:       Armasm.exe V5.06 update 7 (build 960)
Linker/Locator:  ArmLink.exe V5.06 update 7 (build 960)
Library Manager: ArmAr.exe V5.06 update 7 (build 960)
Hex Converter:   FromElf.exe V5.06 update 7 (build 960)
CPU DLL:         SARMCM3.DLL V5.41.0.0
Dialog DLL:      DCM.DLL V1.17.5.0
Target DLL:      STLink\ST-LINKIII-KEIL_SWO.dll V3.3.0.0
Dialog DLL:      TCM.DLL V1.56.4.0
 
<h2>Project:</h2>
G:\desktop\rocketpi_stm32f401RE\rocketpi_src\rocketpi_demo\05_rocketpi_smart_home\MDK-ARM\05_rocketpi_smart_home.uvprojx
Project File Date:  12/30/2025

<h2>Output:</h2>
*** Using Compiler 'V5.06 update 7 (build 960)', folder: 'G:\software_work\keil5.32\ARM\ARMCC\Bin'
Build target '05_rocketpi_smart_home'
assembling startup_stm32f401xe.s...
compiling dma.c...
compiling stm32f4xx_hal_flash.c...
compiling tim.c...
compiling stm32f4xx_hal_msp.c...
compiling main.c...
compiling stm32f4xx_it.c...
compiling gpio.c...
compiling spi.c...
compiling stm32f4xx_hal_rcc_ex.c...
compiling stm32f4xx_hal_rcc.c...
compiling stm32f4xx_hal_i2c_ex.c...
compiling usart.c...
compiling i2c.c...
compiling stm32f4xx_hal_flash_ex.c...
compiling stm32f4xx_hal_i2c.c...
compiling driver_esp8266_at.c...
..\bsp\esp8266_at\driver_esp8266_at.c(1413): warning:  #177-D: function "esp8266_at_queue_restore"  was declared but never referenced
  static void esp8266_at_queue_restore(esp8266_at_core_t *ctx,
..\bsp\esp8266_at\driver_esp8266_at.c(1435): warning:  #177-D: function "esp8266_at_event_type_name"  was declared but never referenced
  static const char *esp8266_at_event_type_name(esp8266_at_event_type_t type)
..\bsp\esp8266_at\driver_esp8266_at.c: 2 warnings, 0 errors
compiling stm32f4xx_hal_gpio.c...
compiling stm32f4xx_hal_cortex.c...
compiling stm32f4xx_hal_flash_ramfunc.c...
compiling stm32f4xx_hal_exti.c...
compiling stm32f4xx_hal.c...
compiling stm32f4xx_hal_pwr.c...
compiling stm32f4xx_hal_dma.c...
compiling stm32f4xx_hal_pwr_ex.c...
compiling stm32f4xx_hal_dma_ex.c...
compiling system_stm32f4xx.c...
compiling stm32f4xx_hal_tim_ex.c...
compiling stm32f4xx_hal_spi.c...
compiling stm32f4xx_hal_uart.c...
compiling driver_esp8266_at_interface.c...
compiling stm32f4xx_hal_tim.c...
compiling cJSON.c...
compiling driver_motor_l9110_test.c...
compiling driver_esp8266_at_test.c...
compiling driver_aht30_test.c...
compiling driver_motor_l9110.c...
compiling driver_aht30.c...
compiling st7789.c...
compiling driver_buzzer_test.c...
compiling app.c...
..\app\app.c(200): warning:  #177-D: function "app_set_led"  was declared but never referenced
  static void app_set_led(bool on)
..\app\app.c: 1 warning, 0 errors
linking...
Program Size: Code=44608 RO-data=3320 RW-data=4616 ZI-data=53160  
FromELF: creating hex file...
"05_rocketpi_smart_home\05_rocketpi_smart_home.axf" - 0 Error(s), 3 Warning(s).

<h2>Software Packages used:</h2>

Package Vendor: ARM
                https://www.keil.com/pack/ARM.CMSIS.6.2.0.pack
                ARM::CMSIS@6.2.0
                CMSIS (Common Microcontroller Software Interface Standard)
   * Component: CORE Version: 6.1.1

Package Vendor: Keil
                https://www.keil.com/pack/Keil.STM32F4xx_DFP.3.1.0.pack
                Keil::STM32F4xx_DFP@3.1.0
                STMicroelectronics STM32F4 Series Device Support

<h2>Collection of Component include folders:</h2>
  ./RTE/_05_rocketpi_smart_home
  G:/software_work/keil5.32/Packs/ARM/CMSIS/6.2.0/CMSIS/Core/Include

<h2>Collection of Component Files used:</h2>

   * Component: ARM::CMSIS:CORE@6.1.1
      Include file:  CMSIS/Core/Include/tz_context.h
Build Time Elapsed:  00:00:07
</pre>
</body>
</html>
